Archive member included to satisfy reference by file (symbol)

C:/ST/STM32CubeCLT_1.16.0/GNU-tools-for-STM32/bin/../lib/gcc/arm-none-eabi/12.3.1/../../../../arm-none-eabi/lib/thumb/v7e-m+fp/hard\libc_nano.a(libc_a-exit.o)
                              C:/ST/STM32CubeCLT_1.16.0/GNU-tools-for-STM32/bin/../lib/gcc/arm-none-eabi/12.3.1/../../../../arm-none-eabi/lib/thumb/v7e-m+fp/hard/crt0.o (exit)
C:/ST/STM32CubeCLT_1.16.0/GNU-tools-for-STM32/bin/../lib/gcc/arm-none-eabi/12.3.1/../../../../arm-none-eabi/lib/thumb/v7e-m+fp/hard\libc_nano.a(libc_a-findfp.o)
                              C:/ST/STM32CubeCLT_1.16.0/GNU-tools-for-STM32/bin/../lib/gcc/arm-none-eabi/12.3.1/../../../../arm-none-eabi/lib/thumb/v7e-m+fp/hard\libc_nano.a(libc_a-exit.o) (__stdio_exit_handler)
C:/ST/STM32CubeCLT_1.16.0/GNU-tools-for-STM32/bin/../lib/gcc/arm-none-eabi/12.3.1/../../../../arm-none-eabi/lib/thumb/v7e-m+fp/hard\libc_nano.a(libc_a-fwalk.o)
                              C:/ST/STM32CubeCLT_1.16.0/GNU-tools-for-STM32/bin/../lib/gcc/arm-none-eabi/12.3.1/../../../../arm-none-eabi/lib/thumb/v7e-m+fp/hard\libc_nano.a(libc_a-findfp.o) (_fwalk_sglue)
C:/ST/STM32CubeCLT_1.16.0/GNU-tools-for-STM32/bin/../lib/gcc/arm-none-eabi/12.3.1/../../../../arm-none-eabi/lib/thumb/v7e-m+fp/hard\libc_nano.a(libc_a-stdio.o)
                              C:/ST/STM32CubeCLT_1.16.0/GNU-tools-for-STM32/bin/../lib/gcc/arm-none-eabi/12.3.1/../../../../arm-none-eabi/lib/thumb/v7e-m+fp/hard\libc_nano.a(libc_a-findfp.o) (__sread)
C:/ST/STM32CubeCLT_1.16.0/GNU-tools-for-STM32/bin/../lib/gcc/arm-none-eabi/12.3.1/../../../../arm-none-eabi/lib/thumb/v7e-m+fp/hard\libc_nano.a(libc_a-memset.o)
                              C:/ST/STM32CubeCLT_1.16.0/GNU-tools-for-STM32/bin/../lib/gcc/arm-none-eabi/12.3.1/../../../../arm-none-eabi/lib/thumb/v7e-m+fp/hard/crt0.o (memset)
C:/ST/STM32CubeCLT_1.16.0/GNU-tools-for-STM32/bin/../lib/gcc/arm-none-eabi/12.3.1/../../../../arm-none-eabi/lib/thumb/v7e-m+fp/hard\libc_nano.a(libc_a-closer.o)
                              C:/ST/STM32CubeCLT_1.16.0/GNU-tools-for-STM32/bin/../lib/gcc/arm-none-eabi/12.3.1/../../../../arm-none-eabi/lib/thumb/v7e-m+fp/hard\libc_nano.a(libc_a-stdio.o) (_close_r)
C:/ST/STM32CubeCLT_1.16.0/GNU-tools-for-STM32/bin/../lib/gcc/arm-none-eabi/12.3.1/../../../../arm-none-eabi/lib/thumb/v7e-m+fp/hard\libc_nano.a(libc_a-reent.o)
                              C:/ST/STM32CubeCLT_1.16.0/GNU-tools-for-STM32/bin/../lib/gcc/arm-none-eabi/12.3.1/../../../../arm-none-eabi/lib/thumb/v7e-m+fp/hard\libc_nano.a(libc_a-closer.o) (errno)
C:/ST/STM32CubeCLT_1.16.0/GNU-tools-for-STM32/bin/../lib/gcc/arm-none-eabi/12.3.1/../../../../arm-none-eabi/lib/thumb/v7e-m+fp/hard\libc_nano.a(libc_a-impure.o)
                              C:/ST/STM32CubeCLT_1.16.0/GNU-tools-for-STM32/bin/../lib/gcc/arm-none-eabi/12.3.1/../../../../arm-none-eabi/lib/thumb/v7e-m+fp/hard\libc_nano.a(libc_a-reent.o) (_impure_ptr)
C:/ST/STM32CubeCLT_1.16.0/GNU-tools-for-STM32/bin/../lib/gcc/arm-none-eabi/12.3.1/../../../../arm-none-eabi/lib/thumb/v7e-m+fp/hard\libc_nano.a(libc_a-lseekr.o)
                              C:/ST/STM32CubeCLT_1.16.0/GNU-tools-for-STM32/bin/../lib/gcc/arm-none-eabi/12.3.1/../../../../arm-none-eabi/lib/thumb/v7e-m+fp/hard\libc_nano.a(libc_a-stdio.o) (_lseek_r)
C:/ST/STM32CubeCLT_1.16.0/GNU-tools-for-STM32/bin/../lib/gcc/arm-none-eabi/12.3.1/../../../../arm-none-eabi/lib/thumb/v7e-m+fp/hard\libc_nano.a(libc_a-readr.o)
                              C:/ST/STM32CubeCLT_1.16.0/GNU-tools-for-STM32/bin/../lib/gcc/arm-none-eabi/12.3.1/../../../../arm-none-eabi/lib/thumb/v7e-m+fp/hard\libc_nano.a(libc_a-stdio.o) (_read_r)
C:/ST/STM32CubeCLT_1.16.0/GNU-tools-for-STM32/bin/../lib/gcc/arm-none-eabi/12.3.1/../../../../arm-none-eabi/lib/thumb/v7e-m+fp/hard\libc_nano.a(libc_a-writer.o)
                              C:/ST/STM32CubeCLT_1.16.0/GNU-tools-for-STM32/bin/../lib/gcc/arm-none-eabi/12.3.1/../../../../arm-none-eabi/lib/thumb/v7e-m+fp/hard\libc_nano.a(libc_a-stdio.o) (_write_r)
C:/ST/STM32CubeCLT_1.16.0/GNU-tools-for-STM32/bin/../lib/gcc/arm-none-eabi/12.3.1/../../../../arm-none-eabi/lib/thumb/v7e-m+fp/hard\libc_nano.a(libc_a-errno.o)
                              build/syscalls.o (__errno)
C:/ST/STM32CubeCLT_1.16.0/GNU-tools-for-STM32/bin/../lib/gcc/arm-none-eabi/12.3.1/../../../../arm-none-eabi/lib/thumb/v7e-m+fp/hard\libc_nano.a(libc_a-init.o)
                              C:/ST/STM32CubeCLT_1.16.0/GNU-tools-for-STM32/bin/../lib/gcc/arm-none-eabi/12.3.1/../../../../arm-none-eabi/lib/thumb/v7e-m+fp/hard/crt0.o (__libc_init_array)
C:/ST/STM32CubeCLT_1.16.0/GNU-tools-for-STM32/bin/../lib/gcc/arm-none-eabi/12.3.1/../../../../arm-none-eabi/lib/thumb/v7e-m+fp/hard\libc_nano.a(libc_a-lock.o)
                              C:/ST/STM32CubeCLT_1.16.0/GNU-tools-for-STM32/bin/../lib/gcc/arm-none-eabi/12.3.1/../../../../arm-none-eabi/lib/thumb/v7e-m+fp/hard\libc_nano.a(libc_a-findfp.o) (__retarget_lock_init_recursive)
[...]
Memory Configuration

Name             Origin             Length             Attributes
RAM              0x20000000         0x00020000         xrw
CCMRAM           0x10000000         0x00010000         xrw
FLASH            0x08000000         0x00100000         xr
*default*        0x00000000         0xffffffff

Linker script and memory map

LOAD C:/ST/STM32CubeCLT_1.16.0/GNU-tools-for-STM32/bin/../lib/gcc/arm-none-eabi/12.3.1/thumb/v7e-m+fp/hard/crti.o
LOAD C:/ST/STM32CubeCLT_1.16.0/GNU-tools-for-STM32/bin/../lib/gcc/arm-none-eabi/12.3.1/thumb/v7e-m+fp/hard/crtbegin.o
LOAD C:/ST/STM32CubeCLT_1.16.0/GNU-tools-for-STM32/bin/../lib/gcc/arm-none-eabi/12.3.1/../../../../arm-none-eabi/lib/thumb/v7e-m+fp/hard/crt0.o
LOAD build/main.o
LOAD build/printf.o
LOAD build/stm32f4xx_hal_msp.o
LOAD build/stm32f4xx_it.o
LOAD build/syscalls.o
LOAD build/sysmem.o
LOAD build/system_stm32f4xx.o
LOAD build/Controller.o
LOAD build/encoder.o
LOAD build/SysConfig.o
LOAD build/usart.o
LOAD build/Computer.o
LOAD build/Motor.o
LOAD build/State_Estimator.o
LOAD build/stm32f4xx_hal.o
LOAD build/stm32f4xx_hal_cortex.o
LOAD build/stm32f4xx_hal_dma.o
LOAD build/stm32f4xx_hal_dma_ex.o
LOAD build/stm32f4xx_hal_exti.o
LOAD build/stm32f4xx_hal_flash.o
LOAD build/stm32f4xx_hal_flash_ex.o
LOAD build/stm32f4xx_hal_flash_ramfunc.o
LOAD build/stm32f4xx_hal_gpio.o
LOAD build/stm32f4xx_hal_pwr.o
LOAD build/stm32f4xx_hal_pwr_ex.o
LOAD build/stm32f4xx_hal_rcc.o
LOAD build/stm32f4xx_hal_rcc_ex.o
LOAD build/stm32f4xx_hal_tim.o
LOAD build/stm32f4xx_hal_tim_ex.o
LOAD build/stm32f4xx_hal_uart.o
LOAD build/croutine.o
LOAD build/event_groups.o
LOAD build/list.o
LOAD build/queue.o
LOAD build/stream_buffer.o
LOAD build/tasks.o
LOAD build/timers.o
LOAD build/arm_abs_f32.o
LOAD build/arm_abs_q15.o
LOAD build/arm_abs_q31.o
LOAD build/arm_abs_q7.o
LOAD build/arm_add_f32.o
LOAD build/arm_add_q15.o
LOAD build/arm_add_q31.o
LOAD build/arm_add_q7.o
LOAD build/arm_dot_prod_f32.o
LOAD build/arm_dot_prod_q15.o
LOAD build/arm_dot_prod_q31.o
LOAD build/arm_dot_prod_q7.o
LOAD build/arm_mult_f32.o
LOAD build/arm_mult_q15.o
LOAD build/arm_mult_q31.o
LOAD build/arm_mult_q7.o
LOAD build/arm_negate_f32.o
LOAD build/arm_negate_q15.o
LOAD build/arm_negate_q31.o
LOAD build/arm_negate_q7.o
LOAD build/arm_offset_f32.o
LOAD build/arm_offset_q15.o
LOAD build/arm_offset_q31.o
LOAD build/arm_offset_q7.o
LOAD build/arm_scale_f32.o
LOAD build/arm_scale_q15.o
LOAD build/arm_scale_q31.o
LOAD build/arm_scale_q7.o
LOAD build/arm_shift_q15.o
LOAD build/arm_shift_q31.o
LOAD build/arm_shift_q7.o
LOAD build/arm_sub_f32.o
LOAD build/arm_sub_q15.o
LOAD build/arm_sub_q31.o
LOAD build/arm_sub_q7.o
LOAD build/arm_common_tables.o
LOAD build/arm_const_structs.o
LOAD build/arm_cmplx_conj_f32.o
LOAD build/arm_cmplx_conj_q15.o
LOAD build/arm_cmplx_conj_q31.o
LOAD build/arm_cmplx_dot_prod_f32.o
LOAD build/arm_cmplx_dot_prod_q15.o
LOAD build/arm_cmplx_dot_prod_q31.o
LOAD build/arm_cmplx_mag_f32.o
LOAD build/arm_cmplx_mag_q15.o
LOAD build/arm_cmplx_mag_q31.o
LOAD build/arm_cmplx_mag_squared_f32.o
LOAD build/arm_cmplx_mag_squared_q15.o
LOAD build/arm_cmplx_mag_squared_q31.o
LOAD build/arm_cmplx_mult_cmplx_f32.o
LOAD build/arm_cmplx_mult_cmplx_q15.o
LOAD build/arm_cmplx_mult_cmplx_q31.o
LOAD build/arm_cmplx_mult_real_f32.o
LOAD build/arm_cmplx_mult_real_q15.o
LOAD build/arm_cmplx_mult_real_q31.o
LOAD build/arm_pid_init_f32.o
LOAD build/arm_pid_init_q15.o
LOAD build/arm_pid_init_q31.o
LOAD build/arm_pid_reset_f32.o
LOAD build/arm_pid_reset_q15.o
LOAD build/arm_pid_reset_q31.o
LOAD build/arm_sin_cos_f32.o
LOAD build/arm_sin_cos_q31.o
LOAD build/arm_cos_f32.o
LOAD build/arm_cos_q15.o
LOAD build/arm_cos_q31.o
LOAD build/arm_sin_f32.o
LOAD build/arm_sin_q15.o
LOAD build/arm_sin_q31.o
LOAD build/arm_sqrt_q15.o
LOAD build/arm_sqrt_q31.o
LOAD build/arm_biquad_cascade_df1_32x64_init_q31.o
LOAD build/arm_biquad_cascade_df1_32x64_q31.o
LOAD build/arm_biquad_cascade_df1_f32.o
LOAD build/arm_biquad_cascade_df1_fast_q15.o
LOAD build/arm_biquad_cascade_df1_fast_q31.o
LOAD build/arm_biquad_cascade_df1_init_f32.o
LOAD build/arm_biquad_cascade_df1_init_q15.o
LOAD build/arm_biquad_cascade_df1_init_q31.o
LOAD build/arm_biquad_cascade_df1_q15.o
LOAD build/arm_biquad_cascade_df1_q31.o
LOAD build/arm_biquad_cascade_df2T_f32.o
LOAD build/arm_biquad_cascade_df2T_f64.o
LOAD build/arm_biquad_cascade_df2T_init_f32.o
LOAD build/arm_biquad_cascade_df2T_init_f64.o
LOAD build/arm_biquad_cascade_stereo_df2T_f32.o
LOAD build/arm_biquad_cascade_stereo_df2T_init_f32.o
LOAD build/arm_conv_f32.o
LOAD build/arm_conv_fast_opt_q15.o
LOAD build/arm_conv_fast_q15.o
LOAD build/arm_conv_fast_q31.o
LOAD build/arm_conv_opt_q15.o
LOAD build/arm_conv_opt_q7.o
LOAD build/arm_conv_partial_f32.o
LOAD build/arm_conv_partial_fast_opt_q15.o
LOAD build/arm_conv_partial_fast_q15.o
LOAD build/arm_conv_partial_fast_q31.o
LOAD build/arm_conv_partial_opt_q15.o
LOAD build/arm_conv_partial_opt_q7.o
LOAD build/arm_conv_partial_q15.o
LOAD build/arm_conv_partial_q31.o
LOAD build/arm_conv_partial_q7.o
LOAD build/arm_conv_q15.o
LOAD build/arm_conv_q31.o
LOAD build/arm_conv_q7.o
LOAD build/arm_correlate_f32.o
LOAD build/arm_correlate_fast_opt_q15.o
LOAD build/arm_correlate_fast_q15.o
LOAD build/arm_correlate_fast_q31.o
LOAD build/arm_correlate_opt_q15.o
LOAD build/arm_correlate_opt_q7.o
LOAD build/arm_correlate_q15.o
LOAD build/arm_correlate_q31.o
LOAD build/arm_correlate_q7.o
LOAD build/arm_fir_decimate_f32.o
LOAD build/arm_fir_decimate_fast_q15.o
LOAD build/arm_fir_decimate_fast_q31.o
LOAD build/arm_fir_decimate_init_f32.o
LOAD build/arm_fir_decimate_init_q15.o
LOAD build/arm_fir_decimate_init_q31.o
LOAD build/arm_fir_decimate_q15.o
LOAD build/arm_fir_decimate_q31.o
LOAD build/arm_fir_f32.o
LOAD build/arm_fir_fast_q15.o
LOAD build/arm_fir_fast_q31.o
LOAD build/arm_fir_init_f32.o
LOAD build/arm_fir_init_q15.o
LOAD build/arm_fir_init_q31.o
LOAD build/arm_fir_init_q7.o
LOAD build/arm_fir_interpolate_f32.o
LOAD build/arm_fir_interpolate_init_f32.o
LOAD build/arm_fir_interpolate_init_q15.o
LOAD build/arm_fir_interpolate_init_q31.o
LOAD build/arm_fir_interpolate_q15.o
LOAD build/arm_fir_interpolate_q31.o
LOAD build/arm_fir_lattice_f32.o
LOAD build/arm_fir_lattice_init_f32.o
LOAD build/arm_fir_lattice_init_q15.o
LOAD build/arm_fir_lattice_init_q31.o
LOAD build/arm_fir_lattice_q15.o
LOAD build/arm_fir_lattice_q31.o
LOAD build/arm_fir_q15.o
LOAD build/arm_fir_q31.o
LOAD build/arm_fir_q7.o
LOAD build/arm_fir_sparse_f32.o
LOAD build/arm_fir_sparse_init_f32.o
LOAD build/arm_fir_sparse_init_q15.o
LOAD build/arm_fir_sparse_init_q31.o
LOAD build/arm_fir_sparse_init_q7.o
LOAD build/arm_fir_sparse_q15.o
LOAD build/arm_fir_sparse_q31.o
LOAD build/arm_fir_sparse_q7.o
LOAD build/arm_iir_lattice_f32.o
LOAD build/arm_iir_lattice_init_f32.o
LOAD build/arm_iir_lattice_init_q15.o
LOAD build/arm_iir_lattice_init_q31.o
LOAD build/arm_iir_lattice_q15.o
LOAD build/arm_iir_lattice_q31.o
LOAD build/arm_lms_f32.o
LOAD build/arm_lms_init_f32.o
LOAD build/arm_lms_init_q15.o
LOAD build/arm_lms_init_q31.o
LOAD build/arm_lms_norm_f32.o
LOAD build/arm_lms_norm_init_f32.o
LOAD build/arm_lms_norm_init_q15.o
LOAD build/arm_lms_norm_init_q31.o
LOAD build/arm_lms_norm_q15.o
LOAD build/arm_lms_norm_q31.o
LOAD build/arm_lms_q15.o
LOAD build/arm_lms_q31.o
LOAD build/arm_mat_add_f32.o
LOAD build/arm_mat_add_q15.o
LOAD build/arm_mat_add_q31.o
LOAD build/arm_mat_cmplx_mult_f32.o
LOAD build/arm_mat_cmplx_mult_q15.o
LOAD build/arm_mat_cmplx_mult_q31.o
LOAD build/arm_mat_init_f32.o
LOAD build/arm_mat_init_q15.o
LOAD build/arm_mat_init_q31.o
LOAD build/arm_mat_inverse_f32.o
LOAD build/arm_mat_inverse_f64.o
LOAD build/arm_mat_mult_f32.o
LOAD build/arm_mat_mult_fast_q15.o
LOAD build/arm_mat_mult_fast_q31.o
LOAD build/arm_mat_mult_q15.o
LOAD build/arm_mat_mult_q31.o
LOAD build/arm_mat_scale_f32.o
LOAD build/arm_mat_scale_q15.o
LOAD build/arm_mat_scale_q31.o
LOAD build/arm_mat_sub_f32.o
LOAD build/arm_mat_sub_q15.o
LOAD build/arm_mat_sub_q31.o
LOAD build/arm_mat_trans_f32.o
LOAD build/arm_mat_trans_q15.o
LOAD build/arm_mat_trans_q31.o
LOAD build/arm_max_f32.o
LOAD build/arm_max_q15.o
LOAD build/arm_max_q31.o
LOAD build/arm_max_q7.o
LOAD build/arm_mean_f32.o
LOAD build/arm_mean_q15.o
LOAD build/arm_mean_q31.o
LOAD build/arm_mean_q7.o
LOAD build/arm_min_f32.o
LOAD build/arm_min_q15.o
LOAD build/arm_min_q31.o
LOAD build/arm_min_q7.o
LOAD build/arm_power_f32.o
LOAD build/arm_power_q15.o
LOAD build/arm_power_q31.o
LOAD build/arm_power_q7.o
LOAD build/arm_rms_f32.o
LOAD build/arm_rms_q15.o
LOAD build/arm_rms_q31.o
LOAD build/arm_std_f32.o
LOAD build/arm_std_q15.o
LOAD build/arm_std_q31.o
LOAD build/arm_var_f32.o
LOAD build/arm_var_q15.o
LOAD build/arm_var_q31.o
LOAD build/arm_copy_f32.o
LOAD build/arm_copy_q15.o
LOAD build/arm_copy_q31.o
LOAD build/arm_copy_q7.o
LOAD build/arm_fill_f32.o
LOAD build/arm_fill_q15.o
LOAD build/arm_fill_q31.o
LOAD build/arm_fill_q7.o
LOAD build/arm_float_to_q15.o
LOAD build/arm_float_to_q31.o
LOAD build/arm_float_to_q7.o
LOAD build/arm_q15_to_float.o
LOAD build/arm_q15_to_q31.o
LOAD build/arm_q15_to_q7.o
LOAD build/arm_q31_to_float.o
LOAD build/arm_q31_to_q15.o
LOAD build/arm_q31_to_q7.o
LOAD build/arm_q7_to_float.o
LOAD build/arm_q7_to_q15.o
LOAD build/arm_q7_to_q31.o
LOAD build/arm_bitreversal.o
LOAD build/arm_cfft_f32.o
LOAD build/arm_cfft_q15.o
LOAD build/arm_cfft_q31.o
LOAD build/arm_cfft_radix2_f32.o
LOAD build/arm_cfft_radix2_init_f32.o
LOAD build/arm_cfft_radix2_init_q15.o
LOAD build/arm_cfft_radix2_init_q31.o
LOAD build/arm_cfft_radix2_q15.o
LOAD build/arm_cfft_radix2_q31.o
LOAD build/arm_cfft_radix4_f32.o
LOAD build/arm_cfft_radix4_init_f32.o
LOAD build/arm_cfft_radix4_init_q15.o
LOAD build/arm_cfft_radix4_init_q31.o
LOAD build/arm_cfft_radix4_q15.o
LOAD build/arm_cfft_radix4_q31.o
LOAD build/arm_cfft_radix8_f32.o
LOAD build/arm_dct4_f32.o
LOAD build/arm_dct4_init_f32.o
LOAD build/arm_dct4_init_q15.o
LOAD build/arm_dct4_init_q31.o
LOAD build/arm_dct4_q15.o
LOAD build/arm_dct4_q31.o
LOAD build/arm_rfft_f32.o
LOAD build/arm_rfft_fast_f32.o
LOAD build/arm_rfft_fast_init_f32.o
LOAD build/arm_rfft_init_f32.o
LOAD build/arm_rfft_init_q15.o
LOAD build/arm_rfft_init_q31.o
LOAD build/arm_rfft_q15.o
LOAD build/arm_rfft_q31.o
LOAD build/Active_Object.o
LOAD build/Butter_Worth_Filtor.o
LOAD build/dsp.o
LOAD build/port.o
LOAD build/heap_4.o
LOAD build/startup_stm32f407xx.o
LOAD C:/ST/STM32CubeCLT_1.16.0/GNU-tools-for-STM32/bin/../lib/gcc/arm-none-eabi/12.3.1/../../../../arm-none-eabi/lib/thumb/v7e-m+fp/hard\libc_nano.a
LOAD C:/ST/STM32CubeCLT_1.16.0/GNU-tools-for-STM32/bin/../lib/gcc/arm-none-eabi/12.3.1/../../../../arm-none-eabi/lib/thumb/v7e-m+fp/hard\libm.a
LOAD C:/ST/STM32CubeCLT_1.16.0/GNU-tools-for-STM32/bin/../lib/gcc/arm-none-eabi/12.3.1/../../../../arm-none-eabi/lib/thumb/v7e-m+fp/hard\libnosys.a
START GROUP
LOAD C:/ST/STM32CubeCLT_1.16.0/GNU-tools-for-STM32/bin/../lib/gcc/arm-none-eabi/12.3.1/thumb/v7e-m+fp/hard\libgcc.a
LOAD C:/ST/STM32CubeCLT_1.16.0/GNU-tools-for-STM32/bin/../lib/gcc/arm-none-eabi/12.3.1/../../../../arm-none-eabi/lib/thumb/v7e-m+fp/hard\libc_nano.a
END GROUP
START GROUP
LOAD C:/ST/STM32CubeCLT_1.16.0/GNU-tools-for-STM32/bin/../lib/gcc/arm-none-eabi/12.3.1/thumb/v7e-m+fp/hard\libgcc.a
LOAD C:/ST/STM32CubeCLT_1.16.0/GNU-tools-for-STM32/bin/../lib/gcc/arm-none-eabi/12.3.1/../../../../arm-none-eabi/lib/thumb/v7e-m+fp/hard\libc_nano.a
END GROUP
LOAD C:/ST/STM32CubeCLT_1.16.0/GNU-tools-for-STM32/bin/../lib/gcc/arm-none-eabi/12.3.1/thumb/v7e-m+fp/hard/crtend.o
LOAD C:/ST/STM32CubeCLT_1.16.0/GNU-tools-for-STM32/bin/../lib/gcc/arm-none-eabi/12.3.1/thumb/v7e-m+fp/hard/crtn.o
                0x20020000                        _estack = (ORIGIN (RAM) + LENGTH (RAM))
                0x00000200                        _Min_Heap_Size = 0x200
                0x00000400                        _Min_Stack_Size = 0x400

.isr_vector     0x08000000      0x188
                0x08000000                        . = ALIGN (0x4)
 *(.isr_vector)
 .isr_vector    0x08000000      0x188 build/startup_stm32f407xx.o
                0x08000000                g_pfnVectors
                0x08000188                        . = ALIGN (0x4)

.text           0x08000190     0x55e8
                0x08000190                        . = ALIGN (0x4)
 *(.text)
 .text          0x08000190       0x40 C:/ST/STM32CubeCLT_1.16.0/GNU-tools-for-STM32/bin/../lib/gcc/arm-none-eabi/12.3.1/thumb/v7e-m+fp/hard/crtbegin.o
 .text          0x080001d0       0x10 C:/ST/STM32CubeCLT_1.16.0/GNU-tools-for-STM32/bin/../lib/gcc/arm-none-eabi/12.3.1/../../../../arm-none-eabi/lib/thumb/v7e-m+fp/hard\libc_nano.a(libc_a-strlen.o)
                0x080001d0                strlen
 .text          0x080001e0      0x378 C:/ST/STM32CubeCLT_1.16.0/GNU-tools-for-STM32/bin/../lib/gcc/arm-none-eabi/12.3.1/thumb/v7e-m+fp/hard\libgcc.a(_arm_addsubdf3.o)
                0x080001e0                __aeabi_drsub
                0x080001e8                __aeabi_dsub
                0x080001e8                __subdf3
                0x080001ec                __aeabi_dadd
                0x080001ec                __adddf3
                0x08000464                __floatunsidf
                0x08000464                __aeabi_ui2d
                0x08000484                __floatsidf
                0x08000484                __aeabi_i2d
                0x080004a8                __aeabi_f2d
                0x080004a8                __extendsfdf2
                0x080004ec                __floatundidf
                0x080004ec                __aeabi_ul2d
                0x080004fc                __floatdidf
                0x080004fc                __aeabi_l2d
 .text          0x08000558      0x424 C:/ST/STM32CubeCLT_1.16.0/GNU-tools-for-STM32/bin/../lib/gcc/arm-none-eabi/12.3.1/thumb/v7e-m+fp/hard\libgcc.a(_arm_muldivdf3.o)
                0x08000558                __aeabi_dmul
                0x08000558                __muldf3
                0x080007ac                __divdf3
                0x080007ac                __aeabi_ddiv
 .text          0x0800097c      0x110 C:/ST/STM32CubeCLT_1.16.0/GNU-tools-for-STM32/bin/../lib/gcc/arm-none-eabi/12.3.1/thumb/v7e-m+fp/hard\libgcc.a(_arm_cmpdf2.o)
                0x0800097c                __gtdf2
                0x0800097c                __gedf2
                0x08000984                __ltdf2
                0x08000984                __ledf2
                0x0800098c                __nedf2
                0x0800098c                __eqdf2
                0x0800098c                __cmpdf2
                0x08000a08                __aeabi_cdrcmple
                0x08000a18                __aeabi_cdcmpeq
                0x08000a18                __aeabi_cdcmple
                0x08000a28                __aeabi_dcmpeq
                0x08000a3c                __aeabi_dcmplt
                0x08000a50                __aeabi_dcmple
                0x08000a64                __aeabi_dcmpge
                0x08000a78                __aeabi_dcmpgt
 .text          0x08000a8c       0x50 C:/ST/STM32CubeCLT_1.16.0/GNU-tools-for-STM32/bin/../lib/gcc/arm-none-eabi/12.3.1/thumb/v7e-m+fp/hard\libgcc.a(_arm_fixdfsi.o)
                0x08000a8c                __aeabi_d2iz
                0x08000a8c                __fixdfsi
 .text          0x08000adc       0x40 C:/ST/STM32CubeCLT_1.16.0/GNU-tools-for-STM32/bin/../lib/gcc/arm-none-eabi/12.3.1/thumb/v7e-m+fp/hard\libgcc.a(_arm_fixunsdfsi.o)
                0x08000adc                __aeabi_d2uiz
                0x08000adc                __fixunsdfsi
 .text          0x08000b1c       0x30 C:/ST/STM32CubeCLT_1.16.0/GNU-tools-for-STM32/bin/../lib/gcc/arm-none-eabi/12.3.1/thumb/v7e-m+fp/hard\libgcc.a(_aeabi_uldivmod.o)
                0x08000b1c                __aeabi_uldivmod
 .text          0x08000b4c      0x2bc C:/ST/STM32CubeCLT_1.16.0/GNU-tools-for-STM32/bin/../lib/gcc/arm-none-eabi/12.3.1/thumb/v7e-m+fp/hard\libgcc.a(_udivmoddi4.o)
                0x08000b4c                __udivmoddi4
 .text          0x08000e08        0x4 C:/ST/STM32CubeCLT_1.16.0/GNU-tools-for-STM32/bin/../lib/gcc/arm-none-eabi/12.3.1/thumb/v7e-m+fp/hard\libgcc.a(_dvmd_tls.o)
                0x08000e08                __aeabi_idiv0
                0x08000e08                __aeabi_ldiv0
 *(.text*)
 .text.MainTask
                0x08000e0c       0x98 build/main.o
                0x08000e0c                MainTask
 .text.main     0x08000ea4       0x58 build/main.o
                0x08000ea4                main
 .text._out_buffer
                0x08000efc        0x8 build/printf.o
 .text._out_null
                0x08000f04        0x2 build/printf.o
 .text._atoi    0x08000f06       0x26 build/printf.o
 .text._out_rev
                0x08000f2c       0x7e build/printf.o
 .text._ntoa_format
                0x08000faa      0x136 build/printf.o
 .text._ntoa_long
                0x080010e0       0x94 build/printf.o
 .text._ntoa_long_long
                0x08001174       0xc2 build/printf.o
 *fill*         0x08001236        0x2 
 .text._etoa    0x08001238      0x3f0 build/printf.o
 .text._ftoa    0x08001628      0x398 build/printf.o
 .text._vsnprintf
                0x080019c0      0x6b8 build/printf.o
 .text.sprintf_
                0x08002078       0x2c build/printf.o
                0x08002078                sprintf_
 .text.HAL_MspInit
                0x080020a4       0x38 build/stm32f4xx_hal_msp.o
                0x080020a4                HAL_MspInit
 .text.NMI_Handler
                0x080020dc        0x2 build/stm32f4xx_it.o
                0x080020dc                NMI_Handler
 .text.HardFault_Handler
                0x080020de        0x2 build/stm32f4xx_it.o
                0x080020de                HardFault_Handler
 .text.MemManage_Handler
                0x080020e0        0x2 build/stm32f4xx_it.o
                0x080020e0                MemManage_Handler
 .text.BusFault_Handler
                0x080020e2        0x2 build/stm32f4xx_it.o
                0x080020e2                BusFault_Handler
 .text.UsageFault_Handler
                0x080020e4        0x2 build/stm32f4xx_it.o
                0x080020e4                UsageFault_Handler
 .text.DebugMon_Handler
                0x080020e6        0x2 build/stm32f4xx_it.o
                0x080020e6                DebugMon_Handler
 .text.SystemInit
                0x080020e8       0x14 build/system_stm32f4xx.o
                0x080020e8                SystemInit
 .text.MX_TIM2_Init
                0x080020fc       0x54 build/encoder.o
 .text.MX_TIM3_Init
                0x08002150       0x54 build/encoder.o
 .text.HAL_TIM_IC_CaptureCallback
                0x080021a4       0x44 build/encoder.o
                0x080021a4                HAL_TIM_IC_CaptureCallback
 .text.HAL_GPIO_EXTI_Callback
                0x080021e8       0x54 build/encoder.o
                0x080021e8                HAL_GPIO_EXTI_Callback
 .text.EXTI1_IRQHandler
                0x0800223c        0xa build/encoder.o
                0x0800223c                EXTI1_IRQHandler
 *fill*         0x08002246        0x2 
 .text.Driver_Encoder_Init
                0x08002248       0x30 build/encoder.o
                0x08002248                Driver_Encoder_Init
 .text.HAL_TIM_Encoder_MspInit
                0x08002278       0xd8 build/encoder.o
                0x08002278                HAL_TIM_Encoder_MspInit
 .text.TIM2_IRQHandler
                0x08002350       0x10 build/encoder.o
                0x08002350                TIM2_IRQHandler
 .text.TIM3_IRQHandler
                0x08002360       0x10 build/encoder.o
                0x08002360                TIM3_IRQHandler
 .text.MX_GPIO_Init
                0x08002370       0xc4 build/SysConfig.o
                0x08002370                MX_GPIO_Init
 .text.Error_Handler
                0x08002434        0x4 build/SysConfig.o
                0x08002434                Error_Handler
 .text.SystemClock_Config
                0x08002438       0xa8 build/SysConfig.o
                0x08002438                SystemClock_Config
 .text.UART_Init
                0x080024e0       0x54 build/usart.o
 .text.Driver_USART_Init
                0x08002534       0x28 build/usart.o
                0x08002534                Driver_USART_Init
 .text.HAL_UART_MspInit
                0x0800255c       0xe4 build/usart.o
                0x0800255c                HAL_UART_MspInit
 .text.USART2_IRQHandler
                0x08002640       0x10 build/usart.o
                0x08002640                USART2_IRQHandler
 .text.USART3_IRQHandler
                0x08002650       0x10 build/usart.o
                0x08002650                USART3_IRQHandler
 .text.SendBuffer
                0x08002660       0x18 build/usart.o
                0x08002660                SendBuffer
 .text.HAL_InitTick
                0x08002678       0x4c build/stm32f4xx_hal.o
                0x08002678                HAL_InitTick
 .text.HAL_Init
                0x080026c4       0x34 build/stm32f4xx_hal.o
                0x080026c4                HAL_Init
 .text.HAL_GetTick
                0x080026f8        0xc build/stm32f4xx_hal.o
                0x080026f8                HAL_GetTick
 .text.__NVIC_EnableIRQ
                0x08002704       0x1c build/stm32f4xx_hal_cortex.o
 .text.__NVIC_SetPriority
                0x08002720       0x28 build/stm32f4xx_hal_cortex.o
 .text.NVIC_EncodePriority
                0x08002748       0x3e build/stm32f4xx_hal_cortex.o
 *fill*         0x08002786        0x2 
 .text.HAL_NVIC_SetPriorityGrouping
                0x08002788       0x24 build/stm32f4xx_hal_cortex.o
                0x08002788                HAL_NVIC_SetPriorityGrouping
 .text.HAL_NVIC_SetPriority
                0x080027ac       0x20 build/stm32f4xx_hal_cortex.o
                0x080027ac                HAL_NVIC_SetPriority
 .text.HAL_NVIC_EnableIRQ
                0x080027cc        0x8 build/stm32f4xx_hal_cortex.o
                0x080027cc                HAL_NVIC_EnableIRQ
 .text.HAL_SYSTICK_Config
                0x080027d4       0x28 build/stm32f4xx_hal_cortex.o
                0x080027d4                HAL_SYSTICK_Config
 .text.HAL_DMA_Abort
                0x080027fc       0x94 build/stm32f4xx_hal_dma.o
                0x080027fc                HAL_DMA_Abort
 .text.HAL_DMA_Abort_IT
                0x08002890       0x26 build/stm32f4xx_hal_dma.o
                0x08002890                HAL_DMA_Abort_IT
 *fill*         0x080028b6        0x2 
 .text.HAL_GPIO_Init
                0x080028b8      0x1ec build/stm32f4xx_hal_gpio.o
                0x080028b8                HAL_GPIO_Init
 .text.HAL_GPIO_WritePin
                0x08002aa4        0xc build/stm32f4xx_hal_gpio.o
                0x08002aa4                HAL_GPIO_WritePin
 .text.HAL_GPIO_TogglePin
                0x08002ab0       0x12 build/stm32f4xx_hal_gpio.o
                0x08002ab0                HAL_GPIO_TogglePin
 *fill*         0x08002ac2        0x2 
 .text.HAL_GPIO_EXTI_IRQHandler
                0x08002ac4       0x1c build/stm32f4xx_hal_gpio.o
                0x08002ac4                HAL_GPIO_EXTI_IRQHandler
 .text.HAL_RCC_OscConfig
                0x08002ae0      0x3f8 build/stm32f4xx_hal_rcc.o
                0x08002ae0                HAL_RCC_OscConfig
 .text.HAL_RCC_GetSysClockFreq
                0x08002ed8       0xdc build/stm32f4xx_hal_rcc.o
                0x08002ed8                HAL_RCC_GetSysClockFreq
 .text.HAL_RCC_ClockConfig
                0x08002fb4      0x160 build/stm32f4xx_hal_rcc.o
                0x08002fb4                HAL_RCC_ClockConfig
 .text.HAL_RCC_GetHCLKFreq
                0x08003114        0xc build/stm32f4xx_hal_rcc.o
                0x08003114                HAL_RCC_GetHCLKFreq
 .text.HAL_RCC_GetPCLK1Freq
                0x08003120       0x20 build/stm32f4xx_hal_rcc.o
                0x08003120                HAL_RCC_GetPCLK1Freq
 .text.HAL_RCC_GetPCLK2Freq
                0x08003140       0x20 build/stm32f4xx_hal_rcc.o
                0x08003140                HAL_RCC_GetPCLK2Freq
 .text.HAL_TIM_PeriodElapsedCallback
                0x08003160        0x2 build/stm32f4xx_hal_tim.o
                0x08003160                HAL_TIM_PeriodElapsedCallback
 .text.HAL_TIM_OC_DelayElapsedCallback
                0x08003162        0x2 build/stm32f4xx_hal_tim.o
                0x08003162                HAL_TIM_OC_DelayElapsedCallback
 .text.HAL_TIM_PWM_PulseFinishedCallback
                0x08003164        0x2 build/stm32f4xx_hal_tim.o
                0x08003164                HAL_TIM_PWM_PulseFinishedCallback
 .text.HAL_TIM_TriggerCallback
                0x08003166        0x2 build/stm32f4xx_hal_tim.o
                0x08003166                HAL_TIM_TriggerCallback
 .text.HAL_TIM_IRQHandler
                0x08003168      0x15e build/stm32f4xx_hal_tim.o
                0x08003168                HAL_TIM_IRQHandler
 *fill*         0x080032c6        0x2 
 .text.TIM_Base_SetConfig
                0x080032c8       0xd8 build/stm32f4xx_hal_tim.o
                0x080032c8                TIM_Base_SetConfig
 .text.HAL_TIM_Encoder_Init
                0x080033a0       0xb0 build/stm32f4xx_hal_tim.o
                0x080033a0                HAL_TIM_Encoder_Init
 .text.TIM_CCxChannelCmd
                0x08003450       0x1e build/stm32f4xx_hal_tim.o
                0x08003450                TIM_CCxChannelCmd
 .text.HAL_TIM_Encoder_Start_IT
                0x0800346e       0xf6 build/stm32f4xx_hal_tim.o
                0x0800346e                HAL_TIM_Encoder_Start_IT
 .text.HAL_TIMEx_MasterConfigSynchronization
                0x08003564       0x8c build/stm32f4xx_hal_tim_ex.o
                0x08003564                HAL_TIMEx_MasterConfigSynchronization
 .text.HAL_TIMEx_CommutCallback
                0x080035f0        0x2 build/stm32f4xx_hal_tim_ex.o
                0x080035f0                HAL_TIMEx_CommutCallback
 .text.HAL_TIMEx_BreakCallback
                0x080035f2        0x2 build/stm32f4xx_hal_tim_ex.o
                0x080035f2                HAL_TIMEx_BreakCallback
 .text.UART_EndRxTransfer
                0x080035f4       0x5c build/stm32f4xx_hal_uart.o
 .text.UART_Transmit_IT
                0x08003650       0x60 build/stm32f4xx_hal_uart.o
 .text.UART_SetConfig
                0x080036b0      0x110 build/stm32f4xx_hal_uart.o
 .text.HAL_UART_Init
                0x080037c0       0x60 build/stm32f4xx_hal_uart.o
                0x080037c0                HAL_UART_Init
 .text.HAL_UART_Transmit_IT
                0x08003820       0x38 build/stm32f4xx_hal_uart.o
                0x08003820                HAL_UART_Transmit_IT
 .text.HAL_UART_TxCpltCallback
                0x08003858        0x2 build/stm32f4xx_hal_uart.o
                0x08003858                HAL_UART_TxCpltCallback
 .text.UART_EndTransmit_IT
                0x0800385a       0x1a build/stm32f4xx_hal_uart.o
 .text.HAL_UART_RxCpltCallback
                0x08003874        0x2 build/stm32f4xx_hal_uart.o
                0x08003874                HAL_UART_RxCpltCallback
 .text.HAL_UART_ErrorCallback
                0x08003876        0x2 build/stm32f4xx_hal_uart.o
                0x08003876                HAL_UART_ErrorCallback
 .text.UART_DMAAbortOnError
                0x08003878       0x10 build/stm32f4xx_hal_uart.o
 .text.HAL_UARTEx_RxEventCallback
                0x08003888        0x2 build/stm32f4xx_hal_uart.o
                0x08003888                HAL_UARTEx_RxEventCallback
 .text.UART_Receive_IT
                0x0800388a       0xe6 build/stm32f4xx_hal_uart.o
 .text.HAL_UART_IRQHandler
                0x08003970      0x284 build/stm32f4xx_hal_uart.o
                0x08003970                HAL_UART_IRQHandler
 .text.vListInitialise
                0x08003bf4       0x16 build/list.o
                0x08003bf4                vListInitialise
 .text.vListInitialiseItem
                0x08003c0a        0x6 build/list.o
                0x08003c0a                vListInitialiseItem
 .text.vListInsert
                0x08003c10       0x32 build/list.o
                0x08003c10                vListInsert
 .text.uxListRemove
                0x08003c42       0x26 build/list.o
                0x08003c42                uxListRemove
 .text.prvIsQueueEmpty
                0x08003c68       0x1a build/queue.o
 .text.prvCopyDataFromQueue
                0x08003c82       0x24 build/queue.o
 .text.prvUnlockQueue
                0x08003ca6       0x6e build/queue.o
 .text.xQueueGenericReset
                0x08003d14       0xaa build/queue.o
                0x08003d14                xQueueGenericReset
 .text.prvInitialiseNewQueue
                0x08003dbe       0x22 build/queue.o
 .text.xQueueGenericCreate
                0x08003de0       0x56 build/queue.o
                0x08003de0                xQueueGenericCreate
 .text.xQueueReceive
                0x08003e36      0x15e build/queue.o
                0x08003e36                xQueueReceive
 .text.vQueueAddToRegistry
                0x08003f94       0x60 build/queue.o
                0x08003f94                vQueueAddToRegistry
 .text.vQueueWaitForMessageRestricted
                0x08003ff4       0x52 build/queue.o
                0x08003ff4                vQueueWaitForMessageRestricted
 *fill*         0x08004046        0x2 
 .text.prvResetNextTaskUnblockTime
                0x08004048       0x28 build/tasks.o
 .text.prvDeleteTCB
                0x08004070       0x12 build/tasks.o
 .text.prvInitialiseNewTask
                0x08004082       0x8e build/tasks.o
 .text.prvInitialiseTaskLists
                0x08004110       0x68 build/tasks.o
 .text.prvAddNewTaskToReadyList
                0x08004178       0xc8 build/tasks.o
 .text.prvCheckTasksWaitingTermination
                0x08004240       0x4c build/tasks.o
 .text.prvIdleTask
                0x0800428c       0x28 build/tasks.o
 .text.prvAddCurrentTaskToDelayedList
                0x080042b4       0xb0 build/tasks.o
 .text.xTaskCreate
                0x08004364       0x68 build/tasks.o
                0x08004364                xTaskCreate
 .text.vTaskStartScheduler
                0x080043cc       0x8c build/tasks.o
                0x080043cc                vTaskStartScheduler
 .text.vTaskSuspendAll
                0x08004458       0x10 build/tasks.o
                0x08004458                vTaskSuspendAll
 .text.xTaskGetTickCount
                0x08004468        0xc build/tasks.o
                0x08004468                xTaskGetTickCount
 .text.xTaskIncrementTick
                0x08004474      0x178 build/tasks.o
                0x08004474                xTaskIncrementTick
 .text.xTaskResumeAll
                0x080045ec      0x14c build/tasks.o
                0x080045ec                xTaskResumeAll
 .text.vTaskDelay
                0x08004738       0x4c build/tasks.o
                0x08004738                vTaskDelay
 .text.vTaskSwitchContext
                0x08004784       0x98 build/tasks.o
                0x08004784                vTaskSwitchContext
 .text.vTaskPlaceOnEventList
                0x0800481c       0x30 build/tasks.o
                0x0800481c                vTaskPlaceOnEventList
 .text.vTaskPlaceOnEventListRestricted
                0x0800484c       0x54 build/tasks.o
                0x0800484c                vTaskPlaceOnEventListRestricted
 .text.xTaskRemoveFromEventList
                0x080048a0       0xf0 build/tasks.o
                0x080048a0                xTaskRemoveFromEventList
 .text.vTaskInternalSetTimeOutState
                0x08004990       0x18 build/tasks.o
                0x08004990                vTaskInternalSetTimeOutState
 .text.xTaskCheckForTimeOut
                0x080049a8       0x88 build/tasks.o
                0x080049a8                xTaskCheckForTimeOut
 .text.vTaskMissedYield
                0x08004a30        0xc build/tasks.o
                0x08004a30                vTaskMissedYield
 .text.xTaskGetSchedulerState
                0x08004a3c       0x20 build/tasks.o
                0x08004a3c                xTaskGetSchedulerState
 .text.prvGetNextExpireTime
                0x08004a5c       0x20 build/timers.o
 .text.prvInsertTimerInActiveList
                0x08004a7c       0x48 build/timers.o
 .text.prvReloadTimer
                0x08004ac4       0x28 build/timers.o
 .text.prvProcessExpiredTimer
                0x08004aec       0x40 build/timers.o
 .text.prvSwitchTimerLists
                0x08004b2c       0x30 build/timers.o
 .text.prvSampleTimeNow
                0x08004b5c       0x2c build/timers.o
 .text.prvProcessTimerOrBlockTask
                0x08004b88       0x74 build/timers.o
 .text.prvProcessReceivedCommands
                0x08004bfc       0xf0 build/timers.o
 .text.prvTimerTask
                0x08004cec       0x16 build/timers.o
 *fill*         0x08004d02        0x2 
 .text.prvCheckForValidListAndQueue
                0x08004d04       0x5c build/timers.o
 .text.xTimerCreateTimerTask
                0x08004d60       0x50 build/timers.o
                0x08004d60                xTimerCreateTimerTask
 .text.arm_biquad_cascade_df2T_f32
                0x08004db0      0x16a build/arm_biquad_cascade_df2T_f32.o
                0x08004db0                arm_biquad_cascade_df2T_f32
 .text.arm_biquad_cascade_df2T_init_f32
                0x08004f1a       0x18 build/arm_biquad_cascade_df2T_init_f32.o
                0x08004f1a                arm_biquad_cascade_df2T_init_f32
 .text.ConvertAngle
                0x08004f32       0x2e build/dsp.o
 .text.filter   0x08004f60       0x2a build/dsp.o
                0x08004f60                filter
 .text.estimate
                0x08004f8a       0x2e build/dsp.o
                0x08004f8a                estimate
 .text.procesNewData
                0x08004fb8       0x3c build/dsp.o
                0x08004fb8                procesNewData
 .text.Differentiator_apply
                0x08004ff4       0x54 build/dsp.o
 .text.Differentiator_new
                0x08005048       0x54 build/dsp.o
                0x08005048                Differentiator_new
 .text.dsp_new  0x0800509c       0xb8 build/dsp.o
                0x0800509c                dsp_new
 .text.prvTaskExitError
                0x08005154       0x40 build/port.o
 .text.prvPortStartFirstTask
                0x08005194       0x28 build/port.o
 .text.vPortEnableVFP
                0x080051bc       0x14 build/port.o
 .text.pxPortInitialiseStack
                0x080051d0       0x2c build/port.o
                0x080051d0                pxPortInitialiseStack
 *fill*         0x080051fc        0x4 
 .text.SVC_Handler
                0x08005200       0x24 build/port.o
                0x08005200                SVC_Handler
 .text.vPortEnterCritical
                0x08005224       0x44 build/port.o
                0x08005224                vPortEnterCritical
 .text.vPortExitCritical
                0x08005268       0x2c build/port.o
                0x08005268                vPortExitCritical
 *fill*         0x08005294        0xc 
 .text.PendSV_Handler
                0x080052a0       0x64 build/port.o
                0x080052a0                PendSV_Handler
 .text.SysTick_Handler
                0x08005304       0x2c build/port.o
                0x08005304                SysTick_Handler
 .text.vPortSetupTimerInterrupt
                0x08005330       0x28 build/port.o
                0x08005330                vPortSetupTimerInterrupt
 .text.xPortStartScheduler
                0x08005358      0x118 build/port.o
                0x08005358                xPortStartScheduler
 .text.prvHeapInit
                0x08005470       0x58 build/heap_4.o
 .text.prvInsertBlockIntoFreeList
                0x080054c8       0x64 build/heap_4.o
 .text.pvPortMalloc
                0x0800552c       0xf4 build/heap_4.o
                0x0800552c                pvPortMalloc
 .text.vPortFree
                0x08005620       0x78 build/heap_4.o
                0x08005620                vPortFree
 .text.Reset_Handler
                0x08005698       0x50 build/startup_stm32f407xx.o
                0x08005698                Reset_Handler
 .text.Default_Handler
                0x080056e8        0x2 build/startup_stm32f407xx.o
                0x080056e8                RTC_Alarm_IRQHandler
                0x080056e8                HASH_RNG_IRQHandler
                0x080056e8                EXTI2_IRQHandler
                0x080056e8                TIM8_CC_IRQHandler
                0x080056e8                TIM1_CC_IRQHandler
                0x080056e8                DMA2_Stream5_IRQHandler
                0x080056e8                DMA1_Stream5_IRQHandler
                0x080056e8                PVD_IRQHandler
                0x080056e8                SDIO_IRQHandler
                0x080056e8                TAMP_STAMP_IRQHandler
                0x080056e8                CAN2_RX1_IRQHandler
                0x080056e8                EXTI3_IRQHandler
                0x080056e8                TIM8_TRG_COM_TIM14_IRQHandler
                0x080056e8                TIM1_UP_TIM10_IRQHandler
                0x080056e8                TIM8_UP_TIM13_IRQHandler
                0x080056e8                I2C3_ER_IRQHandler
                0x080056e8                EXTI0_IRQHandler
                0x080056e8                I2C2_EV_IRQHandler
                0x080056e8                DMA1_Stream2_IRQHandler
                0x080056e8                CAN1_RX0_IRQHandler
                0x080056e8                FPU_IRQHandler
                0x080056e8                OTG_HS_WKUP_IRQHandler
                0x080056e8                CAN2_SCE_IRQHandler
                0x080056e8                DMA2_Stream2_IRQHandler
                0x080056e8                SPI1_IRQHandler
                0x080056e8                TIM6_DAC_IRQHandler
                0x080056e8                TIM1_BRK_TIM9_IRQHandler
                0x080056e8                DCMI_IRQHandler
                0x080056e8                CAN2_RX0_IRQHandler
                0x080056e8                DMA2_Stream3_IRQHandler
                0x080056e8                USART6_IRQHandler
                0x080056e8                CAN1_RX1_IRQHandler
                0x080056e8                UART5_IRQHandler
                0x080056e8                DMA2_Stream0_IRQHandler
                0x080056e8                TIM4_IRQHandler
                0x080056e8                I2C1_EV_IRQHandler
                0x080056e8                DMA1_Stream6_IRQHandler
                0x080056e8                DMA1_Stream1_IRQHandler
                0x080056e8                UART4_IRQHandler
                0x080056e8                RCC_IRQHandler
                0x080056e8                TIM8_BRK_TIM12_IRQHandler
                0x080056e8                Default_Handler
                0x080056e8                EXTI15_10_IRQHandler
                0x080056e8                ADC_IRQHandler
                0x080056e8                DMA1_Stream7_IRQHandler
                0x080056e8                TIM7_IRQHandler
                0x080056e8                CAN2_TX_IRQHandler
                0x080056e8                TIM5_IRQHandler
                0x080056e8                DMA2_Stream7_IRQHandler
                0x080056e8                I2C3_EV_IRQHandler
                0x080056e8                EXTI9_5_IRQHandler
                0x080056e8                RTC_WKUP_IRQHandler
                0x080056e8                ETH_WKUP_IRQHandler
                0x080056e8                SPI2_IRQHandler
                0x080056e8                OTG_HS_EP1_IN_IRQHandler
                0x080056e8                DMA1_Stream0_IRQHandler
                0x080056e8                CAN1_TX_IRQHandler
                0x080056e8                EXTI4_IRQHandler
                0x080056e8                FSMC_IRQHandler
                0x080056e8                ETH_IRQHandler
                0x080056e8                OTG_HS_EP1_OUT_IRQHandler
                0x080056e8                WWDG_IRQHandler
                0x080056e8                OTG_FS_WKUP_IRQHandler
                0x080056e8                TIM1_TRG_COM_TIM11_IRQHandler
                0x080056e8                OTG_HS_IRQHandler
                0x080056e8                I2C2_ER_IRQHandler
                0x080056e8                DMA2_Stream1_IRQHandler
                0x080056e8                CAN1_SCE_IRQHandler
                0x080056e8                FLASH_IRQHandler
                0x080056e8                DMA2_Stream4_IRQHandler
                0x080056e8                USART1_IRQHandler
                0x080056e8                OTG_FS_IRQHandler
                0x080056e8                SPI3_IRQHandler
                0x080056e8                DMA1_Stream4_IRQHandler
                0x080056e8                I2C1_ER_IRQHandler
                0x080056e8                DMA2_Stream6_IRQHandler
                0x080056e8                DMA1_Stream3_IRQHandler
 .text.memset   0x080056ea       0x10 C:/ST/STM32CubeCLT_1.16.0/GNU-tools-for-STM32/bin/../lib/gcc/arm-none-eabi/12.3.1/../../../../arm-none-eabi/lib/thumb/v7e-m+fp/hard\libc_nano.a(libc_a-memset.o)
                0x080056ea                memset
 *fill*         0x080056fa        0x2 
 .text.__libc_init_array
                0x080056fc       0x48 C:/ST/STM32CubeCLT_1.16.0/GNU-tools-for-STM32/bin/../lib/gcc/arm-none-eabi/12.3.1/../../../../arm-none-eabi/lib/thumb/v7e-m+fp/hard\libc_nano.a(libc_a-init.o)
                0x080056fc                __libc_init_array
 .text.memcpy   0x08005744       0x1c C:/ST/STM32CubeCLT_1.16.0/GNU-tools-for-STM32/bin/../lib/gcc/arm-none-eabi/12.3.1/../../../../arm-none-eabi/lib/thumb/v7e-m+fp/hard\libc_nano.a(libc_a-memcpy-stub.o)
                0x08005744                memcpy
 *(.glue_7)
 .glue_7        0x08005760        0x0 linker stubs
 *(.glue_7t)
 .glue_7t       0x08005760        0x0 linker stubs
 *(.eh_frame)
 .eh_frame      0x08005760        0x0 C:/ST/STM32CubeCLT_1.16.0/GNU-tools-for-STM32/bin/../lib/gcc/arm-none-eabi/12.3.1/thumb/v7e-m+fp/hard/crtbegin.o
 *(.init)
 .init          0x08005760        0x4 C:/ST/STM32CubeCLT_1.16.0/GNU-tools-for-STM32/bin/../lib/gcc/arm-none-eabi/12.3.1/thumb/v7e-m+fp/hard/crti.o
                0x08005760                _init
 .init          0x08005764        0x8 C:/ST/STM32CubeCLT_1.16.0/GNU-tools-for-STM32/bin/../lib/gcc/arm-none-eabi/12.3.1/thumb/v7e-m+fp/hard/crtn.o
 *(.fini)
 .fini          0x0800576c        0x4 C:/ST/STM32CubeCLT_1.16.0/GNU-tools-for-STM32/bin/../lib/gcc/arm-none-eabi/12.3.1/thumb/v7e-m+fp/hard/crti.o
                0x0800576c                _fini
 .fini          0x08005770        0x8 C:/ST/STM32CubeCLT_1.16.0/GNU-tools-for-STM32/bin/../lib/gcc/arm-none-eabi/12.3.1/thumb/v7e-m+fp/hard/crtn.o
                0x08005778                        . = ALIGN (0x4)
                0x08005778                        _etext = .

.vfp11_veneer   0x08005778        0x0
 .vfp11_veneer  0x08005778        0x0 linker stubs

.v4_bx          0x08005778        0x0
 .v4_bx         0x08005778        0x0 linker stubs

.iplt           0x08005778        0x0
 .iplt          0x08005778        0x0 C:/ST/STM32CubeCLT_1.16.0/GNU-tools-for-STM32/bin/../lib/gcc/arm-none-eabi/12.3.1/thumb/v7e-m+fp/hard/crtbegin.o

.rodata         0x08005778       0xc0
                0x08005778                        . = ALIGN (0x4)
 *(.rodata)
 *(.rodata*)
 .rodata.MainTask.str1.4
                0x08005778       0x26 build/main.o
 *fill*         0x0800579e        0x2 
 .rodata._ftoa.str1.4
                0x080057a0       0x15 build/printf.o
 *fill*         0x080057b5        0x3 
 .rodata.pow10.0
                0x080057b8       0x50 build/printf.o
 .rodata.APBPrescTable
                0x08005808        0x8 build/system_stm32f4xx.o
                0x08005808                APBPrescTable
 .rodata.AHBPrescTable
                0x08005810       0x10 build/system_stm32f4xx.o
                0x08005810                AHBPrescTable
 .rodata.vTaskStartScheduler.str1.4
                0x08005820        0x5 build/tasks.o
 *fill*         0x08005825        0x3 
 .rodata.prvCheckForValidListAndQueue.str1.4
                0x08005828        0x5 build/timers.o
 *fill*         0x0800582d        0x3 
 .rodata.xTimerCreateTimerTask.str1.4
                0x08005830        0x8 build/timers.o
                0x08005838                        . = ALIGN (0x4)

.ARM.extab
 *(.ARM.extab* .gnu.linkonce.armextab.*)

.ARM            0x08005838        0x8
                0x08005838                        __exidx_start = .
 *(.ARM.exidx*)
 .ARM.exidx     0x08005838        0x8 C:/ST/STM32CubeCLT_1.16.0/GNU-tools-for-STM32/bin/../lib/gcc/arm-none-eabi/12.3.1/../../../../arm-none-eabi/lib/thumb/v7e-m+fp/hard\libc_nano.a(libc_a-strlen.o)
 .ARM.exidx     0x08005840        0x0 C:/ST/STM32CubeCLT_1.16.0/GNU-tools-for-STM32/bin/../lib/gcc/arm-none-eabi/12.3.1/thumb/v7e-m+fp/hard\libgcc.a(_udivmoddi4.o)
                                  0x8 (size before relaxing)
                0x08005840                        __exidx_end = .

.rel.dyn        0x08005840        0x0
 .rel.iplt      0x08005840        0x0 C:/ST/STM32CubeCLT_1.16.0/GNU-tools-for-STM32/bin/../lib/gcc/arm-none-eabi/12.3.1/thumb/v7e-m+fp/hard/crtbegin.o

.preinit_array  0x08005840        0x0
                0x08005840                        PROVIDE (__preinit_array_start = .)
 *(.preinit_array*)
                0x08005840                        PROVIDE (__preinit_array_end = .)

.init_array     0x08005840        0x4
                0x08005840                        PROVIDE (__init_array_start = .)
 *(SORT_BY_NAME(.init_array.*))
 *(.init_array*)
 .init_array    0x08005840        0x4 C:/ST/STM32CubeCLT_1.16.0/GNU-tools-for-STM32/bin/../lib/gcc/arm-none-eabi/12.3.1/thumb/v7e-m+fp/hard/crtbegin.o
                0x08005844                        PROVIDE (__init_array_end = .)

.fini_array     0x08005844        0x4
                [!provide]                        PROVIDE (__fini_array_start = .)
 *(SORT_BY_NAME(.fini_array.*))
 *(.fini_array*)
 .fini_array    0x08005844        0x4 C:/ST/STM32CubeCLT_1.16.0/GNU-tools-for-STM32/bin/../lib/gcc/arm-none-eabi/12.3.1/thumb/v7e-m+fp/hard/crtbegin.o
                [!provide]                        PROVIDE (__fini_array_end = .)
                0x08005848                        _sidata = LOADADDR (.data)

.data           0x20000000       0x3c load address 0x08005848
                0x20000000                        . = ALIGN (0x4)
                0x20000000                        _sdata = .
 *(.data)
 *(.data*)
 .data.SystemCoreClock
                0x20000000        0x4 build/system_stm32f4xx.o
                0x20000000                SystemCoreClock
 .data.uwTickFreq
                0x20000004        0x1 build/stm32f4xx_hal.o
                0x20000004                uwTickFreq
 *fill*         0x20000005        0x3 
 .data.uwTickPrio
                0x20000008        0x4 build/stm32f4xx_hal.o
                0x20000008                uwTickPrio
 .data.uxTopUsedPriority
                0x2000000c        0x4 build/tasks.o
                0x2000000c                uxTopUsedPriority
 .data.PendulumCoefficients
                0x20000010       0x14 build/Butter_Worth_Filtor.o
                0x20000010                PendulumCoefficients
 .data.MotorCoefficients
                0x20000024       0x14 build/Butter_Worth_Filtor.o
                0x20000024                MotorCoefficients
 .data.uxCriticalNesting
                0x20000038        0x4 build/port.o
                0x2000003c                        . = ALIGN (0x4)
                0x2000003c                        _edata = .
                0x08005884                        _siccmram = LOADADDR (.ccmram)

.igot.plt       0x2000003c        0x0 load address 0x08005884
 .igot.plt      0x2000003c        0x0 C:/ST/STM32CubeCLT_1.16.0/GNU-tools-for-STM32/bin/../lib/gcc/arm-none-eabi/12.3.1/thumb/v7e-m+fp/hard/crtbegin.o

.ccmram         0x10000000        0x0 load address 0x08005884
                0x10000000                        . = ALIGN (0x4)
                0x10000000                        _sccmram = .
 *(.ccmram)
 *(.ccmram*)
                0x10000000                        . = ALIGN (0x4)
                0x10000000                        _eccmram = .
                0x10000000                        . = ALIGN (0x4)

.bss            0x20000040    0x12f30
                0x20000040                        _sbss = .
                0x20000040                        __bss_start__ = _sbss
 *(.bss)
 .bss           0x20000040       0x1c C:/ST/STM32CubeCLT_1.16.0/GNU-tools-for-STM32/bin/../lib/gcc/arm-none-eabi/12.3.1/thumb/v7e-m+fp/hard/crtbegin.o
 *(.bss*)
 *fill*         0x2000005c        0x4 
 .bss.DutyCycle
                0x20000060        0x8 build/main.o
                0x20000060                DutyCycle
 .bss.state_topic
                0x20000068       0x30 build/main.o
                0x20000068                state_topic
 .bss.data_processor
                0x20000098        0x4 build/main.o
                0x20000098                data_processor
 .bss.CommuniQueue
                0x2000009c        0x4 build/main.o
                0x2000009c                CommuniQueue
 .bss.encoder_topic
                0x200000a0        0x8 build/encoder.o
                0x200000a0                encoder_topic
 .bss.htim3     0x200000a8       0x48 build/encoder.o
                0x200000a8                htim3
 .bss.htim2     0x200000f0       0x48 build/encoder.o
                0x200000f0                htim2
 .bss.huart3    0x20000138       0x48 build/usart.o
                0x20000138                huart3
 .bss.huart2    0x20000180       0x48 build/usart.o
                0x20000180                huart2
 .bss.uwTick    0x200001c8        0x4 build/stm32f4xx_hal.o
                0x200001c8                uwTick
 .bss.xQueueRegistry
                0x200001cc       0x40 build/queue.o
                0x200001cc                xQueueRegistry
 .bss.uxSchedulerSuspended
                0x2000020c        0x4 build/tasks.o
 .bss.xIdleTaskHandle
                0x20000210        0x4 build/tasks.o
 .bss.xNextTaskUnblockTime
                0x20000214        0x4 build/tasks.o
 .bss.uxTaskNumber
                0x20000218        0x4 build/tasks.o
 .bss.xNumOfOverflows
                0x2000021c        0x4 build/tasks.o
 .bss.xYieldPending
                0x20000220        0x4 build/tasks.o
 .bss.xPendedTicks
                0x20000224        0x4 build/tasks.o
 .bss.xSchedulerRunning
                0x20000228        0x4 build/tasks.o
 .bss.uxTopReadyPriority
                0x2000022c        0x4 build/tasks.o
 .bss.xTickCount
                0x20000230        0x4 build/tasks.o
 .bss.uxCurrentNumberOfTasks
                0x20000234        0x4 build/tasks.o
 .bss.xSuspendedTaskList
                0x20000238       0x14 build/tasks.o
 .bss.uxDeletedTasksWaitingCleanUp
                0x2000024c        0x4 build/tasks.o
 .bss.xTasksWaitingTermination
                0x20000250       0x14 build/tasks.o
 .bss.xPendingReadyList
                0x20000264       0x14 build/tasks.o
 .bss.pxOverflowDelayedTaskList
                0x20000278        0x4 build/tasks.o
 .bss.pxDelayedTaskList
                0x2000027c        0x4 build/tasks.o
 .bss.xDelayedTaskList2
                0x20000280       0x14 build/tasks.o
 .bss.xDelayedTaskList1
                0x20000294       0x14 build/tasks.o
 .bss.pxReadyTasksLists
                0x200002a8       0x64 build/tasks.o
 .bss.pxCurrentTCB
                0x2000030c        0x4 build/tasks.o
                0x2000030c                pxCurrentTCB
 .bss.xLastTime.0
                0x20000310        0x4 build/timers.o
 .bss.xTimerTaskHandle
                0x20000314        0x4 build/timers.o
 .bss.xTimerQueue
                0x20000318        0x4 build/timers.o
 .bss.pxOverflowTimerList
                0x2000031c        0x4 build/timers.o
 .bss.pxCurrentTimerList
                0x20000320        0x4 build/timers.o
 .bss.xActiveTimerList2
                0x20000324       0x14 build/timers.o
 .bss.xActiveTimerList1
                0x20000338       0x14 build/timers.o
 .bss.ulMaxPRIGROUPValue
                0x2000034c        0x4 build/port.o
 .bss.ucMaxSysCallPriority
                0x20000350        0x1 build/port.o
 *fill*         0x20000351        0x3 
 .bss.xNumberOfSuccessfulFrees
                0x20000354        0x4 build/heap_4.o
 .bss.xNumberOfSuccessfulAllocations
                0x20000358        0x4 build/heap_4.o
 .bss.xMinimumEverFreeBytesRemaining
                0x2000035c        0x4 build/heap_4.o
 .bss.xFreeBytesRemaining
                0x20000360        0x4 build/heap_4.o
 .bss.pxEnd     0x20000364        0x4 build/heap_4.o
 .bss.xStart    0x20000368        0x8 build/heap_4.o
 .bss.ucHeap    0x20000370    0x12c00 build/heap_4.o
 *(COMMON)
                0x20012f70                        . = ALIGN (0x4)
                0x20012f70                        _ebss = .
                0x20012f70                        __bss_end__ = _ebss

._user_heap_stack
                0x20012f70      0x600
                0x20012f70                        . = ALIGN (0x8)
                [!provide]                        PROVIDE (end = .)
                0x20012f70                        PROVIDE (_end = .)
                0x20013170                        . = (. + _Min_Heap_Size)
 *fill*         0x20012f70      0x200 
                0x20013570                        . = (. + _Min_Stack_Size)
 *fill*         0x20013170      0x400 
                0x20013570                        . = ALIGN (0x8)

/DISCARD/
 libc.a(*)
 libm.a(*)
 libgcc.a(*)

.ARM.attributes
                0x00000000       0x30
 *(.ARM.attributes)
 .ARM.attributes
                0x00000000       0x22 C:/ST/STM32CubeCLT_1.16.0/GNU-tools-for-STM32/bin/../lib/gcc/arm-none-eabi/12.3.1/thumb/v7e-m+fp/hard/crti.o
 .ARM.attributes
                0x00000022       0x34 C:/ST/STM32CubeCLT_1.16.0/GNU-tools-for-STM32/bin/../lib/gcc/arm-none-eabi/12.3.1/thumb/v7e-m+fp/hard/crtbegin.o
 .ARM.attributes
                0x00000056       0x34 build/main.o
 .ARM.attributes
                0x0000008a       0x34 build/printf.o
 .ARM.attributes
                0x000000be       0x34 build/stm32f4xx_hal_msp.o
 .ARM.attributes
                0x000000f2       0x34 build/stm32f4xx_it.o
 .ARM.attributes
                0x00000126       0x34 build/system_stm32f4xx.o
 .ARM.attributes
                0x0000015a       0x34 build/encoder.o
 .ARM.attributes
                0x0000018e       0x34 build/SysConfig.o
 .ARM.attributes
                0x000001c2       0x34 build/usart.o
 .ARM.attributes
                0x000001f6       0x34 build/stm32f4xx_hal.o
 .ARM.attributes
                0x0000022a       0x34 build/stm32f4xx_hal_cortex.o
 .ARM.attributes
                0x0000025e       0x34 build/stm32f4xx_hal_dma.o
 .ARM.attributes
                0x00000292       0x34 build/stm32f4xx_hal_gpio.o
 .ARM.attributes
                0x000002c6       0x34 build/stm32f4xx_hal_rcc.o
 .ARM.attributes
                0x000002fa       0x34 build/stm32f4xx_hal_tim.o
 .ARM.attributes
                0x0000032e       0x34 build/stm32f4xx_hal_tim_ex.o
 .ARM.attributes
                0x00000362       0x34 build/stm32f4xx_hal_uart.o
 .ARM.attributes
                0x00000396       0x34 build/list.o
 .ARM.attributes
                0x000003ca       0x34 build/queue.o
 .ARM.attributes
                0x000003fe       0x34 build/tasks.o
 .ARM.attributes
                0x00000432       0x34 build/timers.o
 .ARM.attributes
                0x00000466       0x34 build/arm_biquad_cascade_df2T_f32.o
 .ARM.attributes
                0x0000049a       0x34 build/arm_biquad_cascade_df2T_init_f32.o
 .ARM.attributes
                0x000004ce       0x34 build/Butter_Worth_Filtor.o
 .ARM.attributes
                0x00000502       0x34 build/dsp.o
 .ARM.attributes
                0x00000536       0x34 build/port.o
 .ARM.attributes
                0x0000056a       0x34 build/heap_4.o
 .ARM.attributes
                0x0000059e       0x21 build/startup_stm32f407xx.o
 .ARM.attributes
                0x000005bf       0x34 C:/ST/STM32CubeCLT_1.16.0/GNU-tools-for-STM32/bin/../lib/gcc/arm-none-eabi/12.3.1/../../../../arm-none-eabi/lib/thumb/v7e-m+fp/hard\libc_nano.a(libc_a-memset.o)
 .ARM.attributes
                0x000005f3       0x34 C:/ST/STM32CubeCLT_1.16.0/GNU-tools-for-STM32/bin/../lib/gcc/arm-none-eabi/12.3.1/../../../../arm-none-eabi/lib/thumb/v7e-m+fp/hard\libc_nano.a(libc_a-init.o)
 .ARM.attributes
                0x00000627       0x34 C:/ST/STM32CubeCLT_1.16.0/GNU-tools-for-STM32/bin/../lib/gcc/arm-none-eabi/12.3.1/../../../../arm-none-eabi/lib/thumb/v7e-m+fp/hard\libc_nano.a(libc_a-memcpy-stub.o)
 .ARM.attributes
                0x0000065b       0x17 C:/ST/STM32CubeCLT_1.16.0/GNU-tools-for-STM32/bin/../lib/gcc/arm-none-eabi/12.3.1/../../../../arm-none-eabi/lib/thumb/v7e-m+fp/hard\libc_nano.a(libc_a-strlen.o)
 .ARM.attributes
                0x00000672       0x22 C:/ST/STM32CubeCLT_1.16.0/GNU-tools-for-STM32/bin/../lib/gcc/arm-none-eabi/12.3.1/thumb/v7e-m+fp/hard\libgcc.a(_arm_addsubdf3.o)
 .ARM.attributes
                0x00000694       0x22 C:/ST/STM32CubeCLT_1.16.0/GNU-tools-for-STM32/bin/../lib/gcc/arm-none-eabi/12.3.1/thumb/v7e-m+fp/hard\libgcc.a(_arm_muldivdf3.o)
 .ARM.attributes
                0x000006b6       0x22 C:/ST/STM32CubeCLT_1.16.0/GNU-tools-for-STM32/bin/../lib/gcc/arm-none-eabi/12.3.1/thumb/v7e-m+fp/hard\libgcc.a(_arm_cmpdf2.o)
 .ARM.attributes
                0x000006d8       0x22 C:/ST/STM32CubeCLT_1.16.0/GNU-tools-for-STM32/bin/../lib/gcc/arm-none-eabi/12.3.1/thumb/v7e-m+fp/hard\libgcc.a(_arm_fixdfsi.o)
 .ARM.attributes
                0x000006fa       0x22 C:/ST/STM32CubeCLT_1.16.0/GNU-tools-for-STM32/bin/../lib/gcc/arm-none-eabi/12.3.1/thumb/v7e-m+fp/hard\libgcc.a(_arm_fixunsdfsi.o)
 .ARM.attributes
                0x0000071c       0x22 C:/ST/STM32CubeCLT_1.16.0/GNU-tools-for-STM32/bin/../lib/gcc/arm-none-eabi/12.3.1/thumb/v7e-m+fp/hard\libgcc.a(_aeabi_uldivmod.o)
 .ARM.attributes
                0x0000073e       0x34 C:/ST/STM32CubeCLT_1.16.0/GNU-tools-for-STM32/bin/../lib/gcc/arm-none-eabi/12.3.1/thumb/v7e-m+fp/hard\libgcc.a(_udivmoddi4.o)
 .ARM.attributes
                0x00000772       0x22 C:/ST/STM32CubeCLT_1.16.0/GNU-tools-for-STM32/bin/../lib/gcc/arm-none-eabi/12.3.1/thumb/v7e-m+fp/hard\libgcc.a(_dvmd_tls.o)
 .ARM.attributes
                0x00000794       0x22 C:/ST/STM32CubeCLT_1.16.0/GNU-tools-for-STM32/bin/../lib/gcc/arm-none-eabi/12.3.1/thumb/v7e-m+fp/hard/crtn.o
OUTPUT(build/FirmwaveSTM32.elf elf32-littlearm)
LOAD linker stubs
LOAD C:/ST/STM32CubeCLT_1.16.0/GNU-tools-for-STM32/bin/../lib/gcc/arm-none-eabi/12.3.1/../../../../arm-none-eabi/lib/thumb/v7e-m+fp/hard\libc.a
LOAD C:/ST/STM32CubeCLT_1.16.0/GNU-tools-for-STM32/bin/../lib/gcc/arm-none-eabi/12.3.1/../../../../arm-none-eabi/lib/thumb/v7e-m+fp/hard\libm.a
LOAD C:/ST/STM32CubeCLT_1.16.0/GNU-tools-for-STM32/bin/../lib/gcc/arm-none-eabi/12.3.1/thumb/v7e-m+fp/hard\libgcc.a

.debug_info     0x00000000    0x1ce89
 .debug_info    0x00000000      0xf6e build/main.o
 .debug_info    0x00000f6e     0x1bed build/printf.o
 .debug_info    0x00002b5b      0x300 build/stm32f4xx_hal_msp.o
 .debug_info    0x00002e5b      0x110 build/stm32f4xx_it.o
 .debug_info    0x00002f6b      0x5b3 build/system_stm32f4xx.o
 .debug_info    0x0000351e     0x12fd build/encoder.o
 .debug_info    0x0000481b      0xaff build/SysConfig.o
 .debug_info    0x0000531a      0xf9d build/usart.o
 .debug_info    0x000062b7      0xafa build/stm32f4xx_hal.o
 .debug_info    0x00006db1     0x11a6 build/stm32f4xx_hal_cortex.o
 .debug_info    0x00007f57      0xbce build/stm32f4xx_hal_dma.o
 .debug_info    0x00008b25      0x848 build/stm32f4xx_hal_gpio.o
 .debug_info    0x0000936d      0xc0a build/stm32f4xx_hal_rcc.o
 .debug_info    0x00009f77     0x412d build/stm32f4xx_hal_tim.o
 .debug_info    0x0000e0a4     0x1d81 build/stm32f4xx_hal_tim_ex.o
 .debug_info    0x0000fe25     0x436c build/stm32f4xx_hal_uart.o
 .debug_info    0x00014191      0x30f build/list.o
 .debug_info    0x000144a0     0x25ec build/queue.o
 .debug_info    0x00016a8c     0x338c build/tasks.o
 .debug_info    0x00019e18     0x14e3 build/timers.o
 .debug_info    0x0001b2fb      0x3a7 build/arm_biquad_cascade_df2T_f32.o
 .debug_info    0x0001b6a2      0x1da build/arm_biquad_cascade_df2T_init_f32.o
 .debug_info    0x0001b87c       0xc3 build/Butter_Worth_Filtor.o
 .debug_info    0x0001b93f      0x878 build/dsp.o
 .debug_info    0x0001c1b7      0x5c2 build/port.o
 .debug_info    0x0001c779      0x6e0 build/heap_4.o
 .debug_info    0x0001ce59       0x30 build/startup_stm32f407xx.o

.debug_abbrev   0x00000000     0x3ca2
 .debug_abbrev  0x00000000      0x2c3 build/main.o
 .debug_abbrev  0x000002c3      0x3d2 build/printf.o
 .debug_abbrev  0x00000695       0xd3 build/stm32f4xx_hal_msp.o
 .debug_abbrev  0x00000768       0x46 build/stm32f4xx_it.o
 .debug_abbrev  0x000007ae      0x11b build/system_stm32f4xx.o
 .debug_abbrev  0x000008c9      0x277 build/encoder.o
 .debug_abbrev  0x00000b40      0x1f7 build/SysConfig.o
 .debug_abbrev  0x00000d37      0x243 build/usart.o
 .debug_abbrev  0x00000f7a      0x244 build/stm32f4xx_hal.o
 .debug_abbrev  0x000011be      0x3ca build/stm32f4xx_hal_cortex.o
 .debug_abbrev  0x00001588      0x2fe build/stm32f4xx_hal_dma.o
 .debug_abbrev  0x00001886      0x22b build/stm32f4xx_hal_gpio.o
 .debug_abbrev  0x00001ab1      0x2de build/stm32f4xx_hal_rcc.o
 .debug_abbrev  0x00001d8f      0x2bd build/stm32f4xx_hal_tim.o
 .debug_abbrev  0x0000204c      0x2b7 build/stm32f4xx_hal_tim_ex.o
 .debug_abbrev  0x00002303      0x36f build/stm32f4xx_hal_uart.o
 .debug_abbrev  0x00002672      0x124 build/list.o
 .debug_abbrev  0x00002796      0x39f build/queue.o
 .debug_abbrev  0x00002b35      0x403 build/tasks.o
 .debug_abbrev  0x00002f38      0x33d build/timers.o
 .debug_abbrev  0x00003275      0x10e build/arm_biquad_cascade_df2T_f32.o
 .debug_abbrev  0x00003383      0x105 build/arm_biquad_cascade_df2T_init_f32.o
 .debug_abbrev  0x00003488       0x5a build/Butter_Worth_Filtor.o
 .debug_abbrev  0x000034e2      0x21f build/dsp.o
 .debug_abbrev  0x00003701      0x2af build/port.o
 .debug_abbrev  0x000039b0      0x2d5 build/heap_4.o
 .debug_abbrev  0x00003c85       0x1d build/startup_stm32f407xx.o

.debug_loc      0x00000000    0x18f2b
 .debug_loc     0x00000000       0xc3 build/main.o
 .debug_loc     0x000000c3     0x22f6 build/printf.o
 .debug_loc     0x000023b9       0x2c build/stm32f4xx_hal_msp.o
 .debug_loc     0x000023e5      0x158 build/system_stm32f4xx.o
 .debug_loc     0x0000253d      0x1e7 build/encoder.o
 .debug_loc     0x00002724       0x7f build/SysConfig.o
 .debug_loc     0x000027a3      0x201 build/usart.o
 .debug_loc     0x000029a4      0x1e1 build/stm32f4xx_hal.o
 .debug_loc     0x00002b85      0x7c7 build/stm32f4xx_hal_cortex.o
 .debug_loc     0x0000334c      0xd6d build/stm32f4xx_hal_dma.o
 .debug_loc     0x000040b9      0x5db build/stm32f4xx_hal_gpio.o
 .debug_loc     0x00004694      0x6e4 build/stm32f4xx_hal_rcc.o
 .debug_loc     0x00004d78     0x5c3b build/stm32f4xx_hal_tim.o
 .debug_loc     0x0000a9b3     0x2168 build/stm32f4xx_hal_tim_ex.o
 .debug_loc     0x0000cb1b     0x4d3f build/stm32f4xx_hal_uart.o
 .debug_loc     0x0001185a       0xe5 build/list.o
 .debug_loc     0x0001193f     0x1cb3 build/queue.o
 .debug_loc     0x000135f2     0x2f6d build/tasks.o
 .debug_loc     0x0001655f     0x1191 build/timers.o
 .debug_loc     0x000176f0      0xd0d build/arm_biquad_cascade_df2T_f32.o
 .debug_loc     0x000183fd       0xe6 build/arm_biquad_cascade_df2T_init_f32.o
 .debug_loc     0x000184e3      0x30a build/dsp.o
 .debug_loc     0x000187ed      0x1c0 build/port.o
 .debug_loc     0x000189ad      0x57e build/heap_4.o

.debug_aranges  0x00000000     0x12d8
 .debug_aranges
                0x00000000       0x30 build/main.o
 .debug_aranges
                0x00000030       0xa8 build/printf.o
 .debug_aranges
                0x000000d8       0x20 build/stm32f4xx_hal_msp.o
 .debug_aranges
                0x000000f8       0x48 build/stm32f4xx_it.o
 .debug_aranges
                0x00000140       0x28 build/system_stm32f4xx.o
 .debug_aranges
                0x00000168       0x60 build/encoder.o
 .debug_aranges
                0x000001c8       0x30 build/SysConfig.o
 .debug_aranges
                0x000001f8       0x48 build/usart.o
 .debug_aranges
                0x00000240       0xf0 build/stm32f4xx_hal.o
 .debug_aranges
                0x00000330       0xf8 build/stm32f4xx_hal_cortex.o
 .debug_aranges
                0x00000428       0x90 build/stm32f4xx_hal_dma.o
 .debug_aranges
                0x000004b8       0x58 build/stm32f4xx_hal_gpio.o
 .debug_aranges
                0x00000510       0x88 build/stm32f4xx_hal_rcc.o
 .debug_aranges
                0x00000598      0x3d0 build/stm32f4xx_hal_tim.o
 .debug_aranges
                0x00000968      0x168 build/stm32f4xx_hal_tim_ex.o
 .debug_aranges
                0x00000ad0      0x208 build/stm32f4xx_hal_uart.o
 .debug_aranges
                0x00000cd8       0x40 build/list.o
 .debug_aranges
                0x00000d18      0x130 build/queue.o
 .debug_aranges
                0x00000e48      0x1f8 build/tasks.o
 .debug_aranges
                0x00001040       0xe8 build/timers.o
 .debug_aranges
                0x00001128       0x20 build/arm_biquad_cascade_df2T_f32.o
 .debug_aranges
                0x00001148       0x20 build/arm_biquad_cascade_df2T_init_f32.o
 .debug_aranges
                0x00001168       0x18 build/Butter_Worth_Filtor.o
 .debug_aranges
                0x00001180       0x50 build/dsp.o
 .debug_aranges
                0x000011d0       0x80 build/port.o
 .debug_aranges
                0x00001250       0x60 build/heap_4.o
 .debug_aranges
                0x000012b0       0x28 build/startup_stm32f407xx.o

.debug_ranges   0x00000000     0x1568
 .debug_ranges  0x00000000       0x20 build/main.o
 .debug_ranges  0x00000020      0x150 build/printf.o
 .debug_ranges  0x00000170       0x10 build/stm32f4xx_hal_msp.o
 .debug_ranges  0x00000180       0x38 build/stm32f4xx_it.o
 .debug_ranges  0x000001b8       0x18 build/system_stm32f4xx.o
 .debug_ranges  0x000001d0       0x50 build/encoder.o
 .debug_ranges  0x00000220       0x20 build/SysConfig.o
 .debug_ranges  0x00000240       0x38 build/usart.o
 .debug_ranges  0x00000278       0xe0 build/stm32f4xx_hal.o
 .debug_ranges  0x00000358       0xe8 build/stm32f4xx_hal_cortex.o
 .debug_ranges  0x00000440       0x80 build/stm32f4xx_hal_dma.o
 .debug_ranges  0x000004c0       0x48 build/stm32f4xx_hal_gpio.o
 .debug_ranges  0x00000508       0x90 build/stm32f4xx_hal_rcc.o
 .debug_ranges  0x00000598      0x3c0 build/stm32f4xx_hal_tim.o
 .debug_ranges  0x00000958      0x158 build/stm32f4xx_hal_tim_ex.o
 .debug_ranges  0x00000ab0      0x210 build/stm32f4xx_hal_uart.o
 .debug_ranges  0x00000cc0       0x30 build/list.o
 .debug_ranges  0x00000cf0      0x220 build/queue.o
 .debug_ranges  0x00000f10      0x428 build/tasks.o
 .debug_ranges  0x00001338       0xd8 build/timers.o
 .debug_ranges  0x00001410       0x10 build/arm_biquad_cascade_df2T_f32.o
 .debug_ranges  0x00001420       0x10 build/arm_biquad_cascade_df2T_init_f32.o
 .debug_ranges  0x00001430       0x40 build/dsp.o
 .debug_ranges  0x00001470       0x88 build/port.o
 .debug_ranges  0x000014f8       0x50 build/heap_4.o
 .debug_ranges  0x00001548       0x20 build/startup_stm32f407xx.o

.debug_line     0x00000000    0x17c8f
 .debug_line    0x00000000      0x478 build/main.o
 .debug_line    0x00000478     0x124b build/printf.o
 .debug_line    0x000016c3      0x1b1 build/stm32f4xx_hal_msp.o
 .debug_line    0x00001874      0x106 build/stm32f4xx_it.o
 .debug_line    0x0000197a      0x2a9 build/system_stm32f4xx.o
 .debug_line    0x00001c23      0x522 build/encoder.o
 .debug_line    0x00002145      0x3c5 build/SysConfig.o
 .debug_line    0x0000250a      0x4dc build/usart.o
 .debug_line    0x000029e6      0x5c1 build/stm32f4xx_hal.o
 .debug_line    0x00002fa7      0x8ae build/stm32f4xx_hal_cortex.o
 .debug_line    0x00003855      0xeb5 build/stm32f4xx_hal_dma.o
 .debug_line    0x0000470a      0x718 build/stm32f4xx_hal_gpio.o
 .debug_line    0x00004e22      0xb97 build/stm32f4xx_hal_rcc.o
 .debug_line    0x000059b9     0x4ad3 build/stm32f4xx_hal_tim.o
 .debug_line    0x0000a48c     0x1d6c build/stm32f4xx_hal_tim_ex.o
 .debug_line    0x0000c1f8     0x431a build/stm32f4xx_hal_uart.o
 .debug_line    0x00010512      0x37f build/list.o
 .debug_line    0x00010891     0x1d37 build/queue.o
 .debug_line    0x000125c8     0x2f17 build/tasks.o
 .debug_line    0x000154df      0xc8f build/timers.o
 .debug_line    0x0001616e      0x37b build/arm_biquad_cascade_df2T_f32.o
 .debug_line    0x000164e9      0x2d4 build/arm_biquad_cascade_df2T_init_f32.o
 .debug_line    0x000167bd       0x72 build/Butter_Worth_Filtor.o
 .debug_line    0x0001682f      0x4e1 build/dsp.o
 .debug_line    0x00016d10      0x6f6 build/port.o
 .debug_line    0x00017406      0x813 build/heap_4.o
 .debug_line    0x00017c19       0x76 build/startup_stm32f407xx.o

.debug_str      0x00000000     0x61eb
 .debug_str     0x00000000      0x99d build/main.o
                                0xad2 (size before relaxing)
 .debug_str     0x0000099d      0x273 build/printf.o
                                0x42f (size before relaxing)
 .debug_str     0x00000c10      0x127 build/stm32f4xx_hal_msp.o
                                0x29f (size before relaxing)
 .debug_str     0x00000d37       0x7d build/stm32f4xx_it.o
                                0x1dc (size before relaxing)
 .debug_str     0x00000db4       0xd8 build/system_stm32f4xx.o
                                0x347 (size before relaxing)
 .debug_str     0x00000e8c      0xa86 build/encoder.o
                               0x104a (size before relaxing)
 .debug_str     0x00001912      0x1b9 build/SysConfig.o
                                0xa4e (size before relaxing)
 .debug_str     0x00001acb       0x9d build/usart.o
                                0xd9a (size before relaxing)
 .debug_str     0x00001b68      0x358 build/stm32f4xx_hal.o
                                0xb36 (size before relaxing)
 .debug_str     0x00001ec0      0x472 build/stm32f4xx_hal_cortex.o
                                0xc47 (size before relaxing)
 .debug_str     0x00002332      0x30b build/stm32f4xx_hal_dma.o
                                0x748 (size before relaxing)
 .debug_str     0x0000263d       0xdb build/stm32f4xx_hal_gpio.o
                                0x4b2 (size before relaxing)
 .debug_str     0x00002718      0x185 build/stm32f4xx_hal_rcc.o
                                0x6d8 (size before relaxing)
 .debug_str     0x0000289d      0xe43 build/stm32f4xx_hal_tim.o
                               0x16d1 (size before relaxing)
 .debug_str     0x000036e0      0x4eb build/stm32f4xx_hal_tim_ex.o
                                0xedd (size before relaxing)
 .debug_str     0x00003bcb      0x5fe build/stm32f4xx_hal_uart.o
                                0xd6d (size before relaxing)
 .debug_str     0x000041c9      0x138 build/list.o
                                0x2c0 (size before relaxing)
 .debug_str     0x00004301      0x86f build/queue.o
                                0xb7b (size before relaxing)
 .debug_str     0x00004b70      0xbc3 build/tasks.o
                               0x11d6 (size before relaxing)
 .debug_str     0x00005733      0x46d build/timers.o
                                0x90a (size before relaxing)
 .debug_str     0x00005ba0       0xa0 build/arm_biquad_cascade_df2T_f32.o
                                0x26d (size before relaxing)
 .debug_str     0x00005c40       0x70 build/arm_biquad_cascade_df2T_init_f32.o
                                0x25c (size before relaxing)
 .debug_str     0x00005cb0       0x51 build/Butter_Worth_Filtor.o
                                0x1ba (size before relaxing)
 .debug_str     0x00005d01       0x7d build/dsp.o
                                0x54e (size before relaxing)
 .debug_str     0x00005d7e      0x179 build/port.o
                                0x43c (size before relaxing)
 .debug_str     0x00005ef7      0x2c2 build/heap_4.o
                                0x50e (size before relaxing)
 .debug_str     0x000061b9       0x32 build/startup_stm32f407xx.o
                                 0x54 (size before relaxing)

.comment        0x00000000       0x43
 .comment       0x00000000       0x43 build/main.o
                                 0x44 (size before relaxing)
 .comment       0x00000043       0x44 build/printf.o
 .comment       0x00000043       0x44 build/stm32f4xx_hal_msp.o
 .comment       0x00000043       0x44 build/stm32f4xx_it.o
 .comment       0x00000043       0x44 build/system_stm32f4xx.o
 .comment       0x00000043       0x44 build/encoder.o
 .comment       0x00000043       0x44 build/SysConfig.o
 .comment       0x00000043       0x44 build/usart.o
 .comment       0x00000043       0x44 build/stm32f4xx_hal.o
 .comment       0x00000043       0x44 build/stm32f4xx_hal_cortex.o
 .comment       0x00000043       0x44 build/stm32f4xx_hal_dma.o
 .comment       0x00000043       0x44 build/stm32f4xx_hal_gpio.o
 .comment       0x00000043       0x44 build/stm32f4xx_hal_rcc.o
 .comment       0x00000043       0x44 build/stm32f4xx_hal_tim.o
 .comment       0x00000043       0x44 build/stm32f4xx_hal_tim_ex.o
 .comment       0x00000043       0x44 build/stm32f4xx_hal_uart.o
 .comment       0x00000043       0x44 build/list.o
 .comment       0x00000043       0x44 build/queue.o
 .comment       0x00000043       0x44 build/tasks.o
 .comment       0x00000043       0x44 build/timers.o
 .comment       0x00000043       0x44 build/arm_biquad_cascade_df2T_f32.o
 .comment       0x00000043       0x44 build/arm_biquad_cascade_df2T_init_f32.o
 .comment       0x00000043       0x44 build/Butter_Worth_Filtor.o
 .comment       0x00000043       0x44 build/dsp.o
 .comment       0x00000043       0x44 build/port.o
 .comment       0x00000043       0x44 build/heap_4.o

.debug_frame    0x00000000     0x35f8
 .debug_frame   0x00000000       0x5c build/main.o
 .debug_frame   0x0000005c      0x2c8 build/printf.o
 .debug_frame   0x00000324       0x28 build/stm32f4xx_hal_msp.o
 .debug_frame   0x0000034c       0x70 build/stm32f4xx_it.o
 .debug_frame   0x000003bc       0x30 build/system_stm32f4xx.o
 .debug_frame   0x000003ec       0xf8 build/encoder.o
 .debug_frame   0x000004e4       0x64 build/SysConfig.o
 .debug_frame   0x00000548       0xac build/usart.o
 .debug_frame   0x000005f4      0x1ec build/stm32f4xx_hal.o
 .debug_frame   0x000007e0      0x214 build/stm32f4xx_hal_cortex.o
 .debug_frame   0x000009f4      0x188 build/stm32f4xx_hal_dma.o
 .debug_frame   0x00000b7c       0xd8 build/stm32f4xx_hal_gpio.o
 .debug_frame   0x00000c54      0x16c build/stm32f4xx_hal_rcc.o
 .debug_frame   0x00000dc0      0xb10 build/stm32f4xx_hal_tim.o
 .debug_frame   0x000018d0      0x40c build/stm32f4xx_hal_tim_ex.o
 .debug_frame   0x00001cdc      0x5dc build/stm32f4xx_hal_uart.o
 .debug_frame   0x000022b8       0x70 build/list.o
 .debug_frame   0x00002328      0x3cc build/queue.o
 .debug_frame   0x000026f4      0x644 build/tasks.o
 .debug_frame   0x00002d38      0x2bc build/timers.o
 .debug_frame   0x00002ff4       0x38 build/arm_biquad_cascade_df2T_f32.o
 .debug_frame   0x0000302c       0x2c build/arm_biquad_cascade_df2T_init_f32.o
 .debug_frame   0x00003058       0xc8 build/dsp.o
 .debug_frame   0x00003120      0x110 build/port.o
 .debug_frame   0x00003230       0xec build/heap_4.o
 .debug_frame   0x0000331c       0x20 C:/ST/STM32CubeCLT_1.16.0/GNU-tools-for-STM32/bin/../lib/gcc/arm-none-eabi/12.3.1/../../../../arm-none-eabi/lib/thumb/v7e-m+fp/hard\libc_nano.a(libc_a-memset.o)
 .debug_frame   0x0000333c       0x2c C:/ST/STM32CubeCLT_1.16.0/GNU-tools-for-STM32/bin/../lib/gcc/arm-none-eabi/12.3.1/../../../../arm-none-eabi/lib/thumb/v7e-m+fp/hard\libc_nano.a(libc_a-init.o)
 .debug_frame   0x00003368       0x28 C:/ST/STM32CubeCLT_1.16.0/GNU-tools-for-STM32/bin/../lib/gcc/arm-none-eabi/12.3.1/../../../../arm-none-eabi/lib/thumb/v7e-m+fp/hard\libc_nano.a(libc_a-memcpy-stub.o)
 .debug_frame   0x00003390       0xac C:/ST/STM32CubeCLT_1.16.0/GNU-tools-for-STM32/bin/../lib/gcc/arm-none-eabi/12.3.1/thumb/v7e-m+fp/hard\libgcc.a(_arm_addsubdf3.o)
 .debug_frame   0x0000343c       0x50 C:/ST/STM32CubeCLT_1.16.0/GNU-tools-for-STM32/bin/../lib/gcc/arm-none-eabi/12.3.1/thumb/v7e-m+fp/hard\libgcc.a(_arm_muldivdf3.o)
 .debug_frame   0x0000348c       0xc4 C:/ST/STM32CubeCLT_1.16.0/GNU-tools-for-STM32/bin/../lib/gcc/arm-none-eabi/12.3.1/thumb/v7e-m+fp/hard\libgcc.a(_arm_cmpdf2.o)
 .debug_frame   0x00003550       0x24 C:/ST/STM32CubeCLT_1.16.0/GNU-tools-for-STM32/bin/../lib/gcc/arm-none-eabi/12.3.1/thumb/v7e-m+fp/hard\libgcc.a(_arm_fixdfsi.o)
 .debug_frame   0x00003574       0x24 C:/ST/STM32CubeCLT_1.16.0/GNU-tools-for-STM32/bin/../lib/gcc/arm-none-eabi/12.3.1/thumb/v7e-m+fp/hard\libgcc.a(_arm_fixunsdfsi.o)
 .debug_frame   0x00003598       0x2c C:/ST/STM32CubeCLT_1.16.0/GNU-tools-for-STM32/bin/../lib/gcc/arm-none-eabi/12.3.1/thumb/v7e-m+fp/hard\libgcc.a(_aeabi_uldivmod.o)
 .debug_frame   0x000035c4       0x34 C:/ST/STM32CubeCLT_1.16.0/GNU-tools-for-STM32/bin/../lib/gcc/arm-none-eabi/12.3.1/thumb/v7e-m+fp/hard\libgcc.a(_udivmoddi4.o)

Cross Reference Table

Symbol                                            File
ADC_IRQHandler                                    build/startup_stm32f407xx.o
AHBPrescTable                                     build/system_stm32f4xx.o
                                                  build/stm32f4xx_hal_rcc.o
APBPrescTable                                     build/system_stm32f4xx.o
                                                  build/stm32f4xx_hal_rcc.o
Active_new                                        build/Active_Object.o
BusFault_Handler                                  build/stm32f4xx_it.o
CAN1_RX0_IRQHandler                               build/startup_stm32f407xx.o
CAN1_RX1_IRQHandler                               build/startup_stm32f407xx.o
CAN1_SCE_IRQHandler                               build/startup_stm32f407xx.o
CAN1_TX_IRQHandler                                build/startup_stm32f407xx.o
CAN2_RX0_IRQHandler                               build/startup_stm32f407xx.o
CAN2_RX1_IRQHandler                               build/startup_stm32f407xx.o
CAN2_SCE_IRQHandler                               build/startup_stm32f407xx.o
CAN2_TX_IRQHandler                                build/startup_stm32f407xx.o
CommuniQueue                                      build/main.o
CommuniSemaphore                                  build/main.o
CommunicationTask                                 build/main.o
DCMI_IRQHandler                                   build/startup_stm32f407xx.o
DMA1_Stream0_IRQHandler                           build/startup_stm32f407xx.o
DMA1_Stream1_IRQHandler                           build/startup_stm32f407xx.o
DMA1_Stream2_IRQHandler                           build/startup_stm32f407xx.o
DMA1_Stream3_IRQHandler                           build/startup_stm32f407xx.o
DMA1_Stream4_IRQHandler                           build/startup_stm32f407xx.o
DMA1_Stream5_IRQHandler                           build/startup_stm32f407xx.o
DMA1_Stream6_IRQHandler                           build/startup_stm32f407xx.o
DMA1_Stream7_IRQHandler                           build/startup_stm32f407xx.o
DMA2_Stream0_IRQHandler                           build/startup_stm32f407xx.o
DMA2_Stream1_IRQHandler                           build/startup_stm32f407xx.o
DMA2_Stream2_IRQHandler                           build/startup_stm32f407xx.o
DMA2_Stream3_IRQHandler                           build/startup_stm32f407xx.o
DMA2_Stream4_IRQHandler                           build/startup_stm32f407xx.o
DMA2_Stream5_IRQHandler                           build/startup_stm32f407xx.o
DMA2_Stream6_IRQHandler                           build/startup_stm32f407xx.o
DMA2_Stream7_IRQHandler                           build/startup_stm32f407xx.o
DebugMon_Handler                                  build/stm32f4xx_it.o
Default_Handler                                   build/startup_stm32f407xx.o
Differentiator_new                                build/dsp.o
Driver_Encoder_Init                               build/encoder.o
                                                  build/main.o
Driver_USART_Init                                 build/usart.o
                                                  build/main.o
DutyCycle                                         build/main.o
ETH_IRQHandler                                    build/startup_stm32f407xx.o
ETH_WKUP_IRQHandler                               build/startup_stm32f407xx.o
EXTI0_IRQHandler                                  build/startup_stm32f407xx.o
EXTI15_10_IRQHandler                              build/startup_stm32f407xx.o
EXTI1_IRQHandler                                  build/encoder.o
EXTI2_IRQHandler                                  build/startup_stm32f407xx.o
EXTI3_IRQHandler                                  build/startup_stm32f407xx.o
EXTI4_IRQHandler                                  build/startup_stm32f407xx.o
EXTI9_5_IRQHandler                                build/startup_stm32f407xx.o
Error_Handler                                     build/SysConfig.o
FLASH_Erase_Sector                                build/stm32f4xx_hal_flash_ex.o
                                                  build/stm32f4xx_hal_flash.o
FLASH_FlushCaches                                 build/stm32f4xx_hal_flash_ex.o
                                                  build/stm32f4xx_hal_flash.o
FLASH_IRQHandler                                  build/startup_stm32f407xx.o
FLASH_WaitForLastOperation                        build/stm32f4xx_hal_flash.o
                                                  build/stm32f4xx_hal_flash_ex.o
FPU_IRQHandler                                    build/startup_stm32f407xx.o
FSMC_IRQHandler                                   build/startup_stm32f407xx.o
HAL_CORTEX_ClearEvent                             build/stm32f4xx_hal_cortex.o
HAL_DBGMCU_DisableDBGSleepMode                    build/stm32f4xx_hal.o
HAL_DBGMCU_DisableDBGStandbyMode                  build/stm32f4xx_hal.o
HAL_DBGMCU_DisableDBGStopMode                     build/stm32f4xx_hal.o
HAL_DBGMCU_EnableDBGSleepMode                     build/stm32f4xx_hal.o
HAL_DBGMCU_EnableDBGStandbyMode                   build/stm32f4xx_hal.o
HAL_DBGMCU_EnableDBGStopMode                      build/stm32f4xx_hal.o
HAL_DMAEx_ChangeMemory                            build/stm32f4xx_hal_dma_ex.o
HAL_DMAEx_MultiBufferStart                        build/stm32f4xx_hal_dma_ex.o
HAL_DMAEx_MultiBufferStart_IT                     build/stm32f4xx_hal_dma_ex.o
HAL_DMA_Abort                                     build/stm32f4xx_hal_dma.o
                                                  build/stm32f4xx_hal_uart.o
HAL_DMA_Abort_IT                                  build/stm32f4xx_hal_dma.o
                                                  build/stm32f4xx_hal_uart.o
                                                  build/stm32f4xx_hal_tim_ex.o
                                                  build/stm32f4xx_hal_tim.o
HAL_DMA_DeInit                                    build/stm32f4xx_hal_dma.o
HAL_DMA_GetError                                  build/stm32f4xx_hal_dma.o
                                                  build/stm32f4xx_hal_uart.o
HAL_DMA_GetState                                  build/stm32f4xx_hal_dma.o
HAL_DMA_IRQHandler                                build/stm32f4xx_hal_dma.o
HAL_DMA_Init                                      build/stm32f4xx_hal_dma.o
HAL_DMA_PollForTransfer                           build/stm32f4xx_hal_dma.o
HAL_DMA_RegisterCallback                          build/stm32f4xx_hal_dma.o
HAL_DMA_Start                                     build/stm32f4xx_hal_dma.o
HAL_DMA_Start_IT                                  build/stm32f4xx_hal_dma.o
                                                  build/stm32f4xx_hal_uart.o
                                                  build/stm32f4xx_hal_tim_ex.o
                                                  build/stm32f4xx_hal_tim.o
HAL_DMA_UnRegisterCallback                        build/stm32f4xx_hal_dma.o
HAL_DeInit                                        build/stm32f4xx_hal.o
HAL_Delay                                         build/stm32f4xx_hal.o
HAL_DisableCompensationCell                       build/stm32f4xx_hal.o
HAL_EXTI_ClearConfigLine                          build/stm32f4xx_hal_exti.o
HAL_EXTI_ClearPending                             build/stm32f4xx_hal_exti.o
HAL_EXTI_GenerateSWI                              build/stm32f4xx_hal_exti.o
HAL_EXTI_GetConfigLine                            build/stm32f4xx_hal_exti.o
HAL_EXTI_GetHandle                                build/stm32f4xx_hal_exti.o
HAL_EXTI_GetPending                               build/stm32f4xx_hal_exti.o
HAL_EXTI_IRQHandler                               build/stm32f4xx_hal_exti.o
HAL_EXTI_RegisterCallback                         build/stm32f4xx_hal_exti.o
HAL_EXTI_SetConfigLine                            build/stm32f4xx_hal_exti.o
HAL_EnableCompensationCell                        build/stm32f4xx_hal.o
HAL_FLASHEx_Erase                                 build/stm32f4xx_hal_flash_ex.o
HAL_FLASHEx_Erase_IT                              build/stm32f4xx_hal_flash_ex.o
HAL_FLASHEx_OBGetConfig                           build/stm32f4xx_hal_flash_ex.o
HAL_FLASHEx_OBProgram                             build/stm32f4xx_hal_flash_ex.o
HAL_FLASH_EndOfOperationCallback                  build/stm32f4xx_hal_flash.o
HAL_FLASH_GetError                                build/stm32f4xx_hal_flash.o
HAL_FLASH_IRQHandler                              build/stm32f4xx_hal_flash.o
HAL_FLASH_Lock                                    build/stm32f4xx_hal_flash.o
HAL_FLASH_OB_Launch                               build/stm32f4xx_hal_flash.o
HAL_FLASH_OB_Lock                                 build/stm32f4xx_hal_flash.o
HAL_FLASH_OB_Unlock                               build/stm32f4xx_hal_flash.o
HAL_FLASH_OperationErrorCallback                  build/stm32f4xx_hal_flash.o
HAL_FLASH_Program                                 build/stm32f4xx_hal_flash.o
HAL_FLASH_Program_IT                              build/stm32f4xx_hal_flash.o
HAL_FLASH_Unlock                                  build/stm32f4xx_hal_flash.o
HAL_GPIO_DeInit                                   build/stm32f4xx_hal_gpio.o
HAL_GPIO_EXTI_Callback                            build/encoder.o
HAL_GPIO_EXTI_IRQHandler                          build/stm32f4xx_hal_gpio.o
                                                  build/encoder.o
HAL_GPIO_Init                                     build/stm32f4xx_hal_gpio.o
                                                  build/stm32f4xx_hal_rcc.o
                                                  build/usart.o
                                                  build/SysConfig.o
                                                  build/encoder.o
HAL_GPIO_LockPin                                  build/stm32f4xx_hal_gpio.o
HAL_GPIO_ReadPin                                  build/stm32f4xx_hal_gpio.o
HAL_GPIO_TogglePin                                build/stm32f4xx_hal_gpio.o
                                                  build/encoder.o
HAL_GPIO_WritePin                                 build/stm32f4xx_hal_gpio.o
                                                  build/SysConfig.o
HAL_GetDEVID                                      build/stm32f4xx_hal.o
HAL_GetHalVersion                                 build/stm32f4xx_hal.o
HAL_GetREVID                                      build/stm32f4xx_hal.o
HAL_GetTick                                       build/stm32f4xx_hal.o
                                                  build/stm32f4xx_hal_uart.o
                                                  build/stm32f4xx_hal_rcc_ex.o
                                                  build/stm32f4xx_hal_rcc.o
                                                  build/stm32f4xx_hal_pwr_ex.o
                                                  build/stm32f4xx_hal_flash.o
                                                  build/stm32f4xx_hal_dma.o
HAL_GetTickFreq                                   build/stm32f4xx_hal.o
HAL_GetTickPrio                                   build/stm32f4xx_hal.o
HAL_GetUIDw0                                      build/stm32f4xx_hal.o
HAL_GetUIDw1                                      build/stm32f4xx_hal.o
HAL_GetUIDw2                                      build/stm32f4xx_hal.o
HAL_HalfDuplex_EnableReceiver                     build/stm32f4xx_hal_uart.o
HAL_HalfDuplex_EnableTransmitter                  build/stm32f4xx_hal_uart.o
HAL_HalfDuplex_Init                               build/stm32f4xx_hal_uart.o
HAL_IncTick                                       build/stm32f4xx_hal.o
HAL_Init                                          build/stm32f4xx_hal.o
                                                  build/main.o
HAL_InitTick                                      build/stm32f4xx_hal.o
                                                  build/stm32f4xx_hal_rcc_ex.o
                                                  build/stm32f4xx_hal_rcc.o
HAL_LIN_Init                                      build/stm32f4xx_hal_uart.o
HAL_LIN_SendBreak                                 build/stm32f4xx_hal_uart.o
HAL_MPU_ConfigRegion                              build/stm32f4xx_hal_cortex.o
HAL_MPU_Disable                                   build/stm32f4xx_hal_cortex.o
HAL_MPU_DisableRegion                             build/stm32f4xx_hal_cortex.o
HAL_MPU_Enable                                    build/stm32f4xx_hal_cortex.o
HAL_MPU_EnableRegion                              build/stm32f4xx_hal_cortex.o
HAL_MspDeInit                                     build/stm32f4xx_hal.o
HAL_MspInit                                       build/stm32f4xx_hal_msp.o
HAL_MultiProcessor_EnterMuteMode                  build/stm32f4xx_hal_uart.o
HAL_MultiProcessor_ExitMuteMode                   build/stm32f4xx_hal_uart.o
HAL_MultiProcessor_Init                           build/stm32f4xx_hal_uart.o
HAL_NVIC_ClearPendingIRQ                          build/stm32f4xx_hal_cortex.o
HAL_NVIC_DisableIRQ                               build/stm32f4xx_hal_cortex.o
HAL_NVIC_EnableIRQ                                build/stm32f4xx_hal_cortex.o
                                                  build/usart.o
                                                  build/SysConfig.o
                                                  build/encoder.o
HAL_NVIC_GetActive                                build/stm32f4xx_hal_cortex.o
HAL_NVIC_GetPendingIRQ                            build/stm32f4xx_hal_cortex.o
HAL_NVIC_GetPriority                              build/stm32f4xx_hal_cortex.o
HAL_NVIC_GetPriorityGrouping                      build/stm32f4xx_hal_cortex.o
HAL_NVIC_SetPendingIRQ                            build/stm32f4xx_hal_cortex.o
HAL_NVIC_SetPriority                              build/stm32f4xx_hal_cortex.o
                                                  build/stm32f4xx_hal.o
                                                  build/usart.o
                                                  build/SysConfig.o
                                                  build/encoder.o
HAL_NVIC_SetPriorityGrouping                      build/stm32f4xx_hal_cortex.o
                                                  build/stm32f4xx_hal.o
HAL_NVIC_SystemReset                              build/stm32f4xx_hal_cortex.o
HAL_PWREx_ControlVoltageScaling                   build/stm32f4xx_hal_pwr_ex.o
HAL_PWREx_DisableBkUpReg                          build/stm32f4xx_hal_pwr_ex.o
HAL_PWREx_DisableFlashPowerDown                   build/stm32f4xx_hal_pwr_ex.o
HAL_PWREx_EnableBkUpReg                           build/stm32f4xx_hal_pwr_ex.o
HAL_PWREx_EnableFlashPowerDown                    build/stm32f4xx_hal_pwr_ex.o
HAL_PWREx_GetVoltageRange                         build/stm32f4xx_hal_pwr_ex.o
HAL_PWR_ConfigPVD                                 build/stm32f4xx_hal_pwr.o
HAL_PWR_DeInit                                    build/stm32f4xx_hal_pwr.o
HAL_PWR_DisableBkUpAccess                         build/stm32f4xx_hal_pwr.o
HAL_PWR_DisablePVD                                build/stm32f4xx_hal_pwr.o
HAL_PWR_DisableSEVOnPend                          build/stm32f4xx_hal_pwr.o
HAL_PWR_DisableSleepOnExit                        build/stm32f4xx_hal_pwr.o
HAL_PWR_DisableWakeUpPin                          build/stm32f4xx_hal_pwr.o
HAL_PWR_EnableBkUpAccess                          build/stm32f4xx_hal_pwr.o
HAL_PWR_EnablePVD                                 build/stm32f4xx_hal_pwr.o
HAL_PWR_EnableSEVOnPend                           build/stm32f4xx_hal_pwr.o
HAL_PWR_EnableSleepOnExit                         build/stm32f4xx_hal_pwr.o
HAL_PWR_EnableWakeUpPin                           build/stm32f4xx_hal_pwr.o
HAL_PWR_EnterSLEEPMode                            build/stm32f4xx_hal_pwr.o
HAL_PWR_EnterSTANDBYMode                          build/stm32f4xx_hal_pwr.o
HAL_PWR_EnterSTOPMode                             build/stm32f4xx_hal_pwr.o
HAL_PWR_PVDCallback                               build/stm32f4xx_hal_pwr.o
HAL_PWR_PVD_IRQHandler                            build/stm32f4xx_hal_pwr.o
HAL_RCCEx_DisablePLLI2S                           build/stm32f4xx_hal_rcc_ex.o
HAL_RCCEx_EnablePLLI2S                            build/stm32f4xx_hal_rcc_ex.o
HAL_RCCEx_GetPeriphCLKConfig                      build/stm32f4xx_hal_rcc_ex.o
HAL_RCCEx_GetPeriphCLKFreq                        build/stm32f4xx_hal_rcc_ex.o
HAL_RCCEx_PeriphCLKConfig                         build/stm32f4xx_hal_rcc_ex.o
HAL_RCC_CSSCallback                               build/stm32f4xx_hal_rcc.o
HAL_RCC_ClockConfig                               build/stm32f4xx_hal_rcc.o
                                                  build/SysConfig.o
HAL_RCC_DeInit                                    build/stm32f4xx_hal_rcc_ex.o
                                                  build/stm32f4xx_hal_rcc.o
HAL_RCC_DisableCSS                                build/stm32f4xx_hal_rcc.o
HAL_RCC_EnableCSS                                 build/stm32f4xx_hal_rcc.o
HAL_RCC_GetClockConfig                            build/stm32f4xx_hal_rcc.o
HAL_RCC_GetHCLKFreq                               build/stm32f4xx_hal_rcc.o
HAL_RCC_GetOscConfig                              build/stm32f4xx_hal_rcc.o
HAL_RCC_GetPCLK1Freq                              build/stm32f4xx_hal_rcc.o
                                                  build/stm32f4xx_hal_uart.o