Archive member included to satisfy reference by file (symbol)

C:/ARM GNU Toolchain/bin/../lib/gcc/arm-none-eabi/13.3.1/thumb/v7e-m+fp/hard\libc_nano.a(libc_a-exit.o)
                              C:/ARM GNU Toolchain/bin/../lib/gcc/arm-none-eabi/13.3.1/thumb/v7e-m+fp/hard/crt0.o (exit)
C:/ARM GNU Toolchain/bin/../lib/gcc/arm-none-eabi/13.3.1/thumb/v7e-m+fp/hard\libc_nano.a(libc_a-findfp.o)
                              C:/ARM GNU Toolchain/bin/../lib/gcc/arm-none-eabi/13.3.1/thumb/v7e-m+fp/hard\libc_nano.a(libc_a-exit.o) (__stdio_exit_handler)
C:/ARM GNU Toolchain/bin/../lib/gcc/arm-none-eabi/13.3.1/thumb/v7e-m+fp/hard\libc_nano.a(libc_a-fwalk.o)
                              C:/ARM GNU Toolchain/bin/../lib/gcc/arm-none-eabi/13.3.1/thumb/v7e-m+fp/hard\libc_nano.a(libc_a-findfp.o) (_fwalk_sglue)
C:/ARM GNU Toolchain/bin/../lib/gcc/arm-none-eabi/13.3.1/thumb/v7e-m+fp/hard\libc_nano.a(libc_a-stdio.o)
                              C:/ARM GNU Toolchain/bin/../lib/gcc/arm-none-eabi/13.3.1/thumb/v7e-m+fp/hard\libc_nano.a(libc_a-findfp.o) (__sread)
C:/ARM GNU Toolchain/bin/../lib/gcc/arm-none-eabi/13.3.1/thumb/v7e-m+fp/hard\libc_nano.a(libc_a-memset.o)
                              C:/ARM GNU Toolchain/bin/../lib/gcc/arm-none-eabi/13.3.1/thumb/v7e-m+fp/hard/crt0.o (memset)
C:/ARM GNU Toolchain/bin/../lib/gcc/arm-none-eabi/13.3.1/thumb/v7e-m+fp/hard\libc_nano.a(libc_a-closer.o)
                              C:/ARM GNU Toolchain/bin/../lib/gcc/arm-none-eabi/13.3.1/thumb/v7e-m+fp/hard\libc_nano.a(libc_a-stdio.o) (_close_r)
C:/ARM GNU Toolchain/bin/../lib/gcc/arm-none-eabi/13.3.1/thumb/v7e-m+fp/hard\libc_nano.a(libc_a-reent.o)
                              C:/ARM GNU Toolchain/bin/../lib/gcc/arm-none-eabi/13.3.1/thumb/v7e-m+fp/hard\libc_nano.a(libc_a-closer.o) (errno)
C:/ARM GNU Toolchain/bin/../lib/gcc/arm-none-eabi/13.3.1/thumb/v7e-m+fp/hard\libc_nano.a(libc_a-impure.o)
                              C:/ARM GNU Toolchain/bin/../lib/gcc/arm-none-eabi/13.3.1/thumb/v7e-m+fp/hard\libc_nano.a(libc_a-reent.o) (_impure_ptr)
C:/ARM GNU Toolchain/bin/../lib/gcc/arm-none-eabi/13.3.1/thumb/v7e-m+fp/hard\libc_nano.a(libc_a-lseekr.o)
                              C:/ARM GNU Toolchain/bin/../lib/gcc/arm-none-eabi/13.3.1/thumb/v7e-m+fp/hard\libc_nano.a(libc_a-stdio.o) (_lseek_r)
C:/ARM GNU Toolchain/bin/../lib/gcc/arm-none-eabi/13.3.1/thumb/v7e-m+fp/hard\libc_nano.a(libc_a-readr.o)
                              C:/ARM GNU Toolchain/bin/../lib/gcc/arm-none-eabi/13.3.1/thumb/v7e-m+fp/hard\libc_nano.a(libc_a-stdio.o) (_read_r)
C:/ARM GNU Toolchain/bin/../lib/gcc/arm-none-eabi/13.3.1/thumb/v7e-m+fp/hard\libc_nano.a(libc_a-writer.o)
                              C:/ARM GNU Toolchain/bin/../lib/gcc/arm-none-eabi/13.3.1/thumb/v7e-m+fp/hard\libc_nano.a(libc_a-stdio.o) (_write_r)
C:/ARM GNU Toolchain/bin/../lib/gcc/arm-none-eabi/13.3.1/thumb/v7e-m+fp/hard\libc_nano.a(libc_a-errno.o)
                              build/syscalls.o (__errno)
C:/ARM GNU Toolchain/bin/../lib/gcc/arm-none-eabi/13.3.1/thumb/v7e-m+fp/hard\libc_nano.a(libc_a-init.o)
                              C:/ARM GNU Toolchain/bin/../lib/gcc/arm-none-eabi/13.3.1/thumb/v7e-m+fp/hard/crt0.o (__libc_init_array)
C:/ARM GNU Toolchain/bin/../lib/gcc/arm-none-eabi/13.3.1/thumb/v7e-m+fp/hard\libc_nano.a(libc_a-lock.o)
                              C:/ARM GNU Toolchain/bin/../lib/gcc/arm-none-eabi/13.3.1/thumb/v7e-m+fp/hard\libc_nano.a(libc_a-findfp.o) (__retarget_lock_init_recursive)
C:/ARM GNU Toolchain/bin/../lib/gcc/arm-none-eabi/13.3.1/thumb/v7e-m+fp/hard\libc_nano.a(libc_a-memcpy-stub.o)
                              build/queue.o (memcpy)
C:/ARM GNU Toolchain/bin/../lib/gcc/arm-none-eabi/13.3.1/thumb/v7e-m+fp/hard\libc_nano.a(libc_a-strlen.o)
                              build/usart.o (strlen)
C:/ARM GNU Toolchain/bin/../lib/gcc/arm-none-eabi/13.3.1/thumb/v7e-m+fp/hard\libc_nano.a(libc_a-freer.o)
                              C:/ARM GNU Toolchain/bin/../lib/gcc/arm-none-eabi/13.3.1/thumb/v7e-m+fp/hard\libc_nano.a(libc_a-reent.o) (_free_r)
C:/ARM GNU Toolchain/bin/../lib/gcc/arm-none-eabi/13.3.1/thumb/v7e-m+fp/hard\libc_nano.a(libc_a-mallocr.o)
                              C:/ARM GNU Toolchain/bin/../lib/gcc/arm-none-eabi/13.3.1/thumb/v7e-m+fp/hard\libc_nano.a(libc_a-findfp.o) (_malloc_r)
C:/ARM GNU Toolchain/bin/../lib/gcc/arm-none-eabi/13.3.1/thumb/v7e-m+fp/hard\libc_nano.a(libc_a-mlock.o)
                              C:/ARM GNU Toolchain/bin/../lib/gcc/arm-none-eabi/13.3.1/thumb/v7e-m+fp/hard\libc_nano.a(libc_a-freer.o) (__malloc_lock)
C:/ARM GNU Toolchain/bin/../lib/gcc/arm-none-eabi/13.3.1/thumb/v7e-m+fp/hard\libc_nano.a(libc_a-fflush.o)
                              C:/ARM GNU Toolchain/bin/../lib/gcc/arm-none-eabi/13.3.1/thumb/v7e-m+fp/hard\libc_nano.a(libc_a-findfp.o) (_fflush_r)
C:/ARM GNU Toolchain/bin/../lib/gcc/arm-none-eabi/13.3.1/thumb/v7e-m+fp/hard\libc_nano.a(libc_a-sbrkr.o)
[...]
Memory Configuration

Name             Origin             Length             Attributes
RAM              0x20000000         0x00020000         xrw
CCMRAM           0x10000000         0x00010000         xrw
FLASH            0x08000000         0x00100000         xr
*default*        0x00000000         0xffffffff

Linker script and memory map

LOAD C:/ARM GNU Toolchain/bin/../lib/gcc/arm-none-eabi/13.3.1/thumb/v7e-m+fp/hard/crti.o
LOAD C:/ARM GNU Toolchain/bin/../lib/gcc/arm-none-eabi/13.3.1/thumb/v7e-m+fp/hard/crtbegin.o
LOAD C:/ARM GNU Toolchain/bin/../lib/gcc/arm-none-eabi/13.3.1/thumb/v7e-m+fp/hard/crt0.o
LOAD build/main.o
LOAD build/printf.o
LOAD build/stm32f4xx_hal_msp.o
LOAD build/stm32f4xx_it.o
LOAD build/syscalls.o
LOAD build/sysmem.o
LOAD build/system_stm32f4xx.o
LOAD build/stm32f4xx_hal.o
LOAD build/stm32f4xx_hal_cortex.o
LOAD build/stm32f4xx_hal_dma.o
LOAD build/stm32f4xx_hal_dma_ex.o
LOAD build/stm32f4xx_hal_exti.o
LOAD build/stm32f4xx_hal_flash.o
LOAD build/stm32f4xx_hal_flash_ex.o
LOAD build/stm32f4xx_hal_flash_ramfunc.o
LOAD build/stm32f4xx_hal_gpio.o
LOAD build/stm32f4xx_hal_pwr.o
LOAD build/stm32f4xx_hal_pwr_ex.o
LOAD build/stm32f4xx_hal_rcc.o
LOAD build/stm32f4xx_hal_rcc_ex.o
LOAD build/stm32f4xx_hal_tim.o
LOAD build/stm32f4xx_hal_tim_ex.o
LOAD build/stm32f4xx_hal_uart.o
LOAD build/Controller.o
LOAD build/encoder.o
LOAD build/SysConfig.o
LOAD build/usart.o
LOAD build/croutine.o
LOAD build/event_groups.o
LOAD build/list.o
LOAD build/queue.o
LOAD build/stream_buffer.o
LOAD build/tasks.o
LOAD build/timers.o
LOAD build/port.o
LOAD build/heap_4.o
LOAD build/startup_stm32f407xx.o
LOAD C:/ARM GNU Toolchain/bin/../lib/gcc/arm-none-eabi/13.3.1/thumb/v7e-m+fp/hard\libc_nano.a
LOAD C:/ARM GNU Toolchain/bin/../lib/gcc/arm-none-eabi/13.3.1/thumb/v7e-m+fp/hard\libm.a
LOAD C:/ARM GNU Toolchain/bin/../lib/gcc/arm-none-eabi/13.3.1/thumb/v7e-m+fp/hard\libnosys.a
START GROUP
LOAD C:/ARM GNU Toolchain/bin/../lib/gcc/arm-none-eabi/13.3.1/thumb/v7e-m+fp/hard\libgcc.a
LOAD C:/ARM GNU Toolchain/bin/../lib/gcc/arm-none-eabi/13.3.1/thumb/v7e-m+fp/hard\libc_nano.a
END GROUP
START GROUP
LOAD C:/ARM GNU Toolchain/bin/../lib/gcc/arm-none-eabi/13.3.1/thumb/v7e-m+fp/hard\libgcc.a
LOAD C:/ARM GNU Toolchain/bin/../lib/gcc/arm-none-eabi/13.3.1/thumb/v7e-m+fp/hard\libc_nano.a
END GROUP
LOAD C:/ARM GNU Toolchain/bin/../lib/gcc/arm-none-eabi/13.3.1/thumb/v7e-m+fp/hard/crtend.o
LOAD C:/ARM GNU Toolchain/bin/../lib/gcc/arm-none-eabi/13.3.1/thumb/v7e-m+fp/hard/crtn.o
                0x20020000                        _estack = (ORIGIN (RAM) + LENGTH (RAM))
                0x00000200                        _Min_Heap_Size = 0x200
                0x00000400                        _Min_Stack_Size = 0x400

.isr_vector     0x08000000      0x188
                0x08000000                        . = ALIGN (0x4)
 *(.isr_vector)
 .isr_vector    0x08000000      0x188 build/startup_stm32f407xx.o
                0x08000000                g_pfnVectors
                0x08000188                        . = ALIGN (0x4)

.text           0x08000190     0x5498
                0x08000190                        . = ALIGN (0x4)
 *(.text)
 .text          0x08000190       0x10 C:/ARM GNU Toolchain/bin/../lib/gcc/arm-none-eabi/13.3.1/thumb/v7e-m+fp/hard\libc_nano.a(libc_a-strlen.o)
                0x08000190                strlen
 .text          0x080001a0      0x378 C:/ARM GNU Toolchain/bin/../lib/gcc/arm-none-eabi/13.3.1/thumb/v7e-m+fp/hard\libgcc.a(_arm_addsubdf3.o)
                0x080001a0                __aeabi_drsub
                0x080001a8                __aeabi_dsub
                0x080001a8                __subdf3
                0x080001ac                __aeabi_dadd
                0x080001ac                __adddf3
                0x08000424                __floatunsidf
                0x08000424                __aeabi_ui2d
                0x08000444                __floatsidf
                0x08000444                __aeabi_i2d
                0x08000468                __aeabi_f2d
                0x08000468                __extendsfdf2
                0x080004ac                __floatundidf
                0x080004ac                __aeabi_ul2d
                0x080004bc                __floatdidf
                0x080004bc                __aeabi_l2d
 .text          0x08000518      0x424 C:/ARM GNU Toolchain/bin/../lib/gcc/arm-none-eabi/13.3.1/thumb/v7e-m+fp/hard\libgcc.a(_arm_muldivdf3.o)
                0x08000518                __aeabi_dmul
                0x08000518                __muldf3
                0x0800076c                __divdf3
                0x0800076c                __aeabi_ddiv
 .text          0x0800093c      0x110 C:/ARM GNU Toolchain/bin/../lib/gcc/arm-none-eabi/13.3.1/thumb/v7e-m+fp/hard\libgcc.a(_arm_cmpdf2.o)
                0x0800093c                __gtdf2
                0x0800093c                __gedf2
                0x08000944                __ltdf2
                0x08000944                __ledf2
                0x0800094c                __nedf2
                0x0800094c                __eqdf2
                0x0800094c                __cmpdf2
                0x080009c8                __aeabi_cdrcmple
                0x080009d8                __aeabi_cdcmpeq
                0x080009d8                __aeabi_cdcmple
                0x080009e8                __aeabi_dcmpeq
                0x080009fc                __aeabi_dcmplt
                0x08000a10                __aeabi_dcmple
                0x08000a24                __aeabi_dcmpge
                0x08000a38                __aeabi_dcmpgt
 .text          0x08000a4c       0x50 C:/ARM GNU Toolchain/bin/../lib/gcc/arm-none-eabi/13.3.1/thumb/v7e-m+fp/hard\libgcc.a(_arm_fixdfsi.o)
                0x08000a4c                __aeabi_d2iz
                0x08000a4c                __fixdfsi
 .text          0x08000a9c       0x40 C:/ARM GNU Toolchain/bin/../lib/gcc/arm-none-eabi/13.3.1/thumb/v7e-m+fp/hard\libgcc.a(_arm_fixunsdfsi.o)
                0x08000a9c                __aeabi_d2uiz
                0x08000a9c                __fixunsdfsi
 .text          0x08000adc      0x21c C:/ARM GNU Toolchain/bin/../lib/gcc/arm-none-eabi/13.3.1/thumb/v7e-m+fp/hard\libgcc.a(_arm_addsubsf3.o)
                0x08000adc                __aeabi_frsub
                0x08000ae4                __subsf3
                0x08000ae4                __aeabi_fsub
                0x08000ae8                __aeabi_fadd
                0x08000ae8                __addsf3
                0x08000c48                __aeabi_ui2f
                0x08000c48                __floatunsisf
                0x08000c50                __aeabi_i2f
                0x08000c50                __floatsisf
                0x08000c6c                __aeabi_ul2f
                0x08000c6c                __floatundisf
                0x08000c7c                __aeabi_l2f
                0x08000c7c                __floatdisf
 .text          0x08000cf8       0x30 C:/ARM GNU Toolchain/bin/../lib/gcc/arm-none-eabi/13.3.1/thumb/v7e-m+fp/hard\libgcc.a(_aeabi_uldivmod.o)
                0x08000cf8                __aeabi_uldivmod
 .text          0x08000d28        0x4 C:/ARM GNU Toolchain/bin/../lib/gcc/arm-none-eabi/13.3.1/thumb/v7e-m+fp/hard\libgcc.a(_dvmd_tls.o)
                0x08000d28                __aeabi_idiv0
                0x08000d28                __aeabi_ldiv0
 *(.text*)
 .text.deregister_tm_clones
                0x08000d2c       0x1c C:/ARM GNU Toolchain/bin/../lib/gcc/arm-none-eabi/13.3.1/thumb/v7e-m+fp/hard/crtbegin.o
 .text.register_tm_clones
                0x08000d48       0x24 C:/ARM GNU Toolchain/bin/../lib/gcc/arm-none-eabi/13.3.1/thumb/v7e-m+fp/hard/crtbegin.o
 .text.__do_global_dtors_aux
                0x08000d6c       0x28 C:/ARM GNU Toolchain/bin/../lib/gcc/arm-none-eabi/13.3.1/thumb/v7e-m+fp/hard/crtbegin.o
 .text.frame_dummy
                0x08000d94       0x24 C:/ARM GNU Toolchain/bin/../lib/gcc/arm-none-eabi/13.3.1/thumb/v7e-m+fp/hard/crtbegin.o
 .text.MainTask
                0x08000db8       0xb8 build/main.o
                0x08000db8                MainTask
 .text.main     0x08000e70       0x34 build/main.o
                0x08000e70                main
 .text._out_buffer
                0x08000ea4        0x8 build/printf.o
 .text._out_null
                0x08000eac        0x2 build/printf.o
 .text._atoi    0x08000eae       0x26 build/printf.o
 .text._out_rev
                0x08000ed4       0x7e build/printf.o
 .text._ntoa_format
                0x08000f52      0x136 build/printf.o
 .text._ntoa_long
                0x08001088       0x94 build/printf.o
 .text._ntoa_long_long
                0x0800111c       0xc2 build/printf.o
 *fill*         0x080011de        0x2 
 .text._etoa    0x080011e0      0x3f0 build/printf.o
 .text._ftoa    0x080015d0      0x388 build/printf.o
 .text._vsnprintf
                0x08001958      0x6c8 build/printf.o
 .text.sprintf_
                0x08002020       0x2c build/printf.o
                0x08002020                sprintf_
 .text.HAL_MspInit
                0x0800204c       0x38 build/stm32f4xx_hal_msp.o
                0x0800204c                HAL_MspInit
 .text.NMI_Handler
                0x08002084        0x2 build/stm32f4xx_it.o
                0x08002084                NMI_Handler
 .text.HardFault_Handler
                0x08002086        0x2 build/stm32f4xx_it.o
                0x08002086                HardFault_Handler
 .text.MemManage_Handler
                0x08002088        0x2 build/stm32f4xx_it.o
                0x08002088                MemManage_Handler
 .text.BusFault_Handler
                0x0800208a        0x2 build/stm32f4xx_it.o
                0x0800208a                BusFault_Handler
 .text.UsageFault_Handler
                0x0800208c        0x2 build/stm32f4xx_it.o
                0x0800208c                UsageFault_Handler
 .text.DebugMon_Handler
                0x0800208e        0x2 build/stm32f4xx_it.o
                0x0800208e                DebugMon_Handler
 .text.SystemInit
                0x08002090       0x14 build/system_stm32f4xx.o
                0x08002090                SystemInit
 .text.HAL_InitTick
                0x080020a4       0x4c build/stm32f4xx_hal.o
                0x080020a4                HAL_InitTick
 .text.HAL_Init
                0x080020f0       0x34 build/stm32f4xx_hal.o
                0x080020f0                HAL_Init
 .text.HAL_GetTick
                0x08002124        0xc build/stm32f4xx_hal.o
                0x08002124                HAL_GetTick
 .text.__NVIC_EnableIRQ
                0x08002130       0x1c build/stm32f4xx_hal_cortex.o
 .text.__NVIC_SetPriority
                0x0800214c       0x28 build/stm32f4xx_hal_cortex.o
 .text.NVIC_EncodePriority
                0x08002174       0x3e build/stm32f4xx_hal_cortex.o
 *fill*         0x080021b2        0x2 
 .text.HAL_NVIC_SetPriorityGrouping
                0x080021b4       0x24 build/stm32f4xx_hal_cortex.o
                0x080021b4                HAL_NVIC_SetPriorityGrouping
 .text.HAL_NVIC_SetPriority
                0x080021d8       0x20 build/stm32f4xx_hal_cortex.o
                0x080021d8                HAL_NVIC_SetPriority
 .text.HAL_NVIC_EnableIRQ
                0x080021f8        0x8 build/stm32f4xx_hal_cortex.o
                0x080021f8                HAL_NVIC_EnableIRQ
 .text.HAL_SYSTICK_Config
                0x08002200       0x28 build/stm32f4xx_hal_cortex.o
                0x08002200                HAL_SYSTICK_Config
 .text.HAL_DMA_Abort
                0x08002228       0x94 build/stm32f4xx_hal_dma.o
                0x08002228                HAL_DMA_Abort
 .text.HAL_DMA_Abort_IT
                0x080022bc       0x26 build/stm32f4xx_hal_dma.o
                0x080022bc                HAL_DMA_Abort_IT
 *fill*         0x080022e2        0x2 
 .text.HAL_GPIO_Init
                0x080022e4      0x1ec build/stm32f4xx_hal_gpio.o
                0x080022e4                HAL_GPIO_Init
 .text.HAL_RCC_OscConfig
                0x080024d0      0x3f8 build/stm32f4xx_hal_rcc.o
                0x080024d0                HAL_RCC_OscConfig
 .text.HAL_RCC_GetSysClockFreq
                0x080028c8       0xdc build/stm32f4xx_hal_rcc.o
                0x080028c8                HAL_RCC_GetSysClockFreq
 .text.HAL_RCC_ClockConfig
                0x080029a4      0x160 build/stm32f4xx_hal_rcc.o
                0x080029a4                HAL_RCC_ClockConfig
 .text.HAL_RCC_GetHCLKFreq
                0x08002b04        0xc build/stm32f4xx_hal_rcc.o
                0x08002b04                HAL_RCC_GetHCLKFreq
 .text.HAL_RCC_GetPCLK1Freq
                0x08002b10       0x20 build/stm32f4xx_hal_rcc.o
                0x08002b10                HAL_RCC_GetPCLK1Freq
 .text.HAL_RCC_GetPCLK2Freq
                0x08002b30       0x20 build/stm32f4xx_hal_rcc.o
                0x08002b30                HAL_RCC_GetPCLK2Freq
 .text.HAL_TIM_PeriodElapsedCallback
                0x08002b50        0x2 build/stm32f4xx_hal_tim.o
                0x08002b50                HAL_TIM_PeriodElapsedCallback
 .text.HAL_TIM_OC_DelayElapsedCallback
                0x08002b52        0x2 build/stm32f4xx_hal_tim.o
                0x08002b52                HAL_TIM_OC_DelayElapsedCallback
 .text.HAL_TIM_PWM_PulseFinishedCallback
                0x08002b54        0x2 build/stm32f4xx_hal_tim.o
                0x08002b54                HAL_TIM_PWM_PulseFinishedCallback
 .text.HAL_TIM_TriggerCallback
                0x08002b56        0x2 build/stm32f4xx_hal_tim.o
                0x08002b56                HAL_TIM_TriggerCallback
 .text.HAL_TIM_IRQHandler
                0x08002b58      0x15e build/stm32f4xx_hal_tim.o
                0x08002b58                HAL_TIM_IRQHandler
 *fill*         0x08002cb6        0x2 
 .text.TIM_Base_SetConfig
                0x08002cb8       0xd8 build/stm32f4xx_hal_tim.o
                0x08002cb8                TIM_Base_SetConfig
 .text.HAL_TIM_Encoder_Init
                0x08002d90       0xb0 build/stm32f4xx_hal_tim.o
                0x08002d90                HAL_TIM_Encoder_Init
 .text.TIM_CCxChannelCmd
                0x08002e40       0x1e build/stm32f4xx_hal_tim.o
                0x08002e40                TIM_CCxChannelCmd
 .text.HAL_TIM_Encoder_Start_IT
                0x08002e5e       0xf6 build/stm32f4xx_hal_tim.o
                0x08002e5e                HAL_TIM_Encoder_Start_IT
 .text.HAL_TIMEx_MasterConfigSynchronization
                0x08002f54       0x8c build/stm32f4xx_hal_tim_ex.o
                0x08002f54                HAL_TIMEx_MasterConfigSynchronization
 .text.HAL_TIMEx_CommutCallback
                0x08002fe0        0x2 build/stm32f4xx_hal_tim_ex.o
                0x08002fe0                HAL_TIMEx_CommutCallback
 .text.HAL_TIMEx_BreakCallback
                0x08002fe2        0x2 build/stm32f4xx_hal_tim_ex.o
                0x08002fe2                HAL_TIMEx_BreakCallback
 .text.UART_EndRxTransfer
                0x08002fe4       0x5c build/stm32f4xx_hal_uart.o
 .text.UART_Transmit_IT
                0x08003040       0x60 build/stm32f4xx_hal_uart.o
 .text.UART_SetConfig
                0x080030a0      0x110 build/stm32f4xx_hal_uart.o
 .text.HAL_UART_Init
                0x080031b0       0x60 build/stm32f4xx_hal_uart.o
                0x080031b0                HAL_UART_Init
 .text.HAL_UART_Transmit_IT
                0x08003210       0x38 build/stm32f4xx_hal_uart.o
                0x08003210                HAL_UART_Transmit_IT
 .text.HAL_UART_TxCpltCallback
                0x08003248        0x2 build/stm32f4xx_hal_uart.o
                0x08003248                HAL_UART_TxCpltCallback
 .text.UART_EndTransmit_IT
                0x0800324a       0x1a build/stm32f4xx_hal_uart.o
 .text.HAL_UART_RxCpltCallback
                0x08003264        0x2 build/stm32f4xx_hal_uart.o
                0x08003264                HAL_UART_RxCpltCallback
 .text.HAL_UART_ErrorCallback
                0x08003266        0x2 build/stm32f4xx_hal_uart.o
                0x08003266                HAL_UART_ErrorCallback
 .text.UART_DMAAbortOnError
                0x08003268       0x10 build/stm32f4xx_hal_uart.o
 .text.HAL_UARTEx_RxEventCallback
                0x08003278        0x2 build/stm32f4xx_hal_uart.o
                0x08003278                HAL_UARTEx_RxEventCallback
 .text.UART_Receive_IT
                0x0800327a       0xe6 build/stm32f4xx_hal_uart.o
 .text.HAL_UART_IRQHandler
                0x08003360      0x284 build/stm32f4xx_hal_uart.o
                0x08003360                HAL_UART_IRQHandler
 .text.PID_Pos  0x080035e4       0xcc build/Controller.o
                0x080035e4                PID_Pos
 .text.MX_TIM2_Init
                0x080036b0       0x50 build/encoder.o
 .text.MX_TIM3_Init
                0x08003700       0x54 build/encoder.o
 .text.HAL_TIM_IC_CaptureCallback
                0x08003754       0x40 build/encoder.o
                0x08003754                HAL_TIM_IC_CaptureCallback
 .text.Driver_Encoder_Init
                0x08003794       0x24 build/encoder.o
                0x08003794                Driver_Encoder_Init
 .text.HAL_TIM_Encoder_MspInit
                0x080037b8       0xd8 build/encoder.o
                0x080037b8                HAL_TIM_Encoder_MspInit
 .text.TIM2_IRQHandler
                0x08003890       0x10 build/encoder.o
                0x08003890                TIM2_IRQHandler
 .text.TIM3_IRQHandler
                0x080038a0       0x10 build/encoder.o
                0x080038a0                TIM3_IRQHandler
 .text.MX_GPIO_Init
                0x080038b0       0x38 build/SysConfig.o
                0x080038b0                MX_GPIO_Init
 .text.Error_Handler
                0x080038e8        0x4 build/SysConfig.o
                0x080038e8                Error_Handler
 .text.SystemClock_Config
                0x080038ec       0xa8 build/SysConfig.o
                0x080038ec                SystemClock_Config
 .text.UART_Init
                0x08003994       0x54 build/usart.o
 .text.Driver_USART_Init
                0x080039e8       0x28 build/usart.o
                0x080039e8                Driver_USART_Init
 .text.HAL_UART_MspInit
                0x08003a10       0xe4 build/usart.o
                0x08003a10                HAL_UART_MspInit
 .text.USART2_IRQHandler
                0x08003af4       0x10 build/usart.o
                0x08003af4                USART2_IRQHandler
 .text.USART3_IRQHandler
                0x08003b04       0x10 build/usart.o
                0x08003b04                USART3_IRQHandler
 .text.SendBuffer
                0x08003b14       0x18 build/usart.o
                0x08003b14                SendBuffer
 .text.vListInitialise
                0x08003b2c       0x16 build/list.o
                0x08003b2c                vListInitialise
 .text.vListInitialiseItem
                0x08003b42        0x6 build/list.o
                0x08003b42                vListInitialiseItem
 .text.vListInsert
                0x08003b48       0x32 build/list.o
                0x08003b48                vListInsert
 .text.uxListRemove
                0x08003b7a       0x26 build/list.o
                0x08003b7a                uxListRemove
 .text.prvIsQueueEmpty
                0x08003ba0       0x1a build/queue.o
 .text.prvCopyDataFromQueue
                0x08003bba       0x24 build/queue.o
 .text.prvUnlockQueue
                0x08003bde       0x6e build/queue.o
 .text.xQueueGenericReset
                0x08003c4c       0xaa build/queue.o
                0x08003c4c                xQueueGenericReset
 .text.prvInitialiseNewQueue
                0x08003cf6       0x22 build/queue.o
 .text.xQueueGenericCreate
                0x08003d18       0x56 build/queue.o
                0x08003d18                xQueueGenericCreate
 .text.xQueueReceive
                0x08003d6e      0x15e build/queue.o
                0x08003d6e                xQueueReceive
 .text.vQueueAddToRegistry
                0x08003ecc       0x60 build/queue.o
                0x08003ecc                vQueueAddToRegistry
 .text.vQueueWaitForMessageRestricted
                0x08003f2c       0x52 build/queue.o
                0x08003f2c                vQueueWaitForMessageRestricted
 *fill*         0x08003f7e        0x2 
 .text.prvResetNextTaskUnblockTime
                0x08003f80       0x28 build/tasks.o
 .text.prvDeleteTCB
                0x08003fa8       0x12 build/tasks.o
 .text.prvInitialiseNewTask
                0x08003fba       0x8e build/tasks.o
 .text.prvInitialiseTaskLists
                0x08004048       0x68 build/tasks.o
 .text.prvAddNewTaskToReadyList
                0x080040b0       0xc8 build/tasks.o
 .text.prvCheckTasksWaitingTermination
                0x08004178       0x4c build/tasks.o
 .text.prvIdleTask
                0x080041c4       0x28 build/tasks.o
 .text.prvAddCurrentTaskToDelayedList
                0x080041ec       0xb0 build/tasks.o
 .text.xTaskCreate
                0x0800429c       0x68 build/tasks.o
                0x0800429c                xTaskCreate
 .text.vTaskStartScheduler
                0x08004304       0x8c build/tasks.o
                0x08004304                vTaskStartScheduler
 .text.vTaskSuspendAll
                0x08004390       0x10 build/tasks.o
                0x08004390                vTaskSuspendAll
 .text.xTaskGetTickCount
                0x080043a0        0xc build/tasks.o
                0x080043a0                xTaskGetTickCount
 .text.xTaskIncrementTick
                0x080043ac      0x178 build/tasks.o
                0x080043ac                xTaskIncrementTick
 .text.xTaskResumeAll
                0x08004524      0x14c build/tasks.o
                0x08004524                xTaskResumeAll
 .text.vTaskDelay
                0x08004670       0x4c build/tasks.o
                0x08004670                vTaskDelay
 .text.vTaskSwitchContext
                0x080046bc       0x98 build/tasks.o
                0x080046bc                vTaskSwitchContext
 .text.vTaskPlaceOnEventList
                0x08004754       0x30 build/tasks.o
                0x08004754                vTaskPlaceOnEventList
 .text.vTaskPlaceOnEventListRestricted
                0x08004784       0x54 build/tasks.o
                0x08004784                vTaskPlaceOnEventListRestricted
 .text.xTaskRemoveFromEventList
                0x080047d8       0xf0 build/tasks.o
                0x080047d8                xTaskRemoveFromEventList
 .text.vTaskInternalSetTimeOutState
                0x080048c8       0x18 build/tasks.o
                0x080048c8                vTaskInternalSetTimeOutState
 .text.xTaskCheckForTimeOut
                0x080048e0       0x88 build/tasks.o
                0x080048e0                xTaskCheckForTimeOut
 .text.vTaskMissedYield
                0x08004968        0xc build/tasks.o
                0x08004968                vTaskMissedYield
 .text.xTaskGetSchedulerState
                0x08004974       0x20 build/tasks.o
                0x08004974                xTaskGetSchedulerState
 .text.prvGetNextExpireTime
                0x08004994       0x20 build/timers.o
 .text.prvInsertTimerInActiveList
                0x080049b4       0x48 build/timers.o
 .text.prvReloadTimer
                0x080049fc       0x28 build/timers.o
 .text.prvProcessExpiredTimer
                0x08004a24       0x40 build/timers.o
 .text.prvSwitchTimerLists
                0x08004a64       0x30 build/timers.o
 .text.prvSampleTimeNow
                0x08004a94       0x2c build/timers.o
 .text.prvProcessTimerOrBlockTask
                0x08004ac0       0x74 build/timers.o
 .text.prvProcessReceivedCommands
                0x08004b34       0xf0 build/timers.o
 .text.prvTimerTask
                0x08004c24       0x16 build/timers.o
 *fill*         0x08004c3a        0x2 
 .text.prvCheckForValidListAndQueue
                0x08004c3c       0x5c build/timers.o
 .text.xTimerCreateTimerTask
                0x08004c98       0x50 build/timers.o
                0x08004c98                xTimerCreateTimerTask
 .text.prvTaskExitError
                0x08004ce8       0x40 build/port.o
 .text.prvPortStartFirstTask
                0x08004d28       0x28 build/port.o
 .text.vPortEnableVFP
                0x08004d50       0x14 build/port.o
 .text.pxPortInitialiseStack
                0x08004d64       0x2c build/port.o
                0x08004d64                pxPortInitialiseStack
 .text.SVC_Handler
                0x08004d90       0x24 build/port.o
                0x08004d90                SVC_Handler
 .text.vPortEnterCritical
                0x08004db4       0x44 build/port.o
                0x08004db4                vPortEnterCritical
 .text.vPortExitCritical
                0x08004df8       0x2c build/port.o
                0x08004df8                vPortExitCritical
 *fill*         0x08004e24        0xc 
 .text.PendSV_Handler
                0x08004e30       0x64 build/port.o
                0x08004e30                PendSV_Handler
 .text.SysTick_Handler
                0x08004e94       0x2c build/port.o
                0x08004e94                SysTick_Handler
 .text.vPortSetupTimerInterrupt
                0x08004ec0       0x28 build/port.o
                0x08004ec0                vPortSetupTimerInterrupt
 .text.xPortStartScheduler
                0x08004ee8      0x118 build/port.o
                0x08004ee8                xPortStartScheduler
 .text.prvHeapInit
                0x08005000       0x58 build/heap_4.o
 .text.prvInsertBlockIntoFreeList
                0x08005058       0x64 build/heap_4.o
 .text.pvPortMalloc
                0x080050bc       0xf4 build/heap_4.o
                0x080050bc                pvPortMalloc
 .text.vPortFree
                0x080051b0       0x74 build/heap_4.o
                0x080051b0                vPortFree
 .text.Reset_Handler
                0x08005224       0x50 build/startup_stm32f407xx.o
                0x08005224                Reset_Handler
 .text.Default_Handler
                0x08005274        0x2 build/startup_stm32f407xx.o
                0x08005274                RTC_Alarm_IRQHandler
                0x08005274                HASH_RNG_IRQHandler
                0x08005274                EXTI2_IRQHandler
                0x08005274                TIM8_CC_IRQHandler
                0x08005274                TIM1_CC_IRQHandler
                0x08005274                DMA2_Stream5_IRQHandler
                0x08005274                DMA1_Stream5_IRQHandler
                0x08005274                PVD_IRQHandler
                0x08005274                SDIO_IRQHandler
                0x08005274                TAMP_STAMP_IRQHandler
                0x08005274                CAN2_RX1_IRQHandler
                0x08005274                EXTI3_IRQHandler
                0x08005274                TIM8_TRG_COM_TIM14_IRQHandler
                0x08005274                TIM1_UP_TIM10_IRQHandler
                0x08005274                TIM8_UP_TIM13_IRQHandler
                0x08005274                I2C3_ER_IRQHandler
                0x08005274                EXTI0_IRQHandler
                0x08005274                I2C2_EV_IRQHandler
                0x08005274                DMA1_Stream2_IRQHandler
                0x08005274                CAN1_RX0_IRQHandler
                0x08005274                FPU_IRQHandler
                0x08005274                OTG_HS_WKUP_IRQHandler
                0x08005274                CAN2_SCE_IRQHandler
                0x08005274                DMA2_Stream2_IRQHandler
                0x08005274                SPI1_IRQHandler
                0x08005274                TIM6_DAC_IRQHandler
                0x08005274                TIM1_BRK_TIM9_IRQHandler
                0x08005274                DCMI_IRQHandler
                0x08005274                CAN2_RX0_IRQHandler
                0x08005274                DMA2_Stream3_IRQHandler
                0x08005274                USART6_IRQHandler
                0x08005274                CAN1_RX1_IRQHandler
                0x08005274                UART5_IRQHandler
                0x08005274                DMA2_Stream0_IRQHandler
                0x08005274                TIM4_IRQHandler
                0x08005274                I2C1_EV_IRQHandler
                0x08005274                DMA1_Stream6_IRQHandler
                0x08005274                DMA1_Stream1_IRQHandler
                0x08005274                UART4_IRQHandler
                0x08005274                RCC_IRQHandler
                0x08005274                TIM8_BRK_TIM12_IRQHandler
                0x08005274                Default_Handler
                0x08005274                EXTI15_10_IRQHandler
                0x08005274                ADC_IRQHandler
                0x08005274                DMA1_Stream7_IRQHandler
                0x08005274                TIM7_IRQHandler
                0x08005274                CAN2_TX_IRQHandler
                0x08005274                TIM5_IRQHandler
                0x08005274                DMA2_Stream7_IRQHandler
                0x08005274                I2C3_EV_IRQHandler
                0x08005274                EXTI9_5_IRQHandler
                0x08005274                RTC_WKUP_IRQHandler
                0x08005274                ETH_WKUP_IRQHandler
                0x08005274                SPI2_IRQHandler
                0x08005274                OTG_HS_EP1_IN_IRQHandler
                0x08005274                DMA1_Stream0_IRQHandler
                0x08005274                CAN1_TX_IRQHandler
                0x08005274                EXTI4_IRQHandler
                0x08005274                FSMC_IRQHandler
                0x08005274                ETH_IRQHandler
                0x08005274                OTG_HS_EP1_OUT_IRQHandler
                0x08005274                WWDG_IRQHandler
                0x08005274                OTG_FS_WKUP_IRQHandler
                0x08005274                TIM1_TRG_COM_TIM11_IRQHandler
                0x08005274                OTG_HS_IRQHandler
                0x08005274                EXTI1_IRQHandler
                0x08005274                I2C2_ER_IRQHandler
                0x08005274                DMA2_Stream1_IRQHandler
                0x08005274                CAN1_SCE_IRQHandler
                0x08005274                FLASH_IRQHandler
                0x08005274                DMA2_Stream4_IRQHandler
                0x08005274                USART1_IRQHandler
                0x08005274                OTG_FS_IRQHandler
                0x08005274                SPI3_IRQHandler
                0x08005274                DMA1_Stream4_IRQHandler
                0x08005274                I2C1_ER_IRQHandler
                0x08005274                DMA2_Stream6_IRQHandler
                0x08005274                DMA1_Stream3_IRQHandler
 .text.memset   0x08005276       0x10 C:/ARM GNU Toolchain/bin/../lib/gcc/arm-none-eabi/13.3.1/thumb/v7e-m+fp/hard\libc_nano.a(libc_a-memset.o)
                0x08005276                memset
 *fill*         0x08005286        0x2 
 .text.__libc_init_array
                0x08005288       0x48 C:/ARM GNU Toolchain/bin/../lib/gcc/arm-none-eabi/13.3.1/thumb/v7e-m+fp/hard\libc_nano.a(libc_a-init.o)
                0x08005288                __libc_init_array
 .text.memcpy   0x080052d0       0x1c C:/ARM GNU Toolchain/bin/../lib/gcc/arm-none-eabi/13.3.1/thumb/v7e-m+fp/hard\libc_nano.a(libc_a-memcpy-stub.o)
                0x080052d0                memcpy
 .text.__fixsfdi
                0x080052ec       0x28 C:/ARM GNU Toolchain/bin/../lib/gcc/arm-none-eabi/13.3.1/thumb/v7e-m+fp/hard\libgcc.a(_fixsfdi.o)
                0x080052ec                __fixsfdi
                0x080052ec                __aeabi_f2lz
 .text.__fixunssfdi
                0x08005314       0x40 C:/ARM GNU Toolchain/bin/../lib/gcc/arm-none-eabi/13.3.1/thumb/v7e-m+fp/hard\libgcc.a(_fixunssfdi.o)
                0x08005314                __fixunssfdi
                0x08005314                __aeabi_f2ulz
 .text.__udivmoddi4
                0x08005354      0x2bc C:/ARM GNU Toolchain/bin/../lib/gcc/arm-none-eabi/13.3.1/thumb/v7e-m+fp/hard\libgcc.a(_udivmoddi4.o)
                0x08005354                __udivmoddi4
 *(.glue_7)
 .glue_7        0x08005610        0x0 linker stubs
 *(.glue_7t)
 .glue_7t       0x08005610        0x0 linker stubs
 *(.eh_frame)
 .eh_frame      0x08005610        0x0 C:/ARM GNU Toolchain/bin/../lib/gcc/arm-none-eabi/13.3.1/thumb/v7e-m+fp/hard/crtbegin.o
 *(.init)
 .init          0x08005610        0x4 C:/ARM GNU Toolchain/bin/../lib/gcc/arm-none-eabi/13.3.1/thumb/v7e-m+fp/hard/crti.o
                0x08005610                _init
 .init          0x08005614        0x8 C:/ARM GNU Toolchain/bin/../lib/gcc/arm-none-eabi/13.3.1/thumb/v7e-m+fp/hard/crtn.o
 *(.fini)
 .fini          0x0800561c        0x4 C:/ARM GNU Toolchain/bin/../lib/gcc/arm-none-eabi/13.3.1/thumb/v7e-m+fp/hard/crti.o
                0x0800561c                _fini
 .fini          0x08005620        0x8 C:/ARM GNU Toolchain/bin/../lib/gcc/arm-none-eabi/13.3.1/thumb/v7e-m+fp/hard/crtn.o
                0x08005628                        . = ALIGN (0x4)
                0x08005628                        _etext = .

.vfp11_veneer   0x08005628        0x0
 .vfp11_veneer  0x08005628        0x0 linker stubs

.v4_bx          0x08005628        0x0
 .v4_bx         0x08005628        0x0 linker stubs

.iplt           0x08005628        0x0
 .iplt          0x08005628        0x0 C:/ARM GNU Toolchain/bin/../lib/gcc/arm-none-eabi/13.3.1/thumb/v7e-m+fp/hard/crtbegin.o

.rodata         0x08005628       0xac
                0x08005628                        . = ALIGN (0x4)
 *(.rodata)
 *(.rodata*)
 .rodata.MainTask.str1.4
                0x08005628       0x3c build/main.o
                                  0xa (size before relaxing)
 .rodata._ftoa.str1.4
                0x08005664       0x15 build/printf.o
 *fill*         0x08005664        0x4 
 .rodata.pow10.0
                0x08005668       0x50 build/printf.o
 .rodata.APBPrescTable
                0x080056b8        0x8 build/system_stm32f4xx.o
                0x080056b8                APBPrescTable
 .rodata.AHBPrescTable
                0x080056c0       0x10 build/system_stm32f4xx.o
                0x080056c0                AHBPrescTable
 .rodata.vTaskStartScheduler.str1.4
                0x080056d0        0x5 build/tasks.o
 .rodata.uxTopUsedPriority
                0x080056d0        0x4 build/tasks.o
                0x080056d0                uxTopUsedPriority
 .rodata.prvCheckForValidListAndQueue.str1.4
                0x080056d4        0x5 build/timers.o
 .rodata.xTimerCreateTimerTask.str1.4
                0x080056d4        0x8 build/timers.o
                0x080056dc                        . = ALIGN (0x4)

.ARM.extab
 *(.ARM.extab* .gnu.linkonce.armextab.*)

.ARM            0x080056d4        0x8
                0x080056d4                        __exidx_start = .
 *(.ARM.exidx*)
 .ARM.exidx     0x080056d4        0x8 C:/ARM GNU Toolchain/bin/../lib/gcc/arm-none-eabi/13.3.1/thumb/v7e-m+fp/hard\libc_nano.a(libc_a-strlen.o)
 .ARM.exidx.text.__udivmoddi4
                0x080056dc        0x0 C:/ARM GNU Toolchain/bin/../lib/gcc/arm-none-eabi/13.3.1/thumb/v7e-m+fp/hard\libgcc.a(_udivmoddi4.o)
                                  0x8 (size before relaxing)
                0x080056dc                        __exidx_end = .

.rel.dyn        0x080056dc        0x0
 .rel.iplt      0x080056dc        0x0 C:/ARM GNU Toolchain/bin/../lib/gcc/arm-none-eabi/13.3.1/thumb/v7e-m+fp/hard/crtbegin.o

.preinit_array  0x080056dc        0x0
                0x080056dc                        PROVIDE (__preinit_array_start = .)
 *(.preinit_array*)
                0x080056dc                        PROVIDE (__preinit_array_end = .)

.init_array     0x080056dc        0x4
                0x080056dc                        PROVIDE (__init_array_start = .)
 *(SORT_BY_NAME(.init_array.*))
 *(.init_array*)
 .init_array    0x080056dc        0x4 C:/ARM GNU Toolchain/bin/../lib/gcc/arm-none-eabi/13.3.1/thumb/v7e-m+fp/hard/crtbegin.o
                0x080056e0                        PROVIDE (__init_array_end = .)

.fini_array     0x080056e0        0x4
                [!provide]                        PROVIDE (__fini_array_start = .)
 *(SORT_BY_NAME(.fini_array.*))
 *(.fini_array*)
 .fini_array    0x080056e0        0x4 C:/ARM GNU Toolchain/bin/../lib/gcc/arm-none-eabi/13.3.1/thumb/v7e-m+fp/hard/crtbegin.o
                [!provide]                        PROVIDE (__fini_array_end = .)
                0x080056e4                        _sidata = LOADADDR (.data)

.data           0x20000000       0x10 load address 0x080056e4
                0x20000000                        . = ALIGN (0x4)
                0x20000000                        _sdata = .
 *(.data)
 *(.data*)
 .data.SystemCoreClock
                0x20000000        0x4 build/system_stm32f4xx.o
                0x20000000                SystemCoreClock
 .data.uwTickFreq
                0x20000004        0x1 build/stm32f4xx_hal.o
                0x20000004                uwTickFreq
 *fill*         0x20000005        0x3 
 .data.uwTickPrio
                0x20000008        0x4 build/stm32f4xx_hal.o
                0x20000008                uwTickPrio
 .data.uxCriticalNesting
                0x2000000c        0x4 build/port.o
                0x20000010                        . = ALIGN (0x4)
                0x20000010                        _edata = .
                0x080056f4                        _siccmram = LOADADDR (.ccmram)

.tm_clone_table
                0x20000010        0x0 load address 0x080056f4
 .tm_clone_table
                0x20000010        0x0 C:/ARM GNU Toolchain/bin/../lib/gcc/arm-none-eabi/13.3.1/thumb/v7e-m+fp/hard/crtbegin.o
 .tm_clone_table
                0x20000010        0x0 C:/ARM GNU Toolchain/bin/../lib/gcc/arm-none-eabi/13.3.1/thumb/v7e-m+fp/hard/crtend.o

.igot.plt       0x20000010        0x0 load address 0x080056f4
 .igot.plt      0x20000010        0x0 C:/ARM GNU Toolchain/bin/../lib/gcc/arm-none-eabi/13.3.1/thumb/v7e-m+fp/hard/crtbegin.o

.ccmram         0x10000000        0x0 load address 0x080056f4
                0x10000000                        . = ALIGN (0x4)
                0x10000000                        _sccmram = .
 *(.ccmram)
 *(.ccmram*)
                0x10000000                        . = ALIGN (0x4)
                0x10000000                        _eccmram = .
                0x10000000                        . = ALIGN (0x4)

.bss            0x20000010    0x12f18
                0x20000010                        _sbss = .
                0x20000010                        __bss_start__ = _sbss
 *(.bss)
 *(.bss*)
 .bss.completed.1
                0x20000010        0x1 C:/ARM GNU Toolchain/bin/../lib/gcc/arm-none-eabi/13.3.1/thumb/v7e-m+fp/hard/crtbegin.o
 *fill*         0x20000011        0x3 
 .bss.object.0  0x20000014       0x18 C:/ARM GNU Toolchain/bin/../lib/gcc/arm-none-eabi/13.3.1/thumb/v7e-m+fp/hard/crtbegin.o
 *fill*         0x2000002c        0x4 
 .bss.DutyCycle
                0x20000030        0x8 build/main.o
                0x20000030                DutyCycle
 .bss.xdesign   0x20000038        0x4 build/main.o
                0x20000038                xdesign
 .bss.ThetaCart
                0x2000003c        0x4 build/main.o
                0x2000003c                ThetaCart
 .bss.v         0x20000040        0x4 build/main.o
                0x20000040                v
 .bss.uwTick    0x20000044        0x4 build/stm32f4xx_hal.o
                0x20000044                uwTick
 .bss.pre_error.0
                0x20000048        0x4 build/Controller.o
 .bss.ui.1      0x2000004c        0x4 build/Controller.o
 .bss.errorReset.2
                0x20000050        0x4 build/Controller.o
 .bss.DeltaCnt  0x20000054        0x4 build/encoder.o
                0x20000054                DeltaCnt
 .bss.PreMotorCnt
                0x20000058        0x4 build/encoder.o
                0x20000058                PreMotorCnt
 .bss.MotorCnt  0x2000005c        0x4 build/encoder.o
                0x2000005c                MotorCnt
 .bss.PendulumCnt
                0x20000060        0x2 build/encoder.o
                0x20000060                PendulumCnt
 *fill*         0x20000062        0x2 
 .bss.htim3     0x20000064       0x48 build/encoder.o
                0x20000064                htim3
 .bss.htim2     0x200000ac       0x48 build/encoder.o
                0x200000ac                htim2
 .bss.huart3    0x200000f4       0x48 build/usart.o
                0x200000f4                huart3
 .bss.huart2    0x2000013c       0x48 build/usart.o
                0x2000013c                huart2
 .bss.xQueueRegistry
                0x20000184       0x40 build/queue.o
                0x20000184                xQueueRegistry
 .bss.uxSchedulerSuspended
                0x200001c4        0x4 build/tasks.o
 .bss.xIdleTaskHandle
                0x200001c8        0x4 build/tasks.o
 .bss.xNextTaskUnblockTime
                0x200001cc        0x4 build/tasks.o
 .bss.uxTaskNumber
                0x200001d0        0x4 build/tasks.o
 .bss.xNumOfOverflows
                0x200001d4        0x4 build/tasks.o
 .bss.xYieldPending
                0x200001d8        0x4 build/tasks.o
 .bss.xPendedTicks
                0x200001dc        0x4 build/tasks.o
 .bss.xSchedulerRunning
                0x200001e0        0x4 build/tasks.o
 .bss.uxTopReadyPriority
                0x200001e4        0x4 build/tasks.o
 .bss.xTickCount
                0x200001e8        0x4 build/tasks.o
 .bss.uxCurrentNumberOfTasks
                0x200001ec        0x4 build/tasks.o
 .bss.xSuspendedTaskList
                0x200001f0       0x14 build/tasks.o
 .bss.uxDeletedTasksWaitingCleanUp
                0x20000204        0x4 build/tasks.o
 .bss.xTasksWaitingTermination
                0x20000208       0x14 build/tasks.o
 .bss.xPendingReadyList
                0x2000021c       0x14 build/tasks.o
 .bss.pxOverflowDelayedTaskList
                0x20000230        0x4 build/tasks.o
 .bss.pxDelayedTaskList
                0x20000234        0x4 build/tasks.o
 .bss.xDelayedTaskList2
                0x20000238       0x14 build/tasks.o
 .bss.xDelayedTaskList1
                0x2000024c       0x14 build/tasks.o
 .bss.pxReadyTasksLists
                0x20000260       0x64 build/tasks.o
 .bss.pxCurrentTCB
                0x200002c4        0x4 build/tasks.o
                0x200002c4                pxCurrentTCB
 .bss.xLastTime.0
                0x200002c8        0x4 build/timers.o
 .bss.xTimerTaskHandle
                0x200002cc        0x4 build/timers.o
 .bss.xTimerQueue
                0x200002d0        0x4 build/timers.o
 .bss.pxOverflowTimerList
                0x200002d4        0x4 build/timers.o
 .bss.pxCurrentTimerList
                0x200002d8        0x4 build/timers.o
 .bss.xActiveTimerList2
                0x200002dc       0x14 build/timers.o
 .bss.xActiveTimerList1
                0x200002f0       0x14 build/timers.o
 .bss.ulMaxPRIGROUPValue
                0x20000304        0x4 build/port.o
 .bss.ucMaxSysCallPriority
                0x20000308        0x1 build/port.o
 *fill*         0x20000309        0x3 
 .bss.xNumberOfSuccessfulFrees
                0x2000030c        0x4 build/heap_4.o
 .bss.xNumberOfSuccessfulAllocations
                0x20000310        0x4 build/heap_4.o
 .bss.xMinimumEverFreeBytesRemaining
                0x20000314        0x4 build/heap_4.o
 .bss.xFreeBytesRemaining
                0x20000318        0x4 build/heap_4.o
 .bss.pxEnd     0x2000031c        0x4 build/heap_4.o
 .bss.xStart    0x20000320        0x8 build/heap_4.o
 .bss.ucHeap    0x20000328    0x12c00 build/heap_4.o
 *(COMMON)
                0x20012f28                        . = ALIGN (0x4)
                0x20012f28                        _ebss = .
                0x20012f28                        __bss_end__ = _ebss

._user_heap_stack
                0x20012f28      0x600
                0x20012f28                        . = ALIGN (0x8)
                [!provide]                        PROVIDE (end = .)
                0x20012f28                        PROVIDE (_end = .)
                0x20013128                        . = (. + _Min_Heap_Size)
 *fill*         0x20012f28      0x200 
                0x20013528                        . = (. + _Min_Stack_Size)
 *fill*         0x20013128      0x400 
                0x20013528                        . = ALIGN (0x8)

/DISCARD/
 libc.a(*)
 libm.a(*)
 libgcc.a(*)

.ARM.attributes
                0x00000000       0x30
 *(.ARM.attributes)
 .ARM.attributes
                0x00000000       0x22 C:/ARM GNU Toolchain/bin/../lib/gcc/arm-none-eabi/13.3.1/thumb/v7e-m+fp/hard/crti.o
 .ARM.attributes
                0x00000022       0x34 C:/ARM GNU Toolchain/bin/../lib/gcc/arm-none-eabi/13.3.1/thumb/v7e-m+fp/hard/crtbegin.o
 .ARM.attributes
                0x00000056       0x34 build/main.o
 .ARM.attributes
                0x0000008a       0x34 build/printf.o
 .ARM.attributes
                0x000000be       0x34 build/stm32f4xx_hal_msp.o
 .ARM.attributes
                0x000000f2       0x34 build/stm32f4xx_it.o
 .ARM.attributes
                0x00000126       0x34 build/system_stm32f4xx.o
 .ARM.attributes
                0x0000015a       0x34 build/stm32f4xx_hal.o
 .ARM.attributes
                0x0000018e       0x34 build/stm32f4xx_hal_cortex.o
 .ARM.attributes
                0x000001c2       0x34 build/stm32f4xx_hal_dma.o
 .ARM.attributes
                0x000001f6       0x34 build/stm32f4xx_hal_gpio.o
 .ARM.attributes
                0x0000022a       0x34 build/stm32f4xx_hal_rcc.o
 .ARM.attributes
                0x0000025e       0x34 build/stm32f4xx_hal_tim.o
 .ARM.attributes
                0x00000292       0x34 build/stm32f4xx_hal_tim_ex.o
 .ARM.attributes
                0x000002c6       0x34 build/stm32f4xx_hal_uart.o
 .ARM.attributes
                0x000002fa       0x34 build/Controller.o
 .ARM.attributes
                0x0000032e       0x34 build/encoder.o
 .ARM.attributes
                0x00000362       0x34 build/SysConfig.o
 .ARM.attributes
                0x00000396       0x34 build/usart.o
 .ARM.attributes
                0x000003ca       0x34 build/list.o
 .ARM.attributes
                0x000003fe       0x34 build/queue.o
 .ARM.attributes
                0x00000432       0x34 build/tasks.o
 .ARM.attributes
                0x00000466       0x34 build/timers.o
 .ARM.attributes
                0x0000049a       0x34 build/port.o
 .ARM.attributes
                0x000004ce       0x34 build/heap_4.o
 .ARM.attributes
                0x00000502       0x21 build/startup_stm32f407xx.o
 .ARM.attributes
                0x00000523       0x34 C:/ARM GNU Toolchain/bin/../lib/gcc/arm-none-eabi/13.3.1/thumb/v7e-m+fp/hard\libc_nano.a(libc_a-memset.o)
 .ARM.attributes
                0x00000557       0x34 C:/ARM GNU Toolchain/bin/../lib/gcc/arm-none-eabi/13.3.1/thumb/v7e-m+fp/hard\libc_nano.a(libc_a-init.o)
 .ARM.attributes
                0x0000058b       0x34 C:/ARM GNU Toolchain/bin/../lib/gcc/arm-none-eabi/13.3.1/thumb/v7e-m+fp/hard\libc_nano.a(libc_a-memcpy-stub.o)
 .ARM.attributes
                0x000005bf       0x17 C:/ARM GNU Toolchain/bin/../lib/gcc/arm-none-eabi/13.3.1/thumb/v7e-m+fp/hard\libc_nano.a(libc_a-strlen.o)
 .ARM.attributes
                0x000005d6       0x22 C:/ARM GNU Toolchain/bin/../lib/gcc/arm-none-eabi/13.3.1/thumb/v7e-m+fp/hard\libgcc.a(_arm_addsubdf3.o)
 .ARM.attributes
                0x000005f8       0x22 C:/ARM GNU Toolchain/bin/../lib/gcc/arm-none-eabi/13.3.1/thumb/v7e-m+fp/hard\libgcc.a(_arm_muldivdf3.o)
 .ARM.attributes
                0x0000061a       0x22 C:/ARM GNU Toolchain/bin/../lib/gcc/arm-none-eabi/13.3.1/thumb/v7e-m+fp/hard\libgcc.a(_arm_cmpdf2.o)
 .ARM.attributes
                0x0000063c       0x22 C:/ARM GNU Toolchain/bin/../lib/gcc/arm-none-eabi/13.3.1/thumb/v7e-m+fp/hard\libgcc.a(_arm_fixdfsi.o)
 .ARM.attributes
                0x0000065e       0x22 C:/ARM GNU Toolchain/bin/../lib/gcc/arm-none-eabi/13.3.1/thumb/v7e-m+fp/hard\libgcc.a(_arm_fixunsdfsi.o)
 .ARM.attributes
                0x00000680       0x22 C:/ARM GNU Toolchain/bin/../lib/gcc/arm-none-eabi/13.3.1/thumb/v7e-m+fp/hard\libgcc.a(_arm_addsubsf3.o)
 .ARM.attributes
                0x000006a2       0x22 C:/ARM GNU Toolchain/bin/../lib/gcc/arm-none-eabi/13.3.1/thumb/v7e-m+fp/hard\libgcc.a(_aeabi_uldivmod.o)
 .ARM.attributes
                0x000006c4       0x34 C:/ARM GNU Toolchain/bin/../lib/gcc/arm-none-eabi/13.3.1/thumb/v7e-m+fp/hard\libgcc.a(_fixsfdi.o)
 .ARM.attributes
                0x000006f8       0x34 C:/ARM GNU Toolchain/bin/../lib/gcc/arm-none-eabi/13.3.1/thumb/v7e-m+fp/hard\libgcc.a(_fixunssfdi.o)
 .ARM.attributes
                0x0000072c       0x34 C:/ARM GNU Toolchain/bin/../lib/gcc/arm-none-eabi/13.3.1/thumb/v7e-m+fp/hard\libgcc.a(_udivmoddi4.o)
 .ARM.attributes
                0x00000760       0x22 C:/ARM GNU Toolchain/bin/../lib/gcc/arm-none-eabi/13.3.1/thumb/v7e-m+fp/hard\libgcc.a(_dvmd_tls.o)
 .ARM.attributes
                0x00000782       0x34 C:/ARM GNU Toolchain/bin/../lib/gcc/arm-none-eabi/13.3.1/thumb/v7e-m+fp/hard/crtend.o
 .ARM.attributes
                0x000007b6       0x22 C:/ARM GNU Toolchain/bin/../lib/gcc/arm-none-eabi/13.3.1/thumb/v7e-m+fp/hard/crtn.o
OUTPUT(build/FirmwaveSTM32.elf elf32-littlearm)
LOAD linker stubs
LOAD C:/ARM GNU Toolchain/bin/../lib/gcc/arm-none-eabi/13.3.1/thumb/v7e-m+fp/hard\libc.a
LOAD C:/ARM GNU Toolchain/bin/../lib/gcc/arm-none-eabi/13.3.1/thumb/v7e-m+fp/hard\libm.a
LOAD C:/ARM GNU Toolchain/bin/../lib/gcc/arm-none-eabi/13.3.1/thumb/v7e-m+fp/hard\libgcc.a

.debug_info     0x00000000    0x1ba77
 .debug_info    0x00000000      0xae6 build/main.o
 .debug_info    0x00000ae6     0x1c19 build/printf.o
 .debug_info    0x000026ff      0x2f2 build/stm32f4xx_hal_msp.o
 .debug_info    0x000029f1      0x102 build/stm32f4xx_it.o
 .debug_info    0x00002af3      0x5b3 build/system_stm32f4xx.o
 .debug_info    0x000030a6      0xafa build/stm32f4xx_hal.o
 .debug_info    0x00003ba0     0x11e0 build/stm32f4xx_hal_cortex.o
 .debug_info    0x00004d80      0xbce build/stm32f4xx_hal_dma.o
 .debug_info    0x0000594e      0x848 build/stm32f4xx_hal_gpio.o
 .debug_info    0x00006196      0xc0a build/stm32f4xx_hal_rcc.o
 .debug_info    0x00006da0     0x41a0 build/stm32f4xx_hal_tim.o
 .debug_info    0x0000af40     0x1da5 build/stm32f4xx_hal_tim_ex.o
 .debug_info    0x0000cce5     0x439d build/stm32f4xx_hal_uart.o
 .debug_info    0x00011082      0x36c build/Controller.o
 .debug_info    0x000113ee     0x1249 build/encoder.o
 .debug_info    0x00012637      0x624 build/SysConfig.o
 .debug_info    0x00012c5b      0xfa9 build/usart.o
 .debug_info    0x00013c04      0x30f build/list.o
 .debug_info    0x00013f13     0x25ff build/queue.o
 .debug_info    0x00016512     0x3398 build/tasks.o
 .debug_info    0x000198aa     0x14fb build/timers.o
 .debug_info    0x0001ada5      0x5c2 build/port.o
 .debug_info    0x0001b367      0x6e0 build/heap_4.o
 .debug_info    0x0001ba47       0x30 build/startup_stm32f407xx.o

.debug_abbrev   0x00000000     0x38c1
 .debug_abbrev  0x00000000      0x2a6 build/main.o
 .debug_abbrev  0x000002a6      0x3b8 build/printf.o
 .debug_abbrev  0x0000065e       0xd3 build/stm32f4xx_hal_msp.o
 .debug_abbrev  0x00000731       0x46 build/stm32f4xx_it.o
 .debug_abbrev  0x00000777      0x11b build/system_stm32f4xx.o
 .debug_abbrev  0x00000892      0x244 build/stm32f4xx_hal.o
 .debug_abbrev  0x00000ad6      0x3ca build/stm32f4xx_hal_cortex.o
 .debug_abbrev  0x00000ea0      0x2fe build/stm32f4xx_hal_dma.o
 .debug_abbrev  0x0000119e      0x22b build/stm32f4xx_hal_gpio.o
 .debug_abbrev  0x000013c9      0x2de build/stm32f4xx_hal_rcc.o
 .debug_abbrev  0x000016a7      0x2bd build/stm32f4xx_hal_tim.o
 .debug_abbrev  0x00001964      0x2b7 build/stm32f4xx_hal_tim_ex.o
 .debug_abbrev  0x00001c1b      0x36f build/stm32f4xx_hal_uart.o
 .debug_abbrev  0x00001f8a      0x117 build/Controller.o
 .debug_abbrev  0x000020a1      0x277 build/encoder.o
 .debug_abbrev  0x00002318      0x1c2 build/SysConfig.o
 .debug_abbrev  0x000024da      0x243 build/usart.o
 .debug_abbrev  0x0000271d      0x124 build/list.o
 .debug_abbrev  0x00002841      0x39f build/queue.o
 .debug_abbrev  0x00002be0      0x403 build/tasks.o
 .debug_abbrev  0x00002fe3      0x33d build/timers.o
 .debug_abbrev  0x00003320      0x2af build/port.o
 .debug_abbrev  0x000035cf      0x2d5 build/heap_4.o
 .debug_abbrev  0x000038a4       0x1d build/startup_stm32f407xx.o

.debug_loc      0x00000000    0x1919c
 .debug_loc     0x00000000       0xcf build/main.o
 .debug_loc     0x000000cf     0x2398 build/printf.o
 .debug_loc     0x00002467       0x2c build/stm32f4xx_hal_msp.o
 .debug_loc     0x00002493      0x181 build/system_stm32f4xx.o
 .debug_loc     0x00002614      0x1f9 build/stm32f4xx_hal.o
 .debug_loc     0x0000280d      0x8ff build/stm32f4xx_hal_cortex.o
 .debug_loc     0x0000310c      0xe9a build/stm32f4xx_hal_dma.o
 .debug_loc     0x00003fa6      0x60b build/stm32f4xx_hal_gpio.o
 .debug_loc     0x000045b1      0x720 build/stm32f4xx_hal_rcc.o
 .debug_loc     0x00004cd1     0x6097 build/stm32f4xx_hal_tim.o
 .debug_loc     0x0000ad68     0x22d2 build/stm32f4xx_hal_tim_ex.o
 .debug_loc     0x0000d03a     0x5001 build/stm32f4xx_hal_uart.o
 .debug_loc     0x0001203b      0x340 build/Controller.o
 .debug_loc     0x0001237b      0x187 build/encoder.o
 .debug_loc     0x00012502       0x72 build/SysConfig.o
 .debug_loc     0x00012574      0x225 build/usart.o
 .debug_loc     0x00012799       0xeb build/list.o
 .debug_loc     0x00012884     0x1dd6 build/queue.o
 .debug_loc     0x0001465a     0x3155 build/tasks.o
 .debug_loc     0x000177af     0x12b1 build/timers.o
 .debug_loc     0x00018a60      0x1c6 build/port.o
 .debug_loc     0x00018c26      0x576 build/heap_4.o

.debug_aranges  0x00000000     0x1248
 .debug_aranges
                0x00000000       0x30 build/main.o
 .debug_aranges
                0x00000030       0xa8 build/printf.o
 .debug_aranges
                0x000000d8       0x20 build/stm32f4xx_hal_msp.o
 .debug_aranges
                0x000000f8       0x48 build/stm32f4xx_it.o
 .debug_aranges
                0x00000140       0x28 build/system_stm32f4xx.o
 .debug_aranges
                0x00000168       0xf0 build/stm32f4xx_hal.o
 .debug_aranges
                0x00000258       0xf8 build/stm32f4xx_hal_cortex.o
 .debug_aranges
                0x00000350       0x90 build/stm32f4xx_hal_dma.o
 .debug_aranges
                0x000003e0       0x58 build/stm32f4xx_hal_gpio.o
 .debug_aranges
                0x00000438       0x88 build/stm32f4xx_hal_rcc.o
 .debug_aranges
                0x000004c0      0x3d0 build/stm32f4xx_hal_tim.o
 .debug_aranges
                0x00000890      0x168 build/stm32f4xx_hal_tim_ex.o
 .debug_aranges
                0x000009f8      0x208 build/stm32f4xx_hal_uart.o
 .debug_aranges
                0x00000c00       0x28 build/Controller.o
 .debug_aranges
                0x00000c28       0x50 build/encoder.o
 .debug_aranges
                0x00000c78       0x30 build/SysConfig.o
 .debug_aranges
                0x00000ca8       0x48 build/usart.o
 .debug_aranges
                0x00000cf0       0x40 build/list.o
 .debug_aranges
                0x00000d30      0x130 build/queue.o
 .debug_aranges
                0x00000e60      0x1f8 build/tasks.o
 .debug_aranges
                0x00001058       0xe8 build/timers.o
 .debug_aranges
                0x00001140       0x80 build/port.o
 .debug_aranges
                0x000011c0       0x60 build/heap_4.o
 .debug_aranges
                0x00001220       0x28 build/startup_stm32f407xx.o

.debug_ranges   0x00000000     0x1550
 .debug_ranges  0x00000000       0x20 build/main.o
 .debug_ranges  0x00000020      0x190 build/printf.o
 .debug_ranges  0x000001b0       0x10 build/stm32f4xx_hal_msp.o
 .debug_ranges  0x000001c0       0x38 build/stm32f4xx_it.o
 .debug_ranges  0x000001f8       0x18 build/system_stm32f4xx.o
 .debug_ranges  0x00000210       0xe0 build/stm32f4xx_hal.o
 .debug_ranges  0x000002f0       0xe8 build/stm32f4xx_hal_cortex.o
 .debug_ranges  0x000003d8       0x80 build/stm32f4xx_hal_dma.o
 .debug_ranges  0x00000458       0x48 build/stm32f4xx_hal_gpio.o
 .debug_ranges  0x000004a0       0x90 build/stm32f4xx_hal_rcc.o
 .debug_ranges  0x00000530      0x3c0 build/stm32f4xx_hal_tim.o
 .debug_ranges  0x000008f0      0x158 build/stm32f4xx_hal_tim_ex.o
 .debug_ranges  0x00000a48      0x210 build/stm32f4xx_hal_uart.o
 .debug_ranges  0x00000c58       0x18 build/Controller.o
 .debug_ranges  0x00000c70       0x40 build/encoder.o
 .debug_ranges  0x00000cb0       0x20 build/SysConfig.o
 .debug_ranges  0x00000cd0       0x38 build/usart.o
 .debug_ranges  0x00000d08       0x30 build/list.o
 .debug_ranges  0x00000d38      0x220 build/queue.o
 .debug_ranges  0x00000f58      0x428 build/tasks.o
 .debug_ranges  0x00001380       0xd8 build/timers.o
 .debug_ranges  0x00001458       0x88 build/port.o
 .debug_ranges  0x000014e0       0x50 build/heap_4.o
 .debug_ranges  0x00001530       0x20 build/startup_stm32f407xx.o

.debug_line     0x00000000    0x146b2
 .debug_line    0x00000000      0x2ed build/main.o
 .debug_line    0x000002ed     0x11c0 build/printf.o
 .debug_line    0x000014ad      0x11f build/stm32f4xx_hal_msp.o
 .debug_line    0x000015cc       0xca build/stm32f4xx_it.o
 .debug_line    0x00001696      0x216 build/system_stm32f4xx.o
 .debug_line    0x000018ac      0x52f build/stm32f4xx_hal.o
 .debug_line    0x00001ddb      0x7f2 build/stm32f4xx_hal_cortex.o
 .debug_line    0x000025cd      0xdfb build/stm32f4xx_hal_dma.o
 .debug_line    0x000033c8      0x6bd build/stm32f4xx_hal_gpio.o
 .debug_line    0x00003a85      0xb86 build/stm32f4xx_hal_rcc.o
 .debug_line    0x0000460b     0x4736 build/stm32f4xx_hal_tim.o
 .debug_line    0x00008d41     0x1a7f build/stm32f4xx_hal_tim_ex.o
 .debug_line    0x0000a7c0     0x3485 build/stm32f4xx_hal_uart.o
 .debug_line    0x0000dc45      0x1fd build/Controller.o
 .debug_line    0x0000de42      0x405 build/encoder.o
 .debug_line    0x0000e247      0x2a4 build/SysConfig.o
 .debug_line    0x0000e4eb      0x3e1 build/usart.o
 .debug_line    0x0000e8cc      0x2ed build/list.o
 .debug_line    0x0000ebb9     0x1a92 build/queue.o
 .debug_line    0x0001064b     0x282a build/tasks.o
 .debug_line    0x00012e75      0xb1e build/timers.o
 .debug_line    0x00013993      0x5bc build/port.o
 .debug_line    0x00013f4f      0x6f0 build/heap_4.o
 .debug_line    0x0001463f       0x73 build/startup_stm32f407xx.o

.debug_str      0x00000000     0x5e57
 .debug_str     0x00000000     0x5e57 build/main.o
                                0x813 (size before relaxing)
 .debug_str     0x00005e57      0x42f build/printf.o
 .debug_str     0x00005e57      0x292 build/stm32f4xx_hal_msp.o
 .debug_str     0x00005e57      0x1cf build/stm32f4xx_it.o
 .debug_str     0x00005e57      0x347 build/system_stm32f4xx.o
 .debug_str     0x00005e57      0xb36 build/stm32f4xx_hal.o
 .debug_str     0x00005e57      0xc47 build/stm32f4xx_hal_cortex.o
 .debug_str     0x00005e57      0x748 build/stm32f4xx_hal_dma.o
 .debug_str     0x00005e57      0x4b2 build/stm32f4xx_hal_gpio.o
 .debug_str     0x00005e57      0x6d8 build/stm32f4xx_hal_rcc.o
 .debug_str     0x00005e57     0x16d1 build/stm32f4xx_hal_tim.o
 .debug_str     0x00005e57      0xedd build/stm32f4xx_hal_tim_ex.o
 .debug_str     0x00005e57      0xd6d build/stm32f4xx_hal_uart.o
 .debug_str     0x00005e57      0x1ef build/Controller.o
 .debug_str     0x00005e57      0xfda build/encoder.o
 .debug_str     0x00005e57      0x463 build/SysConfig.o
 .debug_str     0x00005e57      0xd9a build/usart.o
 .debug_str     0x00005e57      0x2c0 build/list.o
 .debug_str     0x00005e57      0xb7b build/queue.o
 .debug_str     0x00005e57     0x11d6 build/tasks.o
 .debug_str     0x00005e57      0x90a build/timers.o
 .debug_str     0x00005e57      0x43c build/port.o
 .debug_str     0x00005e57      0x50e build/heap_4.o
 .debug_str     0x00005e57       0x54 build/startup_stm32f407xx.o

.comment        0x00000000       0x45
 .comment       0x00000000       0x45 build/main.o
                                 0x46 (size before relaxing)
 .comment       0x00000045       0x46 build/printf.o
 .comment       0x00000045       0x46 build/stm32f4xx_hal_msp.o
 .comment       0x00000045       0x46 build/stm32f4xx_it.o
 .comment       0x00000045       0x46 build/system_stm32f4xx.o
 .comment       0x00000045       0x46 build/stm32f4xx_hal.o
 .comment       0x00000045       0x46 build/stm32f4xx_hal_cortex.o
 .comment       0x00000045       0x46 build/stm32f4xx_hal_dma.o
 .comment       0x00000045       0x46 build/stm32f4xx_hal_gpio.o
 .comment       0x00000045       0x46 build/stm32f4xx_hal_rcc.o
 .comment       0x00000045       0x46 build/stm32f4xx_hal_tim.o
 .comment       0x00000045       0x46 build/stm32f4xx_hal_tim_ex.o
 .comment       0x00000045       0x46 build/stm32f4xx_hal_uart.o
 .comment       0x00000045       0x46 build/Controller.o
 .comment       0x00000045       0x46 build/encoder.o
 .comment       0x00000045       0x46 build/SysConfig.o
 .comment       0x00000045       0x46 build/usart.o
 .comment       0x00000045       0x46 build/list.o
 .comment       0x00000045       0x46 build/queue.o
 .comment       0x00000045       0x46 build/tasks.o
 .comment       0x00000045       0x46 build/timers.o
 .comment       0x00000045       0x46 build/port.o
 .comment       0x00000045       0x46 build/heap_4.o

.debug_frame    0x00000000     0x3580
 .debug_frame   0x00000000       0x58 build/main.o
 .debug_frame   0x00000058      0x2c8 build/printf.o
 .debug_frame   0x00000320       0x28 build/stm32f4xx_hal_msp.o
 .debug_frame   0x00000348       0x70 build/stm32f4xx_it.o
 .debug_frame   0x000003b8       0x30 build/system_stm32f4xx.o
 .debug_frame   0x000003e8      0x1ec build/stm32f4xx_hal.o
 .debug_frame   0x000005d4      0x214 build/stm32f4xx_hal_cortex.o
 .debug_frame   0x000007e8      0x188 build/stm32f4xx_hal_dma.o
 .debug_frame   0x00000970       0xd8 build/stm32f4xx_hal_gpio.o
 .debug_frame   0x00000a48      0x16c build/stm32f4xx_hal_rcc.o
 .debug_frame   0x00000bb4      0xb10 build/stm32f4xx_hal_tim.o
 .debug_frame   0x000016c4      0x418 build/stm32f4xx_hal_tim_ex.o
 .debug_frame   0x00001adc      0x5dc build/stm32f4xx_hal_uart.o
 .debug_frame   0x000020b8       0x48 build/Controller.o
 .debug_frame   0x00002100       0xc8 build/encoder.o
 .debug_frame   0x000021c8       0x58 build/SysConfig.o
 .debug_frame   0x00002220       0xac build/usart.o
 .debug_frame   0x000022cc       0x70 build/list.o
 .debug_frame   0x0000233c      0x3cc build/queue.o
 .debug_frame   0x00002708      0x644 build/tasks.o
 .debug_frame   0x00002d4c      0x2bc build/timers.o
 .debug_frame   0x00003008      0x110 build/port.o
 .debug_frame   0x00003118       0xec build/heap_4.o
 .debug_frame   0x00003204       0x20 C:/ARM GNU Toolchain/bin/../lib/gcc/arm-none-eabi/13.3.1/thumb/v7e-m+fp/hard\libc_nano.a(libc_a-memset.o)
 .debug_frame   0x00003224       0x2c C:/ARM GNU Toolchain/bin/../lib/gcc/arm-none-eabi/13.3.1/thumb/v7e-m+fp/hard\libc_nano.a(libc_a-init.o)
 .debug_frame   0x00003250       0x28 C:/ARM GNU Toolchain/bin/../lib/gcc/arm-none-eabi/13.3.1/thumb/v7e-m+fp/hard\libc_nano.a(libc_a-memcpy-stub.o)
 .debug_frame   0x00003278       0xac C:/ARM GNU Toolchain/bin/../lib/gcc/arm-none-eabi/13.3.1/thumb/v7e-m+fp/hard\libgcc.a(_arm_addsubdf3.o)
 .debug_frame   0x00003324       0x50 C:/ARM GNU Toolchain/bin/../lib/gcc/arm-none-eabi/13.3.1/thumb/v7e-m+fp/hard\libgcc.a(_arm_muldivdf3.o)
 .debug_frame   0x00003374       0xc4 C:/ARM GNU Toolchain/bin/../lib/gcc/arm-none-eabi/13.3.1/thumb/v7e-m+fp/hard\libgcc.a(_arm_cmpdf2.o)
 .debug_frame   0x00003438       0x24 C:/ARM GNU Toolchain/bin/../lib/gcc/arm-none-eabi/13.3.1/thumb/v7e-m+fp/hard\libgcc.a(_arm_fixdfsi.o)
 .debug_frame   0x0000345c       0x24 C:/ARM GNU Toolchain/bin/../lib/gcc/arm-none-eabi/13.3.1/thumb/v7e-m+fp/hard\libgcc.a(_arm_fixunsdfsi.o)
 .debug_frame   0x00003480       0x4c C:/ARM GNU Toolchain/bin/../lib/gcc/arm-none-eabi/13.3.1/thumb/v7e-m+fp/hard\libgcc.a(_arm_addsubsf3.o)
 .debug_frame   0x000034cc       0x2c C:/ARM GNU Toolchain/bin/../lib/gcc/arm-none-eabi/13.3.1/thumb/v7e-m+fp/hard\libgcc.a(_aeabi_uldivmod.o)
 .debug_frame   0x000034f8       0x28 C:/ARM GNU Toolchain/bin/../lib/gcc/arm-none-eabi/13.3.1/thumb/v7e-m+fp/hard\libgcc.a(_fixsfdi.o)
 .debug_frame   0x00003520       0x2c C:/ARM GNU Toolchain/bin/../lib/gcc/arm-none-eabi/13.3.1/thumb/v7e-m+fp/hard\libgcc.a(_fixunssfdi.o)
 .debug_frame   0x0000354c       0x34 C:/ARM GNU Toolchain/bin/../lib/gcc/arm-none-eabi/13.3.1/thumb/v7e-m+fp/hard\libgcc.a(_udivmoddi4.o)

.debug_line_str
                0x00000000      0x1da
 .debug_line_str
                0x00000000      0x1da C:/ARM GNU Toolchain/bin/../lib/gcc/arm-none-eabi/13.3.1/thumb/v7e-m+fp/hard\libc_nano.a(libc_a-strlen.o)
                                 0xeb (size before relaxing)
 .debug_line_str
                0x000001da       0xce C:/ARM GNU Toolchain/bin/../lib/gcc/arm-none-eabi/13.3.1/thumb/v7e-m+fp/hard\libgcc.a(_arm_addsubdf3.o)
 .debug_line_str
                0x000001da       0xce C:/ARM GNU Toolchain/bin/../lib/gcc/arm-none-eabi/13.3.1/thumb/v7e-m+fp/hard\libgcc.a(_arm_muldivdf3.o)
 .debug_line_str
                0x000001da       0xce C:/ARM GNU Toolchain/bin/../lib/gcc/arm-none-eabi/13.3.1/thumb/v7e-m+fp/hard\libgcc.a(_arm_cmpdf2.o)
 .debug_line_str
                0x000001da       0xce C:/ARM GNU Toolchain/bin/../lib/gcc/arm-none-eabi/13.3.1/thumb/v7e-m+fp/hard\libgcc.a(_arm_fixdfsi.o)
 .debug_line_str
                0x000001da       0xce C:/ARM GNU Toolchain/bin/../lib/gcc/arm-none-eabi/13.3.1/thumb/v7e-m+fp/hard\libgcc.a(_arm_fixunsdfsi.o)
 .debug_line_str
                0x000001da       0xce C:/ARM GNU Toolchain/bin/../lib/gcc/arm-none-eabi/13.3.1/thumb/v7e-m+fp/hard\libgcc.a(_arm_addsubsf3.o)
 .debug_line_str
                0x000001da       0xc9 C:/ARM GNU Toolchain/bin/../lib/gcc/arm-none-eabi/13.3.1/thumb/v7e-m+fp/hard\libgcc.a(_aeabi_uldivmod.o)
 .debug_line_str
                0x000001da       0xcd C:/ARM GNU Toolchain/bin/../lib/gcc/arm-none-eabi/13.3.1/thumb/v7e-m+fp/hard\libgcc.a(_dvmd_tls.o)

Cross Reference Table

Symbol                                            File
ADC_IRQHandler                                    build/startup_stm32f407xx.o
AHBPrescTable                                     build/system_stm32f4xx.o
                                                  build/stm32f4xx_hal_rcc.o
APBPrescTable                                     build/system_stm32f4xx.o
                                                  build/stm32f4xx_hal_rcc.o
BusFault_Handler                                  build/stm32f4xx_it.o
CAN1_RX0_IRQHandler                               build/startup_stm32f407xx.o
CAN1_RX1_IRQHandler                               build/startup_stm32f407xx.o
CAN1_SCE_IRQHandler                               build/startup_stm32f407xx.o
CAN1_TX_IRQHandler                                build/startup_stm32f407xx.o
CAN2_RX0_IRQHandler                               build/startup_stm32f407xx.o
CAN2_RX1_IRQHandler                               build/startup_stm32f407xx.o
CAN2_SCE_IRQHandler                               build/startup_stm32f407xx.o
CAN2_TX_IRQHandler                                build/startup_stm32f407xx.o
CommuniQueue                                      build/main.o
CommuniSemaphore                                  build/main.o
CommunicationTask                                 build/main.o
DCMI_IRQHandler                                   build/startup_stm32f407xx.o
DMA1_Stream0_IRQHandler                           build/startup_stm32f407xx.o
DMA1_Stream1_IRQHandler                           build/startup_stm32f407xx.o
DMA1_Stream2_IRQHandler                           build/startup_stm32f407xx.o
DMA1_Stream3_IRQHandler                           build/startup_stm32f407xx.o
DMA1_Stream4_IRQHandler                           build/startup_stm32f407xx.o
DMA1_Stream5_IRQHandler                           build/startup_stm32f407xx.o
DMA1_Stream6_IRQHandler                           build/startup_stm32f407xx.o
DMA1_Stream7_IRQHandler                           build/startup_stm32f407xx.o
DMA2_Stream0_IRQHandler                           build/startup_stm32f407xx.o
DMA2_Stream1_IRQHandler                           build/startup_stm32f407xx.o
DMA2_Stream2_IRQHandler                           build/startup_stm32f407xx.o
DMA2_Stream3_IRQHandler                           build/startup_stm32f407xx.o
DMA2_Stream4_IRQHandler                           build/startup_stm32f407xx.o
DMA2_Stream5_IRQHandler                           build/startup_stm32f407xx.o
DMA2_Stream6_IRQHandler                           build/startup_stm32f407xx.o
DMA2_Stream7_IRQHandler                           build/startup_stm32f407xx.o
DebugMon_Handler                                  build/stm32f4xx_it.o
Default_Handler                                   build/startup_stm32f407xx.o
DeltaCnt                                          build/encoder.o
                                                  build/main.o
Driver_Encoder_Init                               build/encoder.o
                                                  build/main.o
Driver_USART_Init                                 build/usart.o
                                                  build/main.o
DutyCycle                                         build/main.o
ETH_IRQHandler                                    build/startup_stm32f407xx.o
ETH_WKUP_IRQHandler                               build/startup_stm32f407xx.o
EXTI0_IRQHandler                                  build/startup_stm32f407xx.o
EXTI15_10_IRQHandler                              build/startup_stm32f407xx.o
EXTI1_IRQHandler                                  build/startup_stm32f407xx.o
EXTI2_IRQHandler                                  build/startup_stm32f407xx.o
EXTI3_IRQHandler                                  build/startup_stm32f407xx.o
EXTI4_IRQHandler                                  build/startup_stm32f407xx.o
EXTI9_5_IRQHandler                                build/startup_stm32f407xx.o
Error_Handler                                     build/SysConfig.o
FLASH_Erase_Sector                                build/stm32f4xx_hal_flash_ex.o
                                                  build/stm32f4xx_hal_flash.o
FLASH_FlushCaches                                 build/stm32f4xx_hal_flash_ex.o
                                                  build/stm32f4xx_hal_flash.o
FLASH_IRQHandler                                  build/startup_stm32f407xx.o
FLASH_WaitForLastOperation                        build/stm32f4xx_hal_flash.o
                                                  build/stm32f4xx_hal_flash_ex.o
FPU_IRQHandler                                    build/startup_stm32f407xx.o
FSMC_IRQHandler                                   build/startup_stm32f407xx.o
HAL_CORTEX_ClearEvent                             build/stm32f4xx_hal_cortex.o
HAL_DBGMCU_DisableDBGSleepMode                    build/stm32f4xx_hal.o
HAL_DBGMCU_DisableDBGStandbyMode                  build/stm32f4xx_hal.o
HAL_DBGMCU_DisableDBGStopMode                     build/stm32f4xx_hal.o
HAL_DBGMCU_EnableDBGSleepMode                     build/stm32f4xx_hal.o
HAL_DBGMCU_EnableDBGStandbyMode                   build/stm32f4xx_hal.o
HAL_DBGMCU_EnableDBGStopMode                      build/stm32f4xx_hal.o
HAL_DMAEx_ChangeMemory                            build/stm32f4xx_hal_dma_ex.o
HAL_DMAEx_MultiBufferStart                        build/stm32f4xx_hal_dma_ex.o
HAL_DMAEx_MultiBufferStart_IT                     build/stm32f4xx_hal_dma_ex.o
HAL_DMA_Abort                                     build/stm32f4xx_hal_dma.o
                                                  build/stm32f4xx_hal_uart.o
HAL_DMA_Abort_IT                                  build/stm32f4xx_hal_dma.o
                                                  build/stm32f4xx_hal_uart.o
                                                  build/stm32f4xx_hal_tim_ex.o
                                                  build/stm32f4xx_hal_tim.o
HAL_DMA_DeInit                                    build/stm32f4xx_hal_dma.o
HAL_DMA_GetError                                  build/stm32f4xx_hal_dma.o
                                                  build/stm32f4xx_hal_uart.o
HAL_DMA_GetState                                  build/stm32f4xx_hal_dma.o
HAL_DMA_IRQHandler                                build/stm32f4xx_hal_dma.o
HAL_DMA_Init                                      build/stm32f4xx_hal_dma.o
HAL_DMA_PollForTransfer                           build/stm32f4xx_hal_dma.o
HAL_DMA_RegisterCallback                          build/stm32f4xx_hal_dma.o
HAL_DMA_Start                                     build/stm32f4xx_hal_dma.o
HAL_DMA_Start_IT                                  build/stm32f4xx_hal_dma.o
                                                  build/stm32f4xx_hal_uart.o
                                                  build/stm32f4xx_hal_tim_ex.o
                                                  build/stm32f4xx_hal_tim.o
HAL_DMA_UnRegisterCallback                        build/stm32f4xx_hal_dma.o
HAL_DeInit                                        build/stm32f4xx_hal.o
HAL_Delay                                         build/stm32f4xx_hal.o
HAL_DisableCompensationCell                       build/stm32f4xx_hal.o
HAL_EXTI_ClearConfigLine                          build/stm32f4xx_hal_exti.o
HAL_EXTI_ClearPending                             build/stm32f4xx_hal_exti.o
HAL_EXTI_GenerateSWI                              build/stm32f4xx_hal_exti.o
HAL_EXTI_GetConfigLine                            build/stm32f4xx_hal_exti.o
HAL_EXTI_GetHandle                                build/stm32f4xx_hal_exti.o
HAL_EXTI_GetPending                               build/stm32f4xx_hal_exti.o
HAL_EXTI_IRQHandler                               build/stm32f4xx_hal_exti.o
HAL_EXTI_RegisterCallback                         build/stm32f4xx_hal_exti.o
HAL_EXTI_SetConfigLine                            build/stm32f4xx_hal_exti.o
HAL_EnableCompensationCell                        build/stm32f4xx_hal.o
HAL_FLASHEx_Erase                                 build/stm32f4xx_hal_flash_ex.o
HAL_FLASHEx_Erase_IT                              build/stm32f4xx_hal_flash_ex.o
HAL_FLASHEx_OBGetConfig                           build/stm32f4xx_hal_flash_ex.o
HAL_FLASHEx_OBProgram                             build/stm32f4xx_hal_flash_ex.o
HAL_FLASH_EndOfOperationCallback                  build/stm32f4xx_hal_flash.o
HAL_FLASH_GetError                                build/stm32f4xx_hal_flash.o
HAL_FLASH_IRQHandler                              build/stm32f4xx_hal_flash.o
HAL_FLASH_Lock                                    build/stm32f4xx_hal_flash.o
HAL_FLASH_OB_Launch                               build/stm32f4xx_hal_flash.o
HAL_FLASH_OB_Lock                                 build/stm32f4xx_hal_flash.o
HAL_FLASH_OB_Unlock                               build/stm32f4xx_hal_flash.o
HAL_FLASH_OperationErrorCallback                  build/stm32f4xx_hal_flash.o
HAL_FLASH_Program                                 build/stm32f4xx_hal_flash.o
HAL_FLASH_Program_IT                              build/stm32f4xx_hal_flash.o
HAL_FLASH_Unlock                                  build/stm32f4xx_hal_flash.o
HAL_GPIO_DeInit                                   build/stm32f4xx_hal_gpio.o
HAL_GPIO_EXTI_Callback                            build/stm32f4xx_hal_gpio.o
HAL_GPIO_EXTI_IRQHandler                          build/stm32f4xx_hal_gpio.o
HAL_GPIO_Init                                     build/stm32f4xx_hal_gpio.o
                                                  build/usart.o
                                                  build/encoder.o
                                                  build/stm32f4xx_hal_rcc.o
HAL_GPIO_LockPin                                  build/stm32f4xx_hal_gpio.o
HAL_GPIO_ReadPin                                  build/stm32f4xx_hal_gpio.o
HAL_GPIO_TogglePin                                build/stm32f4xx_hal_gpio.o
HAL_GPIO_WritePin                                 build/stm32f4xx_hal_gpio.o
HAL_GetDEVID                                      build/stm32f4xx_hal.o
HAL_GetHalVersion                                 build/stm32f4xx_hal.o
HAL_GetREVID                                      build/stm32f4xx_hal.o
HAL_GetTick                                       build/stm32f4xx_hal.o
                                                  build/stm32f4xx_hal_uart.o
                                                  build/stm32f4xx_hal_rcc_ex.o
                                                  build/stm32f4xx_hal_rcc.o
                                                  build/stm32f4xx_hal_pwr_ex.o
                                                  build/stm32f4xx_hal_flash.o
                                                  build/stm32f4xx_hal_dma.o
HAL_GetTickFreq                                   build/stm32f4xx_hal.o
HAL_GetTickPrio                                   build/stm32f4xx_hal.o
HAL_GetUIDw0                                      build/stm32f4xx_hal.o
HAL_GetUIDw1                                      build/stm32f4xx_hal.o
HAL_GetUIDw2                                      build/stm32f4xx_hal.o
HAL_HalfDuplex_EnableReceiver                     build/stm32f4xx_hal_uart.o
HAL_HalfDuplex_EnableTransmitter                  build/stm32f4xx_hal_uart.o
HAL_HalfDuplex_Init                               build/stm32f4xx_hal_uart.o
HAL_IncTick                                       build/stm32f4xx_hal.o
HAL_Init                                          build/stm32f4xx_hal.o
                                                  build/main.o
HAL_InitTick                                      build/stm32f4xx_hal.o
                                                  build/stm32f4xx_hal_rcc_ex.o
                                                  build/stm32f4xx_hal_rcc.o
HAL_LIN_Init                                      build/stm32f4xx_hal_uart.o
HAL_LIN_SendBreak                                 build/stm32f4xx_hal_uart.o
HAL_MPU_ConfigRegion                              build/stm32f4xx_hal_cortex.o
HAL_MPU_Disable                                   build/stm32f4xx_hal_cortex.o
HAL_MPU_DisableRegion                             build/stm32f4xx_hal_cortex.o
HAL_MPU_Enable                                    build/stm32f4xx_hal_cortex.o
HAL_MPU_EnableRegion                              build/stm32f4xx_hal_cortex.o
HAL_MspDeInit                                     build/stm32f4xx_hal.o
HAL_MspInit                                       build/stm32f4xx_hal_msp.o
HAL_MultiProcessor_EnterMuteMode                  build/stm32f4xx_hal_uart.o
HAL_MultiProcessor_ExitMuteMode                   build/stm32f4xx_hal_uart.o
HAL_MultiProcessor_Init                           build/stm32f4xx_hal_uart.o
HAL_NVIC_ClearPendingIRQ                          build/stm32f4xx_hal_cortex.o
HAL_NVIC_DisableIRQ                               build/stm32f4xx_hal_cortex.o
HAL_NVIC_EnableIRQ                                build/stm32f4xx_hal_cortex.o
                                                  build/usart.o
                                                  build/encoder.o
HAL_NVIC_GetActive                                build/stm32f4xx_hal_cortex.o
HAL_NVIC_GetPendingIRQ                            build/stm32f4xx_hal_cortex.o
HAL_NVIC_GetPriority                              build/stm32f4xx_hal_cortex.o
HAL_NVIC_GetPriorityGrouping                      build/stm32f4xx_hal_cortex.o
HAL_NVIC_SetPendingIRQ                            build/stm32f4xx_hal_cortex.o
HAL_NVIC_SetPriority                              build/stm32f4xx_hal_cortex.o
                                                  build/usart.o
                                                  build/encoder.o
                                                  build/stm32f4xx_hal.o
HAL_NVIC_SetPriorityGrouping                      build/stm32f4xx_hal_cortex.o
                                                  build/stm32f4xx_hal.o
HAL_NVIC_SystemReset                              build/stm32f4xx_hal_cortex.o
HAL_PWREx_ControlVoltageScaling                   build/stm32f4xx_hal_pwr_ex.o
HAL_PWREx_DisableBkUpReg                          build/stm32f4xx_hal_pwr_ex.o
HAL_PWREx_DisableFlashPowerDown                   build/stm32f4xx_hal_pwr_ex.o
HAL_PWREx_EnableBkUpReg                           build/stm32f4xx_hal_pwr_ex.o
HAL_PWREx_EnableFlashPowerDown                    build/stm32f4xx_hal_pwr_ex.o
HAL_PWREx_GetVoltageRange                         build/stm32f4xx_hal_pwr_ex.o
HAL_PWR_ConfigPVD                                 build/stm32f4xx_hal_pwr.o
HAL_PWR_DeInit                                    build/stm32f4xx_hal_pwr.o
HAL_PWR_DisableBkUpAccess                         build/stm32f4xx_hal_pwr.o
HAL_PWR_DisablePVD                                build/stm32f4xx_hal_pwr.o
HAL_PWR_DisableSEVOnPend                          build/stm32f4xx_hal_pwr.o
HAL_PWR_DisableSleepOnExit                        build/stm32f4xx_hal_pwr.o
HAL_PWR_DisableWakeUpPin                          build/stm32f4xx_hal_pwr.o
HAL_PWR_EnableBkUpAccess                          build/stm32f4xx_hal_pwr.o
HAL_PWR_EnablePVD                                 build/stm32f4xx_hal_pwr.o
HAL_PWR_EnableSEVOnPend                           build/stm32f4xx_hal_pwr.o
HAL_PWR_EnableSleepOnExit                         build/stm32f4xx_hal_pwr.o
HAL_PWR_EnableWakeUpPin                           build/stm32f4xx_hal_pwr.o
HAL_PWR_EnterSLEEPMode                            build/stm32f4xx_hal_pwr.o
HAL_PWR_EnterSTANDBYMode                          build/stm32f4xx_hal_pwr.o
HAL_PWR_EnterSTOPMode                             build/stm32f4xx_hal_pwr.o
HAL_PWR_PVDCallback                               build/stm32f4xx_hal_pwr.o
HAL_PWR_PVD_IRQHandler                            build/stm32f4xx_hal_pwr.o
HAL_RCCEx_DisablePLLI2S                           build/stm32f4xx_hal_rcc_ex.o
HAL_RCCEx_EnablePLLI2S                            build/stm32f4xx_hal_rcc_ex.o
HAL_RCCEx_GetPeriphCLKConfig                      build/stm32f4xx_hal_rcc_ex.o
HAL_RCCEx_GetPeriphCLKFreq                        build/stm32f4xx_hal_rcc_ex.o
HAL_RCCEx_PeriphCLKConfig                         build/stm32f4xx_hal_rcc_ex.o
HAL_RCC_CSSCallback                               build/stm32f4xx_hal_rcc.o
HAL_RCC_ClockConfig                               build/stm32f4xx_hal_rcc.o
                                                  build/SysConfig.o
HAL_RCC_DeInit                                    build/stm32f4xx_hal_rcc_ex.o
                                                  build/stm32f4xx_hal_rcc.o
HAL_RCC_DisableCSS                                build/stm32f4xx_hal_rcc.o
HAL_RCC_EnableCSS                                 build/stm32f4xx_hal_rcc.o
HAL_RCC_GetClockConfig                            build/stm32f4xx_hal_rcc.o
HAL_RCC_GetHCLKFreq                               build/stm32f4xx_hal_rcc.o
HAL_RCC_GetOscConfig                              build/stm32f4xx_hal_rcc.o
HAL_RCC_GetPCLK1Freq                              build/stm32f4xx_hal_rcc.o
                                                  build/stm32f4xx_hal_uart.o
HAL_RCC_GetPCLK2Freq                              build/stm32f4xx_hal_rcc.o
                                                  build/stm32f4xx_hal_uart.o
HAL_RCC_GetSysClockFreq                           build/stm32f4xx_hal_rcc.o
HAL_RCC_MCOConfig                                 build/stm32f4xx_hal_rcc.o
HAL_RCC_NMI_IRQHandler                            build/stm32f4xx_hal_rcc.o
HAL_RCC_OscConfig                                 build/stm32f4xx_hal_rcc.o
                                                  build/SysConfig.o
HAL_ResumeTick                                    build/stm32f4xx_hal.o
HAL_SYSTICK_CLKSourceConfig                       build/stm32f4xx_hal_cortex.o
HAL_SYSTICK_Callback                              build/stm32f4xx_hal_cortex.o
HAL_SYSTICK_Config                                build/stm32f4xx_hal_cortex.o
                                                  build/stm32f4xx_hal.o
HAL_SYSTICK_IRQHandler                            build/stm32f4xx_hal_cortex.o
HAL_SetTickFreq                                   build/stm32f4xx_hal.o
HAL_SuspendTick                                   build/stm32f4xx_hal.o
HAL_TIMEx_BreakCallback                           build/stm32f4xx_hal_tim_ex.o
                                                  build/stm32f4xx_hal_tim.o
HAL_TIMEx_CommutCallback                          build/stm32f4xx_hal_tim_ex.o
                                                  build/stm32f4xx_hal_tim.o
HAL_TIMEx_CommutHalfCpltCallback                  build/stm32f4xx_hal_tim_ex.o
HAL_TIMEx_ConfigBreakDeadTime                     build/stm32f4xx_hal_tim_ex.o
HAL_TIMEx_ConfigCommutEvent                       build/stm32f4xx_hal_tim_ex.o
HAL_TIMEx_ConfigCommutEvent_DMA                   build/stm32f4xx_hal_tim_ex.o
HAL_TIMEx_ConfigCommutEvent_IT                    build/stm32f4xx_hal_tim_ex.o
HAL_TIMEx_GetChannelNState                        build/stm32f4xx_hal_tim_ex.o
HAL_TIMEx_HallSensor_DeInit                       build/stm32f4xx_hal_tim_ex.o
HAL_TIMEx_HallSensor_GetState                     build/stm32f4xx_hal_tim_ex.o
HAL_TIMEx_HallSensor_Init                         build/stm32f4xx_hal_tim_ex.o
HAL_TIMEx_HallSensor_MspDeInit                    build/stm32f4xx_hal_tim_ex.o
HAL_TIMEx_HallSensor_MspInit                      build/stm32f4xx_hal_tim_ex.o
HAL_TIMEx_HallSensor_Start                        build/stm32f4xx_hal_tim_ex.o
HAL_TIMEx_HallSensor_Start_DMA                    build/stm32f4xx_hal_tim_ex.o
HAL_TIMEx_HallSensor_Start_IT                     build/stm32f4xx_hal_tim_ex.o
HAL_TIMEx_HallSensor_Stop                         build/stm32f4xx_hal_tim_ex.o
HAL_TIMEx_HallSensor_Stop_DMA                     build/stm32f4xx_hal_tim_ex.o
HAL_TIMEx_HallSensor_Stop_IT                      build/stm32f4xx_hal_tim_ex.o
HAL_TIMEx_MasterConfigSynchronization             build/stm32f4xx_hal_tim_ex.o
                                                  build/encoder.o
HAL_TIMEx_OCN_Start                               build/stm32f4xx_hal_tim_ex.o
HAL_TIMEx_OCN_Start_DMA                           build/stm32f4xx_hal_tim_ex.o
HAL_TIMEx_OCN_Start_IT                            build/stm32f4xx_hal_tim_ex.o
HAL_TIMEx_OCN_Stop                                build/stm32f4xx_hal_tim_ex.o
HAL_TIMEx_OCN_Stop_DMA                            build/stm32f4xx_hal_tim_ex.o
HAL_TIMEx_OCN_Stop_IT                             build/stm32f4xx_hal_tim_ex.o
HAL_TIMEx_OnePulseN_Start                         build/stm32f4xx_hal_tim_ex.o
HAL_TIMEx_OnePulseN_Start_IT                      build/stm32f4xx_hal_tim_ex.o
HAL_TIMEx_OnePulseN_Stop                          build/stm32f4xx_hal_tim_ex.o
HAL_TIMEx_OnePulseN_Stop_IT                       build/stm32f4xx_hal_tim_ex.o
HAL_TIMEx_PWMN_Start                              build/stm32f4xx_hal_tim_ex.o
HAL_TIMEx_PWMN_Start_DMA                          build/stm32f4xx_hal_tim_ex.o
HAL_TIMEx_PWMN_Start_IT                           build/stm32f4xx_hal_tim_ex.o
HAL_TIMEx_PWMN_Stop                               build/stm32f4xx_hal_tim_ex.o
HAL_TIMEx_PWMN_Stop_DMA                           build/stm32f4xx_hal_tim_ex.o
HAL_TIMEx_PWMN_Stop_IT                            build/stm32f4xx_hal_tim_ex.o
HAL_TIMEx_RemapConfig                             build/stm32f4xx_hal_tim_ex.o
HAL_TIM_Base_DeInit                               build/stm32f4xx_hal_tim.o
HAL_TIM_Base_GetState                             build/stm32f4xx_hal_tim.o
HAL_TIM_Base_Init                                 build/stm32f4xx_hal_tim.o
HAL_TIM_Base_MspDeInit                            build/stm32f4xx_hal_tim.o
HAL_TIM_Base_MspInit                              build/stm32f4xx_hal_tim.o
HAL_TIM_Base_Start                                build/stm32f4xx_hal_tim.o
HAL_TIM_Base_Start_DMA                            build/stm32f4xx_hal_tim.o
HAL_TIM_Base_Start_IT                             build/stm32f4xx_hal_tim.o
HAL_TIM_Base_Stop                                 build/stm32f4xx_hal_tim.o
HAL_TIM_Base_Stop_DMA                             build/stm32f4xx_hal_tim.o
HAL_TIM_Base_Stop_IT                              build/stm32f4xx_hal_tim.o
HAL_TIM_ConfigClockSource                         build/stm32f4xx_hal_tim.o
HAL_TIM_ConfigOCrefClear                          build/stm32f4xx_hal_tim.o
HAL_TIM_ConfigTI1Input                            build/stm32f4xx_hal_tim.o
HAL_TIM_DMABurstState                             build/stm32f4xx_hal_tim.o
HAL_TIM_DMABurst_MultiReadStart                   build/stm32f4xx_hal_tim.o
HAL_TIM_DMABurst_MultiWriteStart                  build/stm32f4xx_hal_tim.o
HAL_TIM_DMABurst_ReadStart                        build/stm32f4xx_hal_tim.o
HAL_TIM_DMABurst_ReadStop                         build/stm32f4xx_hal_tim.o
HAL_TIM_DMABurst_WriteStart                       build/stm32f4xx_hal_tim.o
HAL_TIM_DMABurst_WriteStop                        build/stm32f4xx_hal_tim.o
HAL_TIM_Encoder_DeInit                            build/stm32f4xx_hal_tim.o
HAL_TIM_Encoder_GetState                          build/stm32f4xx_hal_tim.o
HAL_TIM_Encoder_Init                              build/stm32f4xx_hal_tim.o
                                                  build/encoder.o
HAL_TIM_Encoder_MspDeInit                         build/stm32f4xx_hal_tim.o
HAL_TIM_Encoder_MspInit                           build/encoder.o
                                                  build/stm32f4xx_hal_tim.o
HAL_TIM_Encoder_Start                             build/stm32f4xx_hal_tim.o
HAL_TIM_Encoder_Start_DMA                         build/stm32f4xx_hal_tim.o
HAL_TIM_Encoder_Start_IT                          build/stm32f4xx_hal_tim.o
                                                  build/encoder.o
HAL_TIM_Encoder_Stop                              build/stm32f4xx_hal_tim.o
HAL_TIM_Encoder_Stop_DMA                          build/stm32f4xx_hal_tim.o
HAL_TIM_Encoder_Stop_IT                           build/stm32f4xx_hal_tim.o
HAL_TIM_ErrorCallback                             build/stm32f4xx_hal_tim.o
                                                  build/stm32f4xx_hal_tim_ex.o
HAL_TIM_GenerateEvent                             build/stm32f4xx_hal_tim.o
HAL_TIM_GetActiveChannel                          build/stm32f4xx_hal_tim.o
HAL_TIM_GetChannelState                           build/stm32f4xx_hal_tim.o
HAL_TIM_IC_CaptureCallback                        build/encoder.o
                                                  build/stm32f4xx_hal_tim.o
HAL_TIM_IC_CaptureHalfCpltCallback                build/stm32f4xx_hal_tim.o
HAL_TIM_IC_ConfigChannel                          build/stm32f4xx_hal_tim.o
HAL_TIM_IC_DeInit                                 build/stm32f4xx_hal_tim.o
HAL_TIM_IC_GetState                               build/stm32f4xx_hal_tim.o
HAL_TIM_IC_Init                                   build/stm32f4xx_hal_tim.o
HAL_TIM_IC_MspDeInit                              build/stm32f4xx_hal_tim.o
HAL_TIM_IC_MspInit                                build/stm32f4xx_hal_tim.o
HAL_TIM_IC_Start                                  build/stm32f4xx_hal_tim.o
HAL_TIM_IC_Start_DMA                              build/stm32f4xx_hal_tim.o
HAL_TIM_IC_Start_IT                               build/stm32f4xx_hal_tim.o
HAL_TIM_IC_Stop                                   build/stm32f4xx_hal_tim.o
HAL_TIM_IC_Stop_DMA                               build/stm32f4xx_hal_tim.o
HAL_TIM_IC_Stop_IT                                build/stm32f4xx_hal_tim.o
HAL_TIM_IRQHandler                                build/stm32f4xx_hal_tim.o
                                                  build/encoder.o
HAL_TIM_OC_ConfigChannel                          build/stm32f4xx_hal_tim.o
HAL_TIM_OC_DeInit                                 build/stm32f4xx_hal_tim.o
HAL_TIM_OC_DelayElapsedCallback                   build/stm32f4xx_hal_tim.o
HAL_TIM_OC_GetState                               build/stm32f4xx_hal_tim.o
HAL_TIM_OC_Init                                   build/stm32f4xx_hal_tim.o
HAL_TIM_OC_MspDeInit                              build/stm32f4xx_hal_tim.o
HAL_TIM_OC_MspInit                                build/stm32f4xx_hal_tim.o
HAL_TIM_OC_Start                                  build/stm32f4xx_hal_tim.o
HAL_TIM_OC_Start_DMA                              build/stm32f4xx_hal_tim.o
HAL_TIM_OC_Start_IT                               build/stm32f4xx_hal_tim.o
HAL_TIM_OC_Stop                                   build/stm32f4xx_hal_tim.o
HAL_TIM_OC_Stop_DMA                               build/stm32f4xx_hal_tim.o
HAL_TIM_OC_Stop_IT                                build/stm32f4xx_hal_tim.o
HAL_TIM_OnePulse_ConfigChannel                    build/stm32f4xx_hal_tim.o
HAL_TIM_OnePulse_DeInit                           build/stm32f4xx_hal_tim.o
HAL_TIM_OnePulse_GetState                         build/stm32f4xx_hal_tim.o
HAL_TIM_OnePulse_Init                             build/stm32f4xx_hal_tim.o
HAL_TIM_OnePulse_MspDeInit                        build/stm32f4xx_hal_tim.o
HAL_TIM_OnePulse_MspInit                          build/stm32f4xx_hal_tim.o
HAL_TIM_OnePulse_Start                            build/stm32f4xx_hal_tim.o
HAL_TIM_OnePulse_Start_IT                         build/stm32f4xx_hal_tim.o
HAL_TIM_OnePulse_Stop                             build/stm32f4xx_hal_tim.o
HAL_TIM_OnePulse_Stop_IT                          build/stm32f4xx_hal_tim.o
HAL_TIM_PWM_ConfigChannel                         build/stm32f4xx_hal_tim.o
HAL_TIM_PWM_DeInit                                build/stm32f4xx_hal_tim.o
HAL_TIM_PWM_GetState                              build/stm32f4xx_hal_tim.o
HAL_TIM_PWM_Init                                  build/stm32f4xx_hal_tim.o
HAL_TIM_PWM_MspDeInit                             build/stm32f4xx_hal_tim.o
HAL_TIM_PWM_MspInit                               build/stm32f4xx_hal_tim.o
HAL_TIM_PWM_PulseFinishedCallback                 build/stm32f4xx_hal_tim.o
                                                  build/stm32f4xx_hal_tim_ex.o
HAL_TIM_PWM_PulseFinishedHalfCpltCallback         build/stm32f4xx_hal_tim.o
HAL_TIM_PWM_Start                                 build/stm32f4xx_hal_tim.o
HAL_TIM_PWM_Start_DMA                             build/stm32f4xx_hal_tim.o
HAL_TIM_PWM_Start_IT                              build/stm32f4xx_hal_tim.o
HAL_TIM_PWM_Stop                                  build/stm32f4xx_hal_tim.o
HAL_TIM_PWM_Stop_DMA                              build/stm32f4xx_hal_tim.o
HAL_TIM_PWM_Stop_IT                               build/stm32f4xx_hal_tim.o
HAL_TIM_PeriodElapsedCallback                     build/stm32f4xx_hal_tim.o